 unzipDOCX

 Timestamp is 69737f63 (Fri Jan 23 17:02:11 2026)

 Preferred load address is 0000000140000000

 Start         Length     Name                   Class
 0001:00000000 000046e9H .text                   CODE
 0001:000046f0 00000019H .text$_ZNSt3__112basic_stringIcNS_11char_traitsIcEENS_9allocatorIcEEEC1B6v15007Ev CODE
 0001:00004710 00000046H .text$_ZNSt3__1plB6v15007IcNS_11char_traitsIcEENS_9allocatorIcEEEENS_12basic_stringIT_T0_T1_EEOS9_RKS9_ CODE
 0001:00004760 00000046H .text$_ZNSt3__1plB6v15007IcNS_11char_traitsIcEENS_9allocatorIcEEEENS_12basic_stringIT_T0_T1_EEOS9_PKS6_ CODE
 0001:000047b0 00000019H .text$_ZNKSt3__112basic_stringIcNS_11char_traitsIcEENS_9allocatorIcEEE5c_strB6v15007Ev CODE
 0001:000047d0 00000019H .text$_ZNKSt3__112basic_stringIcNS_11char_traitsIcEENS_9allocatorIcEEE6lengthB6v15007Ev CODE
 0001:000047f0 00000022H .text$_ZNSt3__112basic_stringIcNS_11char_traitsIcEENS_9allocatorIcEEEixB6v15007Ey CODE
 0001:00004820 00000023H .text$_ZNSt3__112basic_stringIcNS_11char_traitsIcEENS_9allocatorIcEEEC1B6v15007EOS5_ CODE
 0001:00004850 0000003fH .text$_ZNSt3__113basic_fstreamIcNS_11char_traitsIcEEEC1B6v15007ERKNS_4__fs10filesystem4pathEj CODE
 0001:00004890 0000005fH .text$_ZNKSt3__14__fs10filesystem4path11parent_pathB6v15007Ev CODE
 0001:000048f0 0000004dH .text$_ZNKSt3__14__fs10filesystem4path6stringB6v15007Ev CODE
 0001:00004940 00000019H .text$_ZNSt3__14__fs10filesystem4pathD1B6v15007Ev CODE
 0001:00004960 00000179H .text$_ZNSt3__113basic_fstreamIcNS_11char_traitsIcEEEC1ERKNS_12basic_stringIcS2_NS_9allocatorIcEEEEj CODE
 0001:00004ae0 0000001dH .text$_ZNKSt3__19basic_iosIcNS_11char_traitsIcEEE3eofB6v15007Ev CODE
 0001:00004b00 00000050H .text$_ZNSt3__17getlineB6v15007IcNS_11char_traitsIcEENS_9allocatorIcEEEERNS_13basic_istreamIT_T0_EES9_RNS_12basic_stringIS6_S7_T1_EE CODE
 0001:00004b50 00000049H .text$_ZNSt3__1lsIcNS_11char_traitsIcEENS_9allocatorIcEEEERNS_13basic_ostreamIT_T0_EES9_RKNS_12basic_stringIS6_S7_T1_EE CODE
 0001:00004ba0 0000001dH .text$_ZNSt3__113basic_ostreamIcNS_11char_traitsIcEEElsB6v15007EPFRS3_S4_E CODE
 0001:00004bc0 00000049H .text$_ZNSt3__14endlIcNS_11char_traitsIcEEEERNS_13basic_ostreamIT_T0_EES7_ CODE
 0001:00004c10 00000042H .text$_ZNSt3__113basic_fstreamIcNS_11char_traitsIcEEE5closeEv CODE
 0001:00004c60 00000046H .text$_ZNSt3__1plB6v15007IcNS_11char_traitsIcEENS_9allocatorIcEEEENS_12basic_stringIT_T0_T1_EEOS9_SA_ CODE
 0001:00004cb0 0000004aH .text$_ZNSt3__1plB6v15007IcNS_11char_traitsIcEENS_9allocatorIcEEEENS_12basic_stringIT_T0_T1_EEPKS6_OS9_ CODE
 0001:00004d00 0000005fH .text$_ZNKSt3__14__fs10filesystem4path8filenameB6v15007Ev CODE
 0001:00004d60 00000036H .text$_ZNSt3__113basic_fstreamIcNS_11char_traitsIcEEED1Ev CODE
 0001:00004da0 00000075H .text$_ZN3Vcl5Forms5TFormC3EPN6System7Classes10TComponentE CODE
 0001:00004e20 00000044H .text$_ZN6System11AnsiStringTILt0EEC1ERKNS_13UnicodeStringE CODE
 0001:00004e70 00000043H .text$_ZNK6System11AnsiStringTILt0EE5c_strEv CODE
 0001:00004ec0 00000023H .text$_ZNSt3__112basic_stringIcNS_11char_traitsIcEENS_9allocatorIcEEEaSB6v15007EPKc CODE
 0001:00004ef0 00000019H .text$_ZN6System11AnsiStringTILt0EED1Ev CODE
 0001:00004f10 0000002dH .text$_ZNSt3__14__fs10filesystem4pathC1B6v15007INS_12basic_stringIcNS_11char_traitsIcEENS_9allocatorIcEEEEvEERKT_NS2_6formatE CODE
 0001:00004f40 00000179H .text$_ZNKSt3__14__fs10filesystem4path8u8stringB6v15007Ev CODE
 0001:000050c0 00000031H .text$_ZNSt3__112basic_stringIcNS_11char_traitsIcEENS_9allocatorIcEEEaSB6v15007EOS5_ CODE
 0001:00005100 00000024H .text$_ZNSt3__14__fs10filesystem12current_pathB6v15007Ev CODE
 0001:00005130 00000125H .text$_ZNSt3__1plB6v15007IcNS_11char_traitsIcEENS_9allocatorIcEEEENS_12basic_stringIT_T0_T1_EERKS9_PKS6_ CODE
 0001:00005260 00000032H .text$_ZNSt3__14__fs10filesystem28recursive_directory_iteratorC1B6v15007ERKNS1_4pathENS1_17directory_optionsE CODE
 0001:000052a0 00000020H .text$_ZNSt3__14__fs10filesystem5beginB6v15007ENS1_28recursive_directory_iteratorE CODE
 0001:000052c0 00000023H .text$_ZNSt3__14__fs10filesystem28recursive_directory_iteratorC1ERKS2_ CODE
 0001:000052f0 00000019H .text$_ZNSt3__14__fs10filesystem28recursive_directory_iteratorD1Ev CODE
 0001:00005310 00000020H .text$_ZNSt3__14__fs10filesystem3endB6v15007ENS1_28recursive_directory_iteratorE CODE
 0001:00005330 00000029H .text$_ZNSt3__14__fs10filesystemneB6v15007ERKNS1_28recursive_directory_iteratorES4_ CODE
 0001:00005360 00000019H .text$_ZNKSt3__14__fs10filesystem28recursive_directory_iteratordeB6v15007Ev CODE
 0001:00005380 0000000bH .text$_ZNKSt3__14__fs10filesystem15directory_entrycvRKNS1_4pathEB6v15007Ev CODE
 0001:00005390 00000023H .text$_ZNSt3__14__fs10filesystem4pathC1B6v15007ERKS2_ CODE
 0001:000053c0 00000043H .text$_ZNSt3__14__fs10filesystem12is_directoryB6v15007ERKNS1_4pathE CODE
 0001:00005410 00000043H .text$_ZNSt3__14__fs10filesystem15is_regular_fileB6v15007ERKNS1_4pathE CODE
 0001:00005460 00000061H .text$_ZNSt3__14__fs10filesystemneB6v15007ERKNS1_4pathES4_ CODE
 0001:000054d0 0000005fH .text$_ZNKSt3__14__fs10filesystem4path9extensionB6v15007Ev CODE
 0001:00005530 0000002dH .text$_ZNSt3__14__fs10filesystem4pathC1B6v15007IA5_cvEERKT_NS2_6formatE CODE
 0001:00005560 0000001dH .text$_ZNSt3__14__fs10filesystem28recursive_directory_iteratorppEv CODE
 0001:00005580 00000078H .text$_ZNKSt3__112basic_stringIcNS_11char_traitsIcEENS_9allocatorIcEEE5rfindB6v15007EPKcy CODE
 0001:00005600 0000002dH .text$_ZNSt3__112basic_stringIcNS_11char_traitsIcEENS_9allocatorIcEEEC1B6v15007IPcvEET_S8_ CODE
 0001:00005630 0000004cH .text$_ZN6TForm1D0Ev    CODE
 0001:00005680 0000007fH .text$_ZN3Vcl5Forms5TFormC3EPN6System7Classes10TComponentEi CODE
 0001:00005700 00000091H .text$_ZN3Vcl5Forms5TFormC3EPN6System7Classes10TComponentEii CODE
 0001:000057a0 00000023H .text$_ZNSt3__112basic_stringIwNS_11char_traitsIwEENS_9allocatorIwEEEC1INS_17basic_string_viewIwS2_EEvEERKT_ CODE
 0001:000057d0 0000002dH .text$_ZNSt3__14__fs10filesystem4pathC1B6v15007EONS_12basic_stringIwNS_11char_traitsIwEENS_9allocatorIwEEEENS2_6formatE CODE
 0001:00005800 00000078H .text$_ZNSt3__112basic_stringIwNS_11char_traitsIwEENS_9allocatorIwEEEC2INS_17basic_string_viewIwS2_EEvEERKT_ CODE
 0001:00005880 0000002dH .text$_ZNSt3__117__compressed_pairINS_12basic_stringIwNS_11char_traitsIwEENS_9allocatorIwEEE5__repES5_EC1B6v15007INS_18__default_init_tagESA_EEOT_OT0_ CODE
 0001:000058b0 0000000eH .text$_ZNKSt3__117basic_string_viewIwNS_11char_traitsIwEEE4dataB6v15007Ev CODE
 0001:000058c0 0000000fH .text$_ZNKSt3__117basic_string_viewIwNS_11char_traitsIwEEE4sizeB6v15007Ev CODE
 0001:000058d0 00000007H .text$_ZNSt3__119__debug_db_insert_cB6v15007INS_12basic_stringIwNS_11char_traitsIwEENS_9allocatorIwEEEEEEvPT_ CODE
 0001:000058e0 0000003aH .text$_ZNSt3__117__compressed_pairINS_12basic_stringIwNS_11char_traitsIwEENS_9allocatorIwEEE5__repES5_EC2B6v15007INS_18__default_init_tagESA_EEOT_OT0_ CODE
 0001:00005920 00000011H .text$_ZNSt3__122__compressed_pair_elemINS_12basic_stringIwNS_11char_traitsIwEENS_9allocatorIwEEE5__repELi0ELb0EEC2B6v15007ENS_18__default_init_tagE CODE
 0001:00005940 0000001dH .text$_ZNSt3__122__compressed_pair_elemINS_9allocatorIwEELi1ELb1EEC2B6v15007ENS_18__default_init_tagE CODE
 0001:00005960 00000019H .text$_ZNSt3__19allocatorIwEC2B6v15007Ev CODE
 0001:00005980 00000007H .text$_ZNSt3__116__non_trivial_ifILb1ENS_9allocatorIwEEEC2B6v15007Ev CODE
 0001:00005990 00000028H .text$_ZNSt3__14__fs10filesystem4pathC2B6v15007EONS_12basic_stringIwNS_11char_traitsIwEENS_9allocatorIwEEEENS2_6formatE CODE
 0001:000059c0 00000023H .text$_ZNSt3__112basic_stringIwNS_11char_traitsIwEENS_9allocatorIwEEEC1B6v15007EOS5_ CODE
 0001:000059f0 00000082H .text$_ZNSt3__112basic_stringIwNS_11char_traitsIwEENS_9allocatorIwEEEC2B6v15007EOS5_ CODE
 0001:00005a80 00000019H .text$_ZNSt3__112basic_stringIwNS_11char_traitsIwEENS_9allocatorIwEEE14__default_initB6v15007Ev CODE
 0001:00005aa0 0000000eH .text$__clang_call_terminate CODE
 0001:00005ab0 00000026H .text$_ZNKSt3__112basic_stringIwNS_11char_traitsIwEENS_9allocatorIwEEE9__is_longB6v15007Ev CODE
 0001:00005ae0 00000012H .text$_ZNSt3__115__debug_db_swapB6v15007INS_12basic_stringIwNS_11char_traitsIwEENS_9allocatorIwEEEEEEvPT_S8_ CODE
 0001:00005b00 0000004eH .text$_ZNSt3__112basic_stringIwNS_11char_traitsIwEENS_9allocatorIwEEE6__zeroB6v15007Ev CODE
 0001:00005b50 00000019H .text$_ZNSt3__117__compressed_pairINS_12basic_stringIwNS_11char_traitsIwEENS_9allocatorIwEEE5__repES5_E5firstB6v15007Ev CODE
 0001:00005b70 0000000bH .text$_ZNSt3__122__compressed_pair_elemINS_12basic_stringIwNS_11char_traitsIwEENS_9allocatorIwEEE5__repELi0ELb0EE5__getB6v15007Ev CODE
 0001:00005b80 00000019H .text$_ZNKSt3__117__compressed_pairINS_12basic_stringIwNS_11char_traitsIwEENS_9allocatorIwEEE5__repES5_E5firstB6v15007Ev CODE
 0001:00005ba0 0000000bH .text$_ZNKSt3__122__compressed_pair_elemINS_12basic_stringIwNS_11char_traitsIwEENS_9allocatorIwEEE5__repELi0ELb0EE5__getB6v15007Ev CODE
 0001:00005bb0 000000c8H .text$_ZNKSt3__14__fs10filesystem4path6stringB6v15007IcNS_11char_traitsIcEENS_9allocatorIcEEEENS_12basic_stringIT_T0_T1_EERKSB_ CODE
 0001:00005c80 00000019H .text$_ZNSt3__19allocatorIcEC1B6v15007Ev CODE
 0001:00005ca0 00000023H .text$_ZNSt3__112basic_stringIcNS_11char_traitsIcEENS_9allocatorIcEEEC1B6v15007ERKS4_ CODE
 0001:00005cd0 00000052H .text$_ZNKSt3__112basic_stringIwNS_11char_traitsIwEENS_9allocatorIwEEE4sizeB6v15007Ev CODE
 0001:00005d30 00000074H .text$_ZNSt3__14__fs10filesystem11_PathExportIcE8__appendB6v15007INS_12basic_stringIcNS_11char_traitsIcEENS_9allocatorIcEEEEEEvRT_RKNS5_IwNS6_IwEENS8_IwEEEE CODE
 0001:00005db0 00000058H .text$_ZNSt3__112basic_stringIcNS_11char_traitsIcEENS_9allocatorIcEEEC2B6v15007ERKS4_ CODE
 0001:00005e10 0000002dH .text$_ZNSt3__117__compressed_pairINS_12basic_stringIcNS_11char_traitsIcEENS_9allocatorIcEEE5__repES5_EC1B6v15007INS_18__default_init_tagERKS5_EEOT_OT0_ CODE
 0001:00005e40 00000007H .text$_ZNSt3__119__debug_db_insert_cB6v15007INS_12basic_stringIcNS_11char_traitsIcEENS_9allocatorIcEEEEEEvPT_ CODE
 0001:00005e50 00000019H .text$_ZNSt3__112basic_stringIcNS_11char_traitsIcEENS_9allocatorIcEEE14__default_initB6v15007Ev CODE
 0001:00005e70 0000003bH .text$_ZNSt3__117__compressed_pairINS_12basic_stringIcNS_11char_traitsIcEENS_9allocatorIcEEE5__repES5_EC2B6v15007INS_18__default_init_tagERKS5_EEOT_OT0_ CODE
 0001:00005eb0 00000011H .text$_ZNSt3__122__compressed_pair_elemINS_12basic_stringIcNS_11char_traitsIcEENS_9allocatorIcEEE5__repELi0ELb0EEC2B6v15007ENS_18__default_init_tagE CODE
 0001:00005ed0 00000012H .text$_ZNSt3__122__compressed_pair_elemINS_9allocatorIcEELi1ELb1EEC2B6v15007IRKS2_vEEOT_ CODE
 0001:00005ef0 0000004eH .text$_ZNSt3__112basic_stringIcNS_11char_traitsIcEENS_9allocatorIcEEE6__zeroB6v15007Ev CODE
 0001:00005f40 00000019H .text$_ZNSt3__117__compressed_pairINS_12basic_stringIcNS_11char_traitsIcEENS_9allocatorIcEEE5__repES5_E5firstB6v15007Ev CODE
 0001:00005f60 0000000bH .text$_ZNSt3__122__compressed_pair_elemINS_12basic_stringIcNS_11char_traitsIcEENS_9allocatorIcEEE5__repELi0ELb0EE5__getB6v15007Ev CODE
 0001:00005f70 0000001cH .text$_ZNKSt3__112basic_stringIwNS_11char_traitsIwEENS_9allocatorIwEEE15__get_long_sizeB6v15007Ev CODE
 0001:00005f90 00000020H .text$_ZNKSt3__112basic_stringIwNS_11char_traitsIwEENS_9allocatorIwEEE16__get_short_sizeB6v15007Ev CODE
 0001:00005fb0 00000052H .text$_ZNKSt3__112basic_stringIcNS_11char_traitsIcEENS_9allocatorIcEEE4sizeB6v15007Ev CODE
 0001:00006010 00000026H .text$_ZNSt3__112basic_stringIcNS_11char_traitsIcEENS_9allocatorIcEEE6resizeB6v15007Ey CODE
 0001:00006040 00000021H .text$_ZNSt3__112basic_stringIcNS_11char_traitsIcEENS_9allocatorIcEEE4dataB6v15007Ev CODE
 0001:00006070 00000026H .text$_ZNKSt3__112basic_stringIcNS_11char_traitsIcEENS_9allocatorIcEEE9__is_longB6v15007Ev CODE
 0001:000060a0 0000001cH .text$_ZNKSt3__112basic_stringIcNS_11char_traitsIcEENS_9allocatorIcEEE15__get_long_sizeB6v15007Ev CODE
 0001:000060c0 00000020H .text$_ZNKSt3__112basic_stringIcNS_11char_traitsIcEENS_9allocatorIcEEE16__get_short_sizeB6v15007Ev CODE
 0001:000060e0 00000019H .text$_ZNKSt3__117__compressed_pairINS_12basic_stringIcNS_11char_traitsIcEENS_9allocatorIcEEE5__repES5_E5firstB6v15007Ev CODE
 0001:00006100 0000000bH .text$_ZNKSt3__122__compressed_pair_elemINS_12basic_stringIcNS_11char_traitsIcEENS_9allocatorIcEEE5__repELi0ELb0EE5__getB6v15007Ev CODE
 0001:00006110 0000000bH .text$_ZNSt3__112__to_addressB6v15007IcEEPT_S2_ CODE
 0001:00006120 00000052H .text$_ZNSt3__112basic_stringIcNS_11char_traitsIcEENS_9allocatorIcEEE13__get_pointerB6v15007Ev CODE
 0001:00006180 0000001cH .text$_ZNSt3__112basic_stringIcNS_11char_traitsIcEENS_9allocatorIcEEE18__get_long_pointerB6v15007Ev CODE
 0001:000061a0 00000025H .text$_ZNSt3__112basic_stringIcNS_11char_traitsIcEENS_9allocatorIcEEE19__get_short_pointerB6v15007Ev CODE
 0001:000061d0 0000000bH .text$_ZNSt3__114pointer_traitsIPcE10pointer_toB6v15007ERc CODE
 0001:000061e0 00000019H .text$_ZNSt3__19allocatorIcEC2B6v15007Ev CODE
 0001:00006200 00000007H .text$_ZNSt3__116__non_trivial_ifILb1ENS_9allocatorIcEEEC2B6v15007Ev CODE
 0001:00006210 00000019H .text$_ZNSt3__14__fs10filesystem4pathD2B6v15007Ev CODE
 0001:00006230 00000061H .text$_ZNSt3__113basic_fstreamIcNS_11char_traitsIcEEED2Ev CODE
 0001:000062a0 00000013H .text$_ZThn16_NSt3__113basic_fstreamIcNS_11char_traitsIcEEED1Ev CODE
 0001:000062c0 00000019H .text$_ZTv0_n24_NSt3__113basic_fstreamIcNS_11char_traitsIcEEED1Ev CODE
 0001:000062e0 00000028H .text$_ZNSt3__113basic_fstreamIcNS_11char_traitsIcEEED0Ev CODE
 0001:00006310 00000013H .text$_ZThn16_NSt3__113basic_fstreamIcNS_11char_traitsIcEEED0Ev CODE
 0001:00006330 00000019H .text$_ZTv0_n24_NSt3__113basic_fstreamIcNS_11char_traitsIcEEED0Ev CODE
 0001:00006350 00000019H .text$_ZNSt3__113basic_filebufIcNS_11char_traitsIcEEED1Ev CODE
 0001:00006370 000000deH .text$_ZNSt3__113basic_filebufIcNS_11char_traitsIcEEED2Ev CODE
 0001:00006450 00000112H .text$_ZNSt3__113basic_filebufIcNS_11char_traitsIcEEE5closeEv CODE
 0001:00006570 00000028H .text$_ZNSt3__113basic_filebufIcNS_11char_traitsIcEEED0Ev CODE
 0001:000065a0 000001c9H .text$_ZNSt3__113basic_filebufIcNS_11char_traitsIcEEE5imbueERKNS_6localeE CODE
 0001:00006770 00000202H .text$_ZNSt3__113basic_filebufIcNS_11char_traitsIcEEE6setbufEPcx CODE
 0001:00006980 000001e4H .text$_ZNSt3__113basic_filebufIcNS_11char_traitsIcEEE7seekoffExNS_8ios_base7seekdirEj CODE
 0001:00006b70 000000efH .text$_ZNSt3__113basic_filebufIcNS_11char_traitsIcEEE7seekposENS_4fposI9_MbstatetEEj CODE
 0001:00006c60 0000043aH .text$_ZNSt3__113basic_filebufIcNS_11char_traitsIcEEE4syncEv CODE
 0001:000070a0 0000069bH .text$_ZNSt3__113basic_filebufIcNS_11char_traitsIcEEE9underflowEv CODE
 0001:00007740 00000129H .text$_ZNSt3__113basic_filebufIcNS_11char_traitsIcEEE9pbackfailEi CODE
 0001:00007870 000004c9H .text$_ZNSt3__113basic_filebufIcNS_11char_traitsIcEEE8overflowEi CODE
 0001:00007d40 0000002dH .text$_ZNSt3__110unique_ptrI6_iobufPFiPS1_EEC1B6v15007ILb1EvEES2_NS_16__dependent_typeINS_27__unique_ptr_deleter_sfinaeIS4_EEXT_EE20__good_rval_ref_typeE CODE
 0001:00007d70 0000003bH .text$_ZNSt3__110unique_ptrI6_iobufPFiPS1_EE7releaseB6v15007Ev CODE
 0001:00007db0 00000019H .text$_ZNSt3__110unique_ptrI6_iobufPFiPS1_EED1B6v15007Ev CODE
 0001:00007dd0 0000003aH .text$_ZNSt3__110unique_ptrI6_iobufPFiPS1_EEC2B6v15007ILb1EvEES2_NS_16__dependent_typeINS_27__unique_ptr_deleter_sfinaeIS4_EEXT_EE20__good_rval_ref_typeE CODE
 0001:00007e10 0000002dH .text$_ZNSt3__117__compressed_pairIP6_iobufPFiS2_EEC1B6v15007IRS2_S4_EEOT_OT0_ CODE
 0001:00007e40 00000040H .text$_ZNSt3__117__compressed_pairIP6_iobufPFiS2_EEC2B6v15007IRS2_S4_EEOT_OT0_ CODE
 0001:00007e80 00000021H .text$_ZNSt3__122__compressed_pair_elemIP6_iobufLi0ELb0EEC2B6v15007IRS2_vEEOT_ CODE
 0001:00007eb0 00000021H .text$_ZNSt3__122__compressed_pair_elemIPFiP6_iobufELi1ELb0EEC2B6v15007IS4_vEEOT_ CODE
 0001:00007ee0 00000019H .text$_ZNSt3__117__compressed_pairIP6_iobufPFiS2_EE5firstB6v15007Ev CODE
 0001:00007f00 0000000bH .text$_ZNSt3__122__compressed_pair_elemIP6_iobufLi0ELb0EE5__getB6v15007Ev CODE
 0001:00007f10 0000001dH .text$_ZNSt3__110unique_ptrI6_iobufPFiPS1_EED2B6v15007Ev CODE
 0001:00007f30 00000079H .text$_ZNSt3__110unique_ptrI6_iobufPFiPS1_EE5resetB6v15007ES2_ CODE
 0001:00007fb0 0000001dH .text$_ZNSt3__117__compressed_pairIP6_iobufPFiS2_EE6secondB6v15007Ev CODE
 0001:00007fd0 0000000bH .text$_ZNSt3__122__compressed_pair_elemIPFiP6_iobufELi1ELb0EE5__getB6v15007Ev CODE
 0001:00007fe0 00000020H .text$_ZNSt3__19use_facetB6v15007INS_7codecvtIcc9_MbstatetEEEERKT_RKNS_6localeE CODE
 0001:00008000 0000001eH .text$_ZNKSt3__17codecvtIcc9_MbstatetE13always_noconvB6v15007Ev CODE
 0001:00008020 0000003bH .text$_ZNSt3__115basic_streambufIcNS_11char_traitsIcEEE4setgB6v15007EPcS4_S4_ CODE
 0001:00008060 00000031H .text$_ZNSt3__115basic_streambufIcNS_11char_traitsIcEEE4setpB6v15007EPcS4_ CODE
 0001:000080a0 00000028H .text$_ZNSt3__13maxB6v15007IxEERKT_S3_S3_ CODE
 0001:000080d0 00000057H .text$_ZNSt3__13maxB6v15007IxNS_6__lessIxxEEEERKT_S5_S5_T0_ CODE
 0001:00008130 0000002eH .text$_ZNKSt3__16__lessIxxEclB6v15007ERKxS3_ CODE
 0001:00008160 00000034H .text$_ZNSt3__116__throw_bad_castB6v15007Ev CODE
 0001:000081a0 0000001aH .text$_ZNKSt3__17codecvtIcc9_MbstatetE8encodingB6v15007Ev CODE
 0001:000081c0 00000023H .text$_ZNSt3__14fposI9_MbstatetEC1B6v15007Ex CODE
 0001:000081f0 0000001eH .text$_ZNSt3__14fposI9_MbstatetE5stateB6v15007ES1_ CODE
 0001:00008210 00000038H .text$_ZNSt3__14fposI9_MbstatetEC2B6v15007Ex CODE
 0001:00008250 0000000fH .text$_ZNKSt3__14fposI9_MbstatetEcvxB6v15007Ev CODE
 0001:00008260 0000001eH .text$_ZNKSt3__14fposI9_MbstatetE5stateB6v15007Ev CODE
 0001:00008280 0000000fH .text$_ZNKSt3__115basic_streambufIcNS_11char_traitsIcEEE4pptrB6v15007Ev CODE
 0001:00008290 0000000fH .text$_ZNKSt3__115basic_streambufIcNS_11char_traitsIcEEE5pbaseB6v15007Ev CODE
 0001:000082a0 00000006H .text$_ZNSt3__111char_traitsIcE3eofEv CODE
 0001:000082b0 00000047H .text$_ZNKSt3__17codecvtIcc9_MbstatetE7unshiftB6v15007ERS1_PcS4_RS4_ CODE
 0001:00008300 0000000fH .text$_ZNKSt3__115basic_streambufIcNS_11char_traitsIcEEE5egptrB6v15007Ev CODE
 0001:00008310 0000000fH .text$_ZNKSt3__115basic_streambufIcNS_11char_traitsIcEEE4gptrB6v15007Ev CODE
 0001:00008320 00000047H .text$_ZNKSt3__17codecvtIcc9_MbstatetE6lengthB6v15007ERS1_PKcS5_y CODE
 0001:00008370 0000000fH .text$_ZNKSt3__115basic_streambufIcNS_11char_traitsIcEEE5ebackB6v15007Ev CODE
 0001:00008380 000000b6H .text$_ZNSt3__113basic_filebufIcNS_11char_traitsIcEEE11__read_modeEv CODE
 0001:00008440 00000028H .text$_ZNSt3__13minB6v15007IyEERKT_S3_S3_ CODE
 0001:00008470 0000000cH .text$_ZNSt3__111char_traitsIcE11to_int_typeEc CODE
 0001:00008480 00000090H .text$_ZNKSt3__17codecvtIcc9_MbstatetE2inB6v15007ERS1_PKcS5_RS5_PcS7_RS7_ CODE
 0001:00008510 00000057H .text$_ZNSt3__13minB6v15007IyNS_6__lessIyyEEEERKT_S5_S5_T0_ CODE
 0001:00008570 0000002eH .text$_ZNKSt3__16__lessIyyEclB6v15007ERKyS3_ CODE
 0001:000085a0 00000019H .text$_ZNSt3__111char_traitsIcE11eq_int_typeEii CODE
 0001:000085c0 00000029H .text$_ZNSt3__115basic_streambufIcNS_11char_traitsIcEEE5gbumpB6v15007Ei CODE
 0001:000085f0 0000004fH .text$_ZNSt3__111char_traitsIcE7not_eofEi CODE
 0001:00008640 0000001fH .text$_ZNSt3__111char_traitsIcE2eqEcc CODE
 0001:00008660 0000000bH .text$_ZNSt3__111char_traitsIcE12to_char_typeEi CODE
 0001:00008670 000000c6H .text$_ZNSt3__113basic_filebufIcNS_11char_traitsIcEEE12__write_modeEv CODE
 0001:00008740 0000000fH .text$_ZNKSt3__115basic_streambufIcNS_11char_traitsIcEEE5epptrB6v15007Ev CODE
 0001:00008750 00000029H .text$_ZNSt3__115basic_streambufIcNS_11char_traitsIcEEE5pbumpB6v15007Ei CODE
 0001:00008780 00000090H .text$_ZNKSt3__17codecvtIcc9_MbstatetE3outB6v15007ERS1_PKcS5_RS5_PcS7_RS7_ CODE
 0001:00008810 00000023H .text$_ZNSt3__115basic_streambufIcNS_11char_traitsIcEEE7__pbumpB6v15007Ex CODE
 0001:00008840 00000019H .text$_ZNSt3__116__narrow_to_utf8ILy16EEC1B6v15007Ev CODE
 0001:00008860 000001aaH .text$_ZNKSt3__116__narrow_to_utf8ILy16EEclB6v15007INS_20back_insert_iteratorINS_12basic_stringIcNS_11char_traitsIcEENS_9allocatorIcEEEEEEwEET_SB_PKT0_SE_ CODE
 0001:00008a10 00000022H .text$_ZNSt3__113back_inserterB6v15007INS_12basic_stringIcNS_11char_traitsIcEENS_9allocatorIcEEEEEENS_20back_insert_iteratorIT_EERS8_ CODE
 0001:00008a40 00000021H .text$_ZNKSt3__112basic_stringIwNS_11char_traitsIwEENS_9allocatorIwEEE4dataB6v15007Ev CODE
 0001:00008a70 00000035H .text$_ZNSt3__116__narrow_to_utf8ILy16EEC2B6v15007Ev CODE
 0001:00008ab0 00000074H .text$_ZNSt3__17codecvtIDsc9_MbstatetEC2B6v15007Ey CODE
 0001:00008b30 0000003fH .text$_ZNSt3__16locale5facetC2B6v15007Ey CODE
 0001:00008b70 00000007H .text$_ZNSt3__112codecvt_baseC2B6v15007Ev CODE
 0001:00008b80 0000002cH .text$_ZNSt3__114__shared_countC2B6v15007El CODE
 0001:00008bb0 0000000bH .text$_ZNSt3__120back_insert_iteratorINS_12basic_stringIcNS_11char_traitsIcEENS_9allocatorIcEEEEEdeB6v15007Ev CODE
 0001:00008bc0 00000031H .text$_ZNSt3__120back_insert_iteratorINS_12basic_stringIcNS_11char_traitsIcEENS_9allocatorIcEEEEEaSB6v15007ERKc CODE
 0001:00008c00 0000000bH .text$_ZNSt3__120back_insert_iteratorINS_12basic_stringIcNS_11char_traitsIcEENS_9allocatorIcEEEEEppB6v15007Ev CODE
 0001:00008c10 00000023H .text$_ZNSt3__120back_insert_iteratorINS_12basic_stringIcNS_11char_traitsIcEENS_9allocatorIcEEEEEC1B6v15007ERS6_ CODE
 0001:00008c40 0000001eH .text$_ZNSt3__120back_insert_iteratorINS_12basic_stringIcNS_11char_traitsIcEENS_9allocatorIcEEEEEC2B6v15007ERS6_ CODE
 0001:00008c60 0000000bH .text$_ZNSt3__112__to_addressB6v15007IKwEEPT_S3_ CODE
 0001:00008c70 00000052H .text$_ZNKSt3__112basic_stringIwNS_11char_traitsIwEENS_9allocatorIwEEE13__get_pointerB6v15007Ev CODE
 0001:00008cd0 0000001cH .text$_ZNKSt3__112basic_stringIwNS_11char_traitsIwEENS_9allocatorIwEEE18__get_long_pointerB6v15007Ev CODE
 0001:00008cf0 00000025H .text$_ZNKSt3__112basic_stringIwNS_11char_traitsIwEENS_9allocatorIwEEE19__get_short_pointerB6v15007Ev CODE
 0001:00008d20 0000000bH .text$_ZNSt3__114pointer_traitsIPKwE10pointer_toB6v15007ERS1_ CODE
 0001:00008d30 00000023H .text$_ZNSt3__14__fs10filesystem28recursive_directory_iteratorC1EOS2_ CODE
 0001:00008d60 0000003aH .text$_ZNSt3__14__fs10filesystem28recursive_directory_iteratorC2EOS2_ CODE
 0001:00008da0 00000023H .text$_ZNSt3__110shared_ptrINS_4__fs10filesystem28recursive_directory_iterator12__shared_impEEC1B6v15007EOS5_ CODE
 0001:00008dd0 00000044H .text$_ZNSt3__110shared_ptrINS_4__fs10filesystem28recursive_directory_iterator12__shared_impEEC2B6v15007EOS5_ CODE
 0001:00008e20 0000003aH .text$_ZNSt3__14__fs10filesystem28recursive_directory_iteratorC2ERKS2_ CODE
 0001:00008e60 00000023H .text$_ZNSt3__110shared_ptrINS_4__fs10filesystem28recursive_directory_iterator12__shared_impEEC1B6v15007ERKS5_ CODE
 0001:00008e90 0000004fH .text$_ZNSt3__110shared_ptrINS_4__fs10filesystem28recursive_directory_iterator12__shared_impEEC2B6v15007ERKS5_ CODE
 0001:00008ee0 00000019H .text$_ZNSt3__119__shared_weak_count12__add_sharedB6v15007Ev CODE
 0001:00008f00 0000001dH .text$_ZNSt3__114__shared_count12__add_sharedB6v15007Ev CODE
 0001:00008f20 0000002dH .text$_ZNSt3__134__libcpp_atomic_refcount_incrementB6v15007IlEET_RS1_ CODE
 0001:00008f50 00000019H .text$_ZNSt3__14__fs10filesystem28recursive_directory_iteratorD2Ev CODE
 0001:00008f70 00000019H .text$_ZNSt3__110shared_ptrINS_4__fs10filesystem28recursive_directory_iterator12__shared_impEED1B6v15007Ev CODE
 0001:00008f90 00000032H .text$_ZNSt3__110shared_ptrINS_4__fs10filesystem28recursive_directory_iterator12__shared_impEED2B6v15007Ev CODE
 0001:00008fd0 00000035H .text$_ZNSt3__119__shared_weak_count16__release_sharedB6v15007Ev CODE
 0001:00009010 0000004dH .text$_ZNSt3__114__shared_count16__release_sharedB6v15007Ev CODE
 0001:00009060 0000002dH .text$_ZNSt3__134__libcpp_atomic_refcount_decrementB6v15007IlEET_RS1_ CODE
 0001:00009090 00000019H .text$_ZNSt3__14__fs10filesystem28recursive_directory_iteratorC1B6v15007Ev CODE
 0001:000090b0 00000026H .text$_ZNSt3__14__fs10filesystem28recursive_directory_iteratorC2B6v15007Ev CODE
 0001:000090e0 00000019H .text$_ZNSt3__110shared_ptrINS_4__fs10filesystem28recursive_directory_iterator12__shared_impEEC1B6v15007Ev CODE
 0001:00009100 0000001aH .text$_ZNSt3__110shared_ptrINS_4__fs10filesystem28recursive_directory_iterator12__shared_impEEC2B6v15007Ev CODE
 0001:00009120 00000027H .text$_ZNSt3__14__fs10filesystemeqB6v15007ERKNS1_28recursive_directory_iteratorES4_ CODE
 0001:00009150 0000003fH .text$_ZNSt3__1eqB6v15007INS_4__fs10filesystem28recursive_directory_iterator12__shared_impES4_EEbRKNS_10shared_ptrIT_EERKNS5_IT0_EE CODE
 0001:00009190 0000000eH .text$_ZNKSt3__110shared_ptrINS_4__fs10filesystem28recursive_directory_iterator12__shared_impEE3getB6v15007Ev CODE
 0001:000091a0 00000023H .text$_ZNSt3__14__fs10filesystem4pathC2B6v15007ERKS2_ CODE
 0001:000091d0 00000018H .text$_ZNSt3__14__fs10filesystem12is_directoryB6v15007ENS1_11file_statusE CODE
 0001:000091f0 00000019H .text$_ZNSt3__14__fs10filesystem11file_statusD1B6v15007Ev CODE
 0001:00009210 0000000dH .text$_ZNKSt3__14__fs10filesystem11file_status4typeB6v15007Ev CODE
 0001:00009220 00000007H .text$_ZNSt3__14__fs10filesystem11file_statusD2B6v15007Ev CODE
 0001:00009230 00000018H .text$_ZNSt3__14__fs10filesystem15is_regular_fileB6v15007ENS1_11file_statusE CODE
 0001:00009250 00000055H .text$_ZNKSt3__112basic_stringIwNS_11char_traitsIwEENS_9allocatorIwEEEcvNS_17basic_string_viewIwS2_EEB6v15007Ev CODE
 0001:000092b0 0000002dH .text$_ZNSt3__117basic_string_viewIwNS_11char_traitsIwEEEC1B6v15007EPKwy CODE
 0001:000092e0 00000051H .text$_ZNSt3__117basic_string_viewIwNS_11char_traitsIwEEEC2B6v15007EPKwy CODE
 0001:00009340 0000004cH .text$_ZN3Vcl5Forms5TFormD0Ev CODE
 0001:00009390 0000004aH .text$_ZNSt3__112basic_stringIcNS_11char_traitsIcEENS_9allocatorIcEEEC2B6v15007Ev CODE
 0001:000093e0 0000002dH .text$_ZNSt3__117__compressed_pairINS_12basic_stringIcNS_11char_traitsIcEENS_9allocatorIcEEE5__repES5_EC1B6v15007INS_18__default_init_tagESA_EEOT_OT0_ CODE
 0001:00009410 0000003aH .text$_ZNSt3__117__compressed_pairINS_12basic_stringIcNS_11char_traitsIcEENS_9allocatorIcEEE5__repES5_EC2B6v15007INS_18__default_init_tagESA_EEOT_OT0_ CODE
 0001:00009450 0000001dH .text$_ZNSt3__122__compressed_pair_elemINS_9allocatorIcEELi1ELb1EEC2B6v15007ENS_18__default_init_tagE CODE
 0001:00009470 00000021H .text$_ZNKSt3__112basic_stringIcNS_11char_traitsIcEENS_9allocatorIcEEE4dataB6v15007Ev CODE
 0001:000094a0 0000000bH .text$_ZNSt3__112__to_addressB6v15007IKcEEPT_S3_ CODE
 0001:000094b0 00000052H .text$_ZNKSt3__112basic_stringIcNS_11char_traitsIcEENS_9allocatorIcEEE13__get_pointerB6v15007Ev CODE
 0001:00009510 0000001cH .text$_ZNKSt3__112basic_stringIcNS_11char_traitsIcEENS_9allocatorIcEEE18__get_long_pointerB6v15007Ev CODE
 0001:00009530 00000025H .text$_ZNKSt3__112basic_stringIcNS_11char_traitsIcEENS_9allocatorIcEEE19__get_short_pointerB6v15007Ev CODE
 0001:00009560 0000000bH .text$_ZNSt3__114pointer_traitsIPKcE10pointer_toB6v15007ERS1_ CODE
 0001:00009570 00000047H .text$_ZN6System11AnsiStringTILt0EEC2ERKNS_13UnicodeStringE CODE
 0001:000095c0 000000e9H .text$_ZN6System11AnsiStringTILt0EED2Ev CODE
 0001:000096b0 00000030H .text$_ZN6System11AnsiStringTILt0EEC1Ev CODE
 0001:000096e0 00000023H .text$_ZN6System11AnsiStringTILt0EEC1ERKS1_ CODE
 0001:00009710 00000030H .text$_ZN6System11AnsiStringTILt0EEC2Ev CODE
 0001:00009740 00000012H .text$_ZN6System14AnsiStringBaseC2Ev CODE
 0001:00009760 00000023H .text$_ZN6System11AnsiStringTILt0EEC2ERKS1_ CODE
 0001:00009790 00000085H .text$_ZNSt3__112basic_stringIcNS_11char_traitsIcEENS_9allocatorIcEEEC2B6v15007EOS5_ CODE
 0001:00009820 00000012H .text$_ZNSt3__115__debug_db_swapB6v15007INS_12basic_stringIcNS_11char_traitsIcEENS_9allocatorIcEEEEEEvPT_S8_ CODE
 0001:00009840 00000049H .text$_ZNSt3__112basic_stringIcNS_11char_traitsIcEENS_9allocatorIcEEE6appendB6v15007ERKS5_ CODE
 0001:00009890 00000019H .text$_ZNKSt3__14__fs10filesystem4path5c_strB6v15007Ev CODE
 0001:000098b0 00000179H .text$_ZNSt3__113basic_fstreamIcNS_11char_traitsIcEEEC1EPKwj CODE
 0001:00009a30 00000019H .text$_ZNKSt3__112basic_stringIwNS_11char_traitsIwEENS_9allocatorIwEEE5c_strB6v15007Ev CODE
 0001:00009a50 00000030H .text$_ZNSt3__19basic_iosIcNS_11char_traitsIcEEEC2B6v15007Ev CODE
 0001:00009a80 000000b4H .text$_ZNSt3__114basic_iostreamIcNS_11char_traitsIcEEEC2B6v15007EPNS_15basic_streambufIcS2_EE CODE
 0001:00009b40 00000019H .text$_ZNSt3__113basic_filebufIcNS_11char_traitsIcEEEC1Ev CODE
 0001:00009b60 000002ecH .text$_ZNSt3__113basic_filebufIcNS_11char_traitsIcEEE4openEPKwj CODE
 0001:00009e50 00000021H .text$_ZNSt3__19basic_iosIcNS_11char_traitsIcEEE8setstateB6v15007Ej CODE
 0001:00009e80 00000019H .text$_ZNSt3__18ios_baseC2B6v15007Ev CODE
 0001:00009ea0 00000051H .text$_ZNSt3__113basic_istreamIcNS_11char_traitsIcEEEC2B6v15007EPNS_15basic_streambufIcS2_EE CODE
 0001:00009f00 00000030H .text$_ZNSt3__113basic_ostreamIcNS_11char_traitsIcEEEC2B6v15007Ev CODE
 0001:00009f30 00000049H .text$_ZNSt3__19basic_iosIcNS_11char_traitsIcEEE4initB6v15007EPNS_15basic_streambufIcS2_EE CODE
 0001:00009f80 000001afH .text$_ZNSt3__113basic_filebufIcNS_11char_traitsIcEEEC2Ev CODE
 0001:0000a130 0000003aH .text$_ZNSt3__19has_facetB6v15007INS_7codecvtIcc9_MbstatetEEEEbRKNS_6localeE CODE
 0001:0000a170 0000002eH .text$_ZNKSt3__115basic_streambufIcNS_11char_traitsIcEEE6getlocB6v15007Ev CODE
 0001:0000a1a0 00000024H .text$_ZNSt3__18ios_base8setstateB6v15007Ej CODE
 0001:0000a1d0 0000003fH .text$_ZNSt3__113basic_filebufIcNS_11char_traitsIcEEE4openERKNS_12basic_stringIcS2_NS_9allocatorIcEEEEj CODE
 0001:0000a210 00000104H .text$_ZNSt3__113basic_filebufIcNS_11char_traitsIcEEE4openEPKcj CODE
 0001:0000a320 00000204H .text$_ZNSt3__113basic_filebufIcNS_11char_traitsIcEEE15__make_mdstringEj CODE
 0001:0000a530 0000001cH .text$_ZNKSt3__18ios_base3eofB6v15007Ev CODE
 0001:0000a550 0000025fH .text$_ZNSt3__17getlineIcNS_11char_traitsIcEENS_9allocatorIcEEEERNS_13basic_istreamIT_T0_EES9_RNS_12basic_stringIS6_S7_T1_EES6_ CODE
 0001:0000a7b0 00000082H .text$_ZNKSt3__19basic_iosIcNS_11char_traitsIcEEE5widenB6v15007Ec CODE
 0001:0000a840 00000035H .text$_ZNSt3__113basic_istreamIcNS_11char_traitsIcEEE6sentryC1ERS3_b CODE
 0001:0000a880 00000012H .text$_ZNKSt3__113basic_istreamIcNS_11char_traitsIcEEE6sentrycvbB6v15007Ev CODE
 0001:0000a8a0 0000009cH .text$_ZNSt3__112basic_stringIcNS_11char_traitsIcEENS_9allocatorIcEEE5clearB6v15007Ev CODE
 0001:0000a940 00000019H .text$_ZNKSt3__19basic_iosIcNS_11char_traitsIcEEE5rdbufB6v15007Ev CODE
 0001:0000a960 0000005dH .text$_ZNSt3__115basic_streambufIcNS_11char_traitsIcEEE6sbumpcB6v15007Ev CODE
 0001:0000a9c0 000000a0H .text$_ZNKSt3__112basic_stringIcNS_11char_traitsIcEENS_9allocatorIcEEE8max_sizeB6v15007Ev CODE
 0001:0000aa60 0000004aH .text$_ZNSt3__18ios_base18__setstate_nothrowB6v15007Ej CODE
 0001:0000aab0 00000019H .text$_ZNKSt3__19basic_iosIcNS_11char_traitsIcEEE10exceptionsB6v15007Ev CODE
 0001:0000aad0 0000020bH .text$_ZNSt3__113basic_istreamIcNS_11char_traitsIcEEE6sentryC2ERS3_b CODE
 0001:0000ace0 0000001dH .text$_ZNKSt3__19basic_iosIcNS_11char_traitsIcEEE4goodB6v15007Ev CODE
 0001:0000ad00 00000012H .text$_ZNKSt3__19basic_iosIcNS_11char_traitsIcEEE3tieB6v15007Ev CODE
 0001:0000ad20 0000000eH .text$_ZNKSt3__18ios_base5flagsB6v15007Ev CODE
 0001:0000ad30 00000020H .text$_ZNSt3__19use_facetB6v15007INS_5ctypeIcEEEERKT_RKNS_6localeE CODE
 0001:0000ad50 00000023H .text$_ZNSt3__119istreambuf_iteratorIcNS_11char_traitsIcEEEC1B6v15007ERNS_13basic_istreamIcS2_EE CODE
 0001:0000ad80 00000019H .text$_ZNSt3__119istreambuf_iteratorIcNS_11char_traitsIcEEEC1B6v15007Ev CODE
 0001:0000ada0 00000029H .text$_ZNSt3__1neB6v15007IcNS_11char_traitsIcEEEEbRKNS_19istreambuf_iteratorIT_T0_EES8_ CODE
 0001:0000add0 00000071H .text$_ZNKSt3__15ctypeIcE2isB6v15007Etc CODE
 0001:0000ae50 0000001cH .text$_ZNKSt3__119istreambuf_iteratorIcNS_11char_traitsIcEEEdeB6v15007Ev CODE
 0001:0000ae70 00000025H .text$_ZNSt3__119istreambuf_iteratorIcNS_11char_traitsIcEEEppB6v15007Ev CODE
 0001:0000aea0 00000027H .text$_ZNSt3__1eqB6v15007IcNS_11char_traitsIcEEEEbRKNS_19istreambuf_iteratorIT_T0_EES8_ CODE
 0001:0000aed0 00000017H .text$_ZNKSt3__18ios_base4goodB6v15007Ev CODE
 0001:0000aef0 00000051H .text$_ZNSt3__119istreambuf_iteratorIcNS_11char_traitsIcEEEC2B6v15007ERNS_13basic_istreamIcS2_EE CODE
 0001:0000af50 00000012H .text$_ZNSt3__119istreambuf_iteratorIcNS_11char_traitsIcEEEC2B6v15007Ev CODE
 0001:0000af70 00000046H .text$_ZNKSt3__119istreambuf_iteratorIcNS_11char_traitsIcEEE5equalB6v15007ERKS3_ CODE
 0001:0000afc0 0000006dH .text$_ZNKSt3__119istreambuf_iteratorIcNS_11char_traitsIcEEE14__test_for_eofB6v15007Ev CODE
 0001:0000b030 00000052H .text$_ZNSt3__115basic_streambufIcNS_11char_traitsIcEEE5sgetcB6v15007Ev CODE
 0001:0000b090 00000007H .text$_ZNSt3__125__debug_db_invalidate_allB6v15007INS_12basic_stringIcNS_11char_traitsIcEENS_9allocatorIcEEEEEEvPT_ CODE
 0001:0000b0a0 0000001fH .text$_ZNSt3__111char_traitsIcE6assignERcRKc CODE
 0001:0000b0c0 00000030H .text$_ZNSt3__112basic_stringIcNS_11char_traitsIcEENS_9allocatorIcEEE15__set_long_sizeB6v15007Ey CODE
 0001:0000b0f0 00000056H .text$_ZNSt3__112basic_stringIcNS_11char_traitsIcEENS_9allocatorIcEEE16__set_short_sizeB6v15007Ey CODE
 0001:0000b150 0000000fH .text$_ZNKSt3__18ios_base5rdbufB6v15007Ev CODE
 0001:0000b160 00000019H .text$_ZNSt3__116allocator_traitsINS_9allocatorIcEEE8max_sizeB6v15007IS2_vEEyRKS2_ CODE
 0001:0000b180 00000019H .text$_ZNKSt3__112basic_stringIcNS_11char_traitsIcEENS_9allocatorIcEEE7__allocB6v15007Ev CODE
 0001:0000b1a0 0000000fH .text$_ZNSt3__114numeric_limitsIyE3maxB6v15007Ev CODE
 0001:0000b1b0 0000000eH .text$_ZNKSt3__19allocatorIcE8max_sizeB6v15007Ev CODE
 0001:0000b1c0 00000019H .text$_ZNKSt3__117__compressed_pairINS_12basic_stringIcNS_11char_traitsIcEENS_9allocatorIcEEE5__repES5_E6secondB6v15007Ev CODE
 0001:0000b1e0 0000000bH .text$_ZNKSt3__122__compressed_pair_elemINS_9allocatorIcEELi1ELb1EE5__getB6v15007Ev CODE
 0001:0000b1f0 00000008H .text$_ZNSt3__123__libcpp_numeric_limitsIyLb1EE3maxB6v15007Ev CODE
 0001:0000b200 0000000eH .text$_ZNKSt3__18ios_base10exceptionsB6v15007Ev CODE
 0001:0000b210 00000022H .text$_ZNKSt3__15ctypeIcE5widenB6v15007Ec CODE
 0001:0000b240 00000256H .text$_ZNSt3__124__put_character_sequenceIcNS_11char_traitsIcEEEERNS_13basic_ostreamIT_T0_EES7_PKS4_y CODE
 0001:0000b4a0 00000023H .text$_ZNSt3__113basic_ostreamIcNS_11char_traitsIcEEE6sentryC1ERS3_ CODE
 0001:0000b4d0 00000012H .text$_ZNKSt3__113basic_ostreamIcNS_11char_traitsIcEEE6sentrycvbB6v15007Ev CODE
 0001:0000b4f0 000002acH .text$_ZNSt3__116__pad_and_outputIcNS_11char_traitsIcEEEENS_19ostreambuf_iteratorIT_T0_EES6_PKS4_S8_S8_RNS_8ios_baseES4_ CODE
 0001:0000b7a0 00000023H .text$_ZNSt3__119ostreambuf_iteratorIcNS_11char_traitsIcEEEC1B6v15007ERNS_13basic_ostreamIcS2_EE CODE
 0001:0000b7d0 00000066H .text$_ZNKSt3__19basic_iosIcNS_11char_traitsIcEEE4fillB6v15007Ev CODE
 0001:0000b840 00000017H .text$_ZNKSt3__119ostreambuf_iteratorIcNS_11char_traitsIcEEE6failedB6v15007Ev CODE
 0001:0000b860 00000019H .text$_ZNSt3__113basic_ostreamIcNS_11char_traitsIcEEE6sentryD1Ev CODE
 0001:0000b880 00000083H .text$_ZNSt3__113basic_ostreamIcNS_11char_traitsIcEEE6sentryC2ERS3_ CODE
 0001:0000b910 0000000fH .text$_ZNKSt3__18ios_base5widthB6v15007Ev CODE
 0001:0000b920 0000002eH .text$_ZNSt3__115basic_streambufIcNS_11char_traitsIcEEE5sputnB6v15007EPKcx CODE
 0001:0000b950 0000002dH .text$_ZNSt3__112basic_stringIcNS_11char_traitsIcEENS_9allocatorIcEEEC1B6v15007Eyc CODE
 0001:0000b980 0000002dH .text$_ZNSt3__18ios_base5widthB6v15007Ex CODE
 0001:0000b9b0 00000050H .text$_ZNSt3__112basic_stringIcNS_11char_traitsIcEENS_9allocatorIcEEEC2B6v15007Eyc CODE
 0001:0000ba00 00000051H .text$_ZNSt3__119ostreambuf_iteratorIcNS_11char_traitsIcEEEC2B6v15007ERNS_13basic_ostreamIcS2_EE CODE
 0001:0000ba60 00000149H .text$_ZNSt3__113basic_ostreamIcNS_11char_traitsIcEEE6sentryD2Ev CODE
 0001:0000bbb0 0000001aH .text$_ZNSt3__115basic_streambufIcNS_11char_traitsIcEEE7pubsyncB6v15007Ev CODE
 0001:0000bbd0 00000066H .text$_ZNSt3__14__fs10filesystem4pathC2B6v15007INS_12basic_stringIcNS_11char_traitsIcEENS_9allocatorIcEEEEvEERKT_NS2_6formatE CODE
 0001:0000bc40 00000019H .text$_ZNSt3__112basic_stringIwNS_11char_traitsIwEENS_9allocatorIwEEEC1B6v15007Ev CODE
 0001:0000bc60 00000049H .text$_ZNSt3__14__fs10filesystem8_PathCVTIcE15__append_sourceB6v15007INS_12basic_stringIcNS_11char_traitsIcEENS_9allocatorIcEEEEEEvRNS5_IwNS6_IwEENS8_IwEEEERKT_ CODE
 0001:0000bcb0 0000004aH .text$_ZNSt3__112basic_stringIwNS_11char_traitsIwEENS_9allocatorIwEEEC2B6v15007Ev CODE
 0001:0000bd00 00000073H .text$_ZNSt3__14__fs10filesystem8_PathCVTIcE14__append_rangeB6v15007IPKcEENS_9enable_ifIXsr27__is_cpp17_forward_iteratorIT_EE5valueEvE4typeERNS_12basic_stringIwNS_11char_traitsIwEENS_9allocatorIwEEEES8_S8_ CODE
 0001:0000bd80 00000019H .text$_ZNSt3__14__fs10filesystem20__is_pathable_stringINS_12basic_stringIcNS_11char_traitsIcEENS_9allocatorIcEEEEvE13__range_beginB6v15007ERKS8_ CODE
 0001:0000bda0 00000032H .text$_ZNSt3__14__fs10filesystem20__is_pathable_stringINS_12basic_stringIcNS_11char_traitsIcEENS_9allocatorIcEEEEvE11__range_endB6v15007ERKS8_ CODE
 0001:0000bde0 0000002dH .text$_ZNSt3__112basic_stringIcNS_11char_traitsIcEENS_9allocatorIcEEEC1B6v15007IPKcvEET_S9_ CODE
 0001:0000be10 00000080H .text$_ZNSt3__14__fs10filesystem8_PathCVTIcE15__append_stringB6v15007ERNS_12basic_stringIwNS_11char_traitsIwEENS_9allocatorIwEEEERKNS4_IcNS5_IcEENS7_IcEEEE CODE
 0001:0000be90 00000050H .text$_ZNSt3__112basic_stringIcNS_11char_traitsIcEENS_9allocatorIcEEEC2B6v15007IPKcvEET_S9_ CODE
 0001:0000bee0 0000016eH .text$_ZNSt3__112basic_stringIcNS_11char_traitsIcEENS_9allocatorIcEEE6__initIPKcEENS_9enable_ifIXsr27__is_cpp17_forward_iteratorIT_EE5valueEvE4typeESA_SA_ CODE
 0001:0000c050 00000028H .text$_ZNSt3__18distanceB6v15007IPKcEENS_15iterator_traitsIT_E15difference_typeES4_S4_ CODE
 0001:0000c080 00000016H .text$_ZNKSt3__112basic_stringIcNS_11char_traitsIcEENS_9allocatorIcEEE20__throw_length_errorB6v15007Ev CODE
 0001:0000c0a0 00000014H .text$_ZNSt3__112basic_stringIcNS_11char_traitsIcEENS_9allocatorIcEEE13__fits_in_ssoB6v15007Ey CODE
 0001:0000c0c0 0000004dH .text$_ZNSt3__119__allocate_at_leastB6v15007INS_9allocatorIcEEEENS_19__allocation_resultINS_16allocator_traitsIT_E7pointerEEERS5_y CODE
 0001:0000c110 00000019H .text$_ZNSt3__112basic_stringIcNS_11char_traitsIcEENS_9allocatorIcEEE7__allocB6v15007Ev CODE
 0001:0000c130 00000068H .text$_ZNSt3__112basic_stringIcNS_11char_traitsIcEENS_9allocatorIcEEE11__recommendB6v15007Ey CODE
 0001:0000c1a0 00000012H .text$_ZNSt3__112basic_stringIcNS_11char_traitsIcEENS_9allocatorIcEEE16__begin_lifetimeB6v15007EPcy CODE
 0001:0000c1c0 00000030H .text$_ZNSt3__112basic_stringIcNS_11char_traitsIcEENS_9allocatorIcEEE18__set_long_pointerB6v15007EPc CODE
 0001:0000c1f0 0000006bH .text$_ZNSt3__112basic_stringIcNS_11char_traitsIcEENS_9allocatorIcEEE14__set_long_capB6v15007Ey CODE
 0001:0000c260 00000023H .text$_ZNSt3__110__distanceB6v15007IPKcEENS_15iterator_traitsIT_E15difference_typeES4_S4_NS_26random_access_iterator_tagE CODE
 0001:0000c290 00000070H .text$_ZNSt3__120__throw_length_errorB6v15007EPKc CODE
 0001:0000c300 00000023H .text$_ZNSt12length_errorC1B6v15007EPKc CODE
 0001:0000c330 0000003aH .text$_ZNSt12length_errorC2B6v15007EPKc CODE
 0001:0000c370 00000051H .text$_ZNSt3__19allocatorIcE8allocateB6v15007Ey CODE
 0001:0000c3d0 00000034H .text$_ZSt28__throw_bad_array_new_lengthB6v15007v CODE
 0001:0000c410 00000061H .text$_ZNSt3__117__libcpp_allocateB6v15007Eyy CODE
 0001:0000c480 00000014H .text$_ZNSt3__124__is_overaligned_for_newB6v15007Ey CODE
 0001:0000c4a0 00000023H .text$_ZNSt3__121__libcpp_operator_newB6v15007IJySt11align_val_tEEEPvDpT_ CODE
 0001:0000c4d0 00000019H .text$_ZNSt3__121__libcpp_operator_newB6v15007IJyEEEPvDpT_ CODE
 0001:0000c4f0 00000019H .text$_ZNSt3__117__compressed_pairINS_12basic_stringIcNS_11char_traitsIcEENS_9allocatorIcEEE5__repES5_E6secondB6v15007Ev CODE
 0001:0000c510 0000000bH .text$_ZNSt3__122__compressed_pair_elemINS_9allocatorIcEELi1ELb1EE5__getB6v15007Ev CODE
 0001:0000c520 00000013H .text$_ZNSt3__112basic_stringIcNS_11char_traitsIcEENS_9allocatorIcEEE10__align_itB6v15007ILy16EEEyy CODE
 0001:0000c540 00000026H .text$_ZNSt3__112basic_stringIwNS_11char_traitsIwEENS_9allocatorIwEEE6resizeB6v15007Ey CODE
 0001:0000c570 00000021H .text$_ZNSt3__112basic_stringIwNS_11char_traitsIwEENS_9allocatorIwEEE4dataB6v15007Ev CODE
 0001:0000c5a0 0000000bH .text$_ZNSt3__112__to_addressB6v15007IwEEPT_S2_ CODE
 0001:0000c5b0 00000052H .text$_ZNSt3__112basic_stringIwNS_11char_traitsIwEENS_9allocatorIwEEE13__get_pointerB6v15007Ev CODE
 0001:0000c610 0000001cH .text$_ZNSt3__112basic_stringIwNS_11char_traitsIwEENS_9allocatorIwEEE18__get_long_pointerB6v15007Ev CODE
 0001:0000c630 00000025H .text$_ZNSt3__112basic_stringIwNS_11char_traitsIwEENS_9allocatorIwEEE19__get_short_pointerB6v15007Ev CODE
 0001:0000c660 0000000bH .text$_ZNSt3__114pointer_traitsIPwE10pointer_toB6v15007ERw CODE
 0001:0000c670 000000dcH .text$_ZNSt3__112basic_stringIcNS_11char_traitsIcEENS_9allocatorIcEEE13__move_assignB6v15007ERS5_NS_17integral_constantIbLb1EEE CODE
 0001:0000c750 0000002dH .text$_ZNSt3__116allocator_traitsINS_9allocatorIcEEE10deallocateB6v15007ERS2_Pcy CODE
 0001:0000c780 00000023H .text$_ZNKSt3__112basic_stringIcNS_11char_traitsIcEENS_9allocatorIcEEE14__get_long_capB6v15007Ev CODE
 0001:0000c7b0 00000028H .text$_ZNSt3__112basic_stringIcNS_11char_traitsIcEENS_9allocatorIcEEE19__move_assign_allocB6v15007ERS5_ CODE
 0001:0000c7e0 0000003bH .text$_ZNSt3__19allocatorIcE10deallocateB6v15007EPcy CODE
 0001:0000c820 00000062H .text$_ZNSt3__119__libcpp_deallocateB6v15007EPvyy CODE
 0001:0000c890 00000028H .text$_ZNSt3__127__do_deallocate_handle_sizeB6v15007IJSt11align_val_tEEEvPvyDpT_ CODE
 0001:0000c8c0 0000001eH .text$_ZNSt3__127__do_deallocate_handle_sizeB6v15007IJEEEvPvyDpT_ CODE
 0001:0000c8e0 00000023H .text$_ZNSt3__124__libcpp_operator_deleteB6v15007IJPvSt11align_val_tEEEvDpT_ CODE
 0001:0000c910 00000019H .text$_ZNSt3__124__libcpp_operator_deleteB6v15007IJPvEEEvDpT_ CODE
 0001:0000c930 00000037H .text$_ZNSt3__112basic_stringIcNS_11char_traitsIcEENS_9allocatorIcEEE19__move_assign_allocB6v15007ERS5_NS_17integral_constantIbLb1EEE CODE
 0001:0000c970 00000019H .text$_ZNSt3__111char_traitsIcE6lengthEPKc CODE
 0001:0000c990 00000011H .text$_ZNSt3__116allocator_traitsINS_9allocatorIcEEE37select_on_container_copy_constructionB6v15007IS2_vvEES2_RKS2_ CODE
 0001:0000c9b0 0000001cH .text$_ZNKSt3__112basic_stringIcNS_11char_traitsIcEENS_9allocatorIcEEE13get_allocatorB6v15007Ev CODE
 0001:0000c9d0 00000035H .text$_ZNSt3__112basic_stringIcNS_11char_traitsIcEENS_9allocatorIcEEEC1B6v15007ENS_24__uninitialized_size_tagEyRKS4_ CODE
 0001:0000ca10 00000072H .text$_ZNSt3__111char_traitsIcE4copyEPcPKcy CODE
 0001:0000ca90 0000003fH .text$_ZNSt3__111char_traitsIcE6assignEPcyc CODE
 0001:0000cad0 0000010fH .text$_ZNSt3__112basic_stringIcNS_11char_traitsIcEENS_9allocatorIcEEEC2B6v15007ENS_24__uninitialized_size_tagEyRKS4_ CODE
 0001:0000cbe0 00000023H .text$_ZNSt3__116allocator_traitsINS_9allocatorIcEEE8allocateB6v15007ERS2_y CODE
 0001:0000cc10 0000003cH .text$_ZNSt3__16copy_nB6v15007IPKcyPcEENS_9enable_ifIXsr33__is_cpp17_random_access_iteratorIT_EE5valueET1_E4typeES5_T0_S6_ CODE
 0001:0000cc50 00000036H .text$_ZNSt3__14copyB6v15007IPKcPcEET0_T_S5_S4_ CODE
 0001:0000cc90 000000ccH .text$_ZNSt3__16__copyB6v15007IPKcS2_PcLi0EEENS_4pairIT_T1_EES5_T0_S6_ CODE
 0001:0000cd60 0000005cH .text$_ZNSt3__114__unwrap_rangeB6v15007IPKcS2_EENS_4pairIT0_S4_EET_S6_ CODE
 0001:0000cdc0 00000097H .text$_ZNSt3__111__copy_implB6v15007IKccvEENS_4pairIPT_PT0_EES4_S4_S6_ CODE
 0001:0000ce60 00000019H .text$_ZNSt3__113__unwrap_iterB6v15007IPcNS_18__unwrap_iter_implIS1_Lb1EEELi0EEEDTclsrT0_8__unwrapclsr3stdE7declvalIT_EEEES5_ CODE
 0001:0000ce80 00000034H .text$_ZNSt3__19make_pairB6v15007IPKcPcEENS_4pairINS_18__unwrap_ref_decayIT_E4typeENS5_IT0_E4typeEEEOS6_OS9_ CODE
 0001:0000cec0 00000023H .text$_ZNSt3__114__rewrap_rangeB6v15007IPKcS2_EET_S3_T0_ CODE
 0001:0000cef0 0000003aH .text$_ZNSt3__113__rewrap_iterB6v15007IPcS1_NS_18__unwrap_iter_implIS1_Lb1EEEEET_S4_T0_ CODE
 0001:0000cf30 00000034H .text$_ZNSt3__19make_pairB6v15007IPKcS2_EENS_4pairINS_18__unwrap_ref_decayIT_E4typeENS4_IT0_E4typeEEEOS5_OS8_ CODE
 0001:0000cf70 00000019H .text$_ZNSt3__113__unwrap_iterB6v15007IPKcNS_18__unwrap_iter_implIS2_Lb1EEELi0EEEDTclsrT0_8__unwrapclsr3stdE7declvalIT_EEEES6_ CODE
 0001:0000cf90 0000002dH .text$_ZNSt3__14pairIPKcS2_EC1B6v15007IS2_S2_LPv0EEEOT_OT0_ CODE
 0001:0000cfc0 00000032H .text$_ZNSt3__14pairIPKcS2_EC2B6v15007IS2_S2_LPv0EEEOT_OT0_ CODE
 0001:0000d000 00000019H .text$_ZNSt3__118__unwrap_iter_implIPKcLb1EE8__unwrapB6v15007ES2_ CODE
 0001:0000d020 00000019H .text$_ZNSt3__118__unwrap_iter_implIPcLb1EE8__unwrapB6v15007ES1_ CODE
 0001:0000d040 0000002dH .text$_ZNSt3__14pairIPKcPcEC1B6v15007IS2_S3_LPv0EEEOT_OT0_ CODE
 0001:0000d070 00000032H .text$_ZNSt3__14pairIPKcPcEC2B6v15007IS2_S3_LPv0EEEOT_OT0_ CODE
 0001:0000d0b0 0000003aH .text$_ZNSt3__113__rewrap_iterB6v15007IPKcS2_NS_18__unwrap_iter_implIS2_Lb1EEEEET_S5_T0_ CODE
 0001:0000d0f0 00000044H .text$_ZNSt3__118__unwrap_iter_implIPKcLb1EE8__rewrapB6v15007ES2_S2_ CODE
 0001:0000d140 00000044H .text$_ZNSt3__118__unwrap_iter_implIPcLb1EE8__rewrapB6v15007ES1_S1_ CODE
 0001:0000d190 0000003fH .text$_ZNSt3__16fill_nB6v15007IPcycEET_S2_T0_RKT1_ CODE
 0001:0000d1d0 00000056H .text$_ZNSt3__18__fill_nB6v15007IPcycEET_S2_T0_RKT1_ CODE
 0001:0000d230 0000000bH .text$_ZNSt3__121__convert_to_integralB6v15007Ey CODE
 0001:0000d240 00000066H .text$_ZNSt3__14__fs10filesystem4pathC2B6v15007IA5_cvEERKT_NS2_6formatE CODE
 0001:0000d2b0 00000049H .text$_ZNSt3__14__fs10filesystem8_PathCVTIcE15__append_sourceB6v15007IA5_cEEvRNS_12basic_stringIwNS_11char_traitsIwEENS_9allocatorIwEEEERKT_ CODE
 0001:0000d300 0000000bH .text$_ZNSt3__14__fs10filesystem24__is_pathable_char_arrayIA5_cPccLb1EE13__range_beginB6v15007EPKc CODE
 0001:0000d310 00000046H .text$_ZNSt3__14__fs10filesystem24__is_pathable_char_arrayIA5_cPccLb1EE11__range_endB6v15007EPKc CODE
 0001:0000d360 00000126H .text$_ZNSt3__111__str_rfindB6v15007IcyNS_11char_traitsIcEELy18446744073709551615EEET0_PKT_S3_S6_S3_S3_ CODE
 0001:0000d490 000000adH .text$_ZNSt3__118__find_end_classicB6v15007IPKcS2_DoFbccEEET_S4_S4_T0_S5_RT1_ CODE
 0001:0000d540 0000028eH .text$_ZNSt3__115__find_end_implB6v15007INS_17_ClassicAlgPolicyEPKcS3_S3_S3_DoFbccENS_10__identityES5_EENS_4pairIT0_S7_EES7_T1_T2_T3_RT4_RT5_RT6_NS_20forward_iterator_tagESI_ CODE
 0001:0000d7d0 00000016H .text$_ZNSt3__18_IterOpsINS_17_ClassicAlgPolicyEE4nextB6v15007IPKcEET_S6_S6_ CODE
 0001:0000d7f0 0000002dH .text$_ZNSt3__14pairIPKcS2_EC1B6v15007IRS2_S5_LPv0EEEOT_OT0_ CODE
 0001:0000d820 00000032H .text$_ZNSt3__18__invokeB6v15007IRDoFbccEJRKcS4_EEEDTclclsr3stdE7declvalIT_EEspclsr3stdE7declvalIT0_EEEEOS5_DpOS6_ CODE
 0001:0000d860 00000023H .text$_ZNSt3__18__invokeB6v15007IRNS_10__identityEJRKcEEEDTclclsr3stdE7declvalIT_EEspclsr3stdE7declvalIT0_EEEEOS5_DpOS6_ CODE
 0001:0000d890 00000032H .text$_ZNSt3__14pairIPKcS2_EC2B6v15007IRS2_S5_LPv0EEEOT_OT0_ CODE
 0001:0000d8d0 00000016H .text$_ZNKSt3__110__identityclIRKcEEOT_S5_ CODE
 0001:0000d8f0 00000050H .text$_ZNSt3__112basic_stringIcNS_11char_traitsIcEENS_9allocatorIcEEEC2B6v15007IPcvEET_S8_ CODE
 0001:0000d940 0000016eH .text$_ZNSt3__112basic_stringIcNS_11char_traitsIcEENS_9allocatorIcEEE6__initIPcEENS_9enable_ifIXsr27__is_cpp17_forward_iteratorIT_EE5valueEvE4typeES9_S9_ CODE
 0001:0000dab0 00000028H .text$_ZNSt3__18distanceB6v15007IPcEENS_15iterator_traitsIT_E15difference_typeES3_S3_ CODE
 0001:0000dae0 00000023H .text$_ZNSt3__110__distanceB6v15007IPcEENS_15iterator_traitsIT_E15difference_typeES3_S3_NS_26random_access_iterator_tagE CODE
 0001:0000db10 00000264H .text                   CODE
 0001:0000dd80 00000023H .text$_ZN6System7Classes15TComponentClassC1EPNS_10TMetaClassE CODE
 0001:0000ddb0 00000023H .text$_ZN6System7Classes15TComponentClassC2EPNS_10TMetaClassE CODE
 0001:0000dde0 0000001eH .text$_ZN6System15DelphiMetaClassINS_7Classes15TComponentClassEEC2EPNS_10TMetaClassE CODE
 0001:0000de00 00003c46H .text                   CODE
 0001:00011a50 000000d2H .text$_ZN6System8Sysutils11ERangeErrorC3ENS_13UnicodeStringE CODE
 0001:00011b30 0000004cH .text$_ZN6System8Sysutils11ERangeErrorD0Ev CODE
 0001:00011b80 0000005bH .text$_ZN6System8_CharLenIwEEiPKT_ CODE
 0001:00011be0 0000005bH .text$_ZN6System8_CharLenIDsEEiPKT_ CODE
 0001:00011c40 00000023H .text$_ZN6System14AnsiStringBaseC2ILt0EEEONS_11AnsiStringTIXT_EEE CODE
 0001:00011c70 0000002aH .text$_ZN6System13UnicodeStringC2ILt0EEERKNS_11AnsiStringTIXT_EEE CODE
 0001:00011ca0 0000004dH .text$_ZNK6System14AnsiStringBase8CodePageEv CODE
 0001:00011cf0 0000003aH .text$_ZNK6System14AnsiStringBaseixEi CODE
 0001:00011d30 000000d2H .text$_ZN6System8Sysutils9EIntErrorC3ENS_13UnicodeStringE CODE
 0001:00011e10 000000d2H .text$_ZN6System8Sysutils9EExternalC3ENS_13UnicodeStringE CODE
 0001:00011ef0 0000004cH .text$_ZN6System8Sysutils9EIntErrorD0Ev CODE
 0001:00011f40 0000004cH .text$_ZN6System8Sysutils9EExternalD0Ev CODE
 0001:00011f90 00000f18H .text                   CODE
 0001:00012eb0 0000000bH .text$_ZN6System15DelphiInterfaceINS_10IInterfaceEEadEv CODE
 0001:00012ec0 0000004dH .text$_ZN6System15DelphiInterfaceINS_10IInterfaceEED2Ev CODE
 0001:00012f10 00000029H .text$_ZNSt3__110lock_guardINS_5mutexEEC2B6v15007ERS1_ CODE
 0001:00012f40 00000035H .text$_ZNSt3__113unordered_mapIPN6System7Typinfo9TTypeInfoEPSt9type_infoNS_4hashIS4_EENS_8equal_toIS4_EENS_9allocatorINS_4pairIKS4_S6_EEEEEC2B6v15007Ev CODE
 0001:00012f80 00000019H .text$_ZNSt3__113unordered_mapIPN6System7Typinfo9TTypeInfoEPSt9type_infoNS_4hashIS4_EENS_8equal_toIS4_EENS_9allocatorINS_4pairIKS4_S6_EEEEED2B6v15007Ev CODE
 0001:00012fa0 00000084H .text$_ZNSt3__113unordered_mapIPN6System7Typinfo9TTypeInfoEPSt9type_infoNS_4hashIS4_EENS_8equal_toIS4_EENS_9allocatorINS_4pairIKS4_S6_EEEEEixERSD_ CODE
 0001:00013030 0000004aH .text$_ZN6System11AnsiStringTILt65001EEC2ERKNS_13UnicodeStringE CODE
 0001:00013080 00000098H .text$_ZNK6System11AnsiStringTILt65001EEplERKS1_ CODE
 0001:00013120 0000004aH .text$_ZN6System11AnsiStringTILt65001EEC2EPKc CODE
 0001:00013170 00000030H .text$_ZN6System11AnsiStringTILt65001EEC2Ev CODE
 0001:000131a0 0000002cH .text$_ZN6System11AnsiStringTILt65001EEaSERKS1_ CODE
 0001:000131d0 00000019H .text$_ZN6System11AnsiStringTILt65001EED2Ev CODE
 0001:000131f0 00000030H .text$_ZN10__cxxabiv117__class_type_infoC2Ev CODE
 0001:00013220 00000043H .text$_ZNK6System11AnsiStringTILt65001EE5c_strEv CODE
 0001:00013270 0000001cH .text$_ZNSt3__110lock_guardINS_5mutexEED2B6v15007Ev CODE
 0001:00013290 00000030H .text$_ZN10__cxxabiv116__shim_type_infoC2Ev CODE
 0001:000132c0 00000083H .text$_ZNSt3__112__hash_tableINS_17__hash_value_typeIPN6System7Typinfo9TTypeInfoEPSt9type_infoEENS_22__unordered_map_hasherIS5_S8_NS_4hashIS5_EENS_8equal_toIS5_EELb1EEENS_21__unordered_map_equalIS5_S8_SD_SB_Lb1EEENS_9allocatorIS8_EEEC2Ev CODE
 0001:00013350 00000007H .text$_ZNSt3__119__debug_db_insert_cB6v15007INS_13unordered_mapIPN6System7Typinfo9TTypeInfoEPSt9type_infoNS_4hashIS5_EENS_8equal_toIS5_EENS_9allocatorINS_4pairIKS5_S7_EEEEEEEEvPT_ CODE
 0001:00013360 00000030H .text$_ZNSt3__110unique_ptrIA_PNS_16__hash_node_baseIPNS_11__hash_nodeINS_17__hash_value_typeIPN6System7Typinfo9TTypeInfoEPSt9type_infoEEPvEEEENS_25__bucket_list_deallocatorINS_9allocatorISF_EEEEEC2B6v15007ILb1EvEEv CODE
 0001:00013390 00000030H .text$_ZNSt3__117__compressed_pairINS_16__hash_node_baseIPNS_11__hash_nodeINS_17__hash_value_typeIPN6System7Typinfo9TTypeInfoEPSt9type_infoEEPvEEEENS_9allocatorISC_EEEC2B6v15007ILb1EvEEv CODE
 0001:000133c0 0000003bH .text$_ZNSt3__117__compressed_pairIyNS_22__unordered_map_hasherIPN6System7Typinfo9TTypeInfoENS_17__hash_value_typeIS5_PSt9type_infoEENS_4hashIS5_EENS_8equal_toIS5_EELb1EEEEC2B6v15007IiNS_18__default_init_tagEEEOT_OT0_ CODE
 0001:00013400 0000003bH .text$_ZNSt3__117__compressed_pairIfNS_21__unordered_map_equalIPN6System7Typinfo9TTypeInfoENS_17__hash_value_typeIS5_PSt9type_infoEENS_8equal_toIS5_EENS_4hashIS5_EELb1EEEEC2B6v15007IfNS_18__default_init_tagEEEOT_OT0_ CODE
 0001:00013440 0000003eH .text$_ZNSt3__117__compressed_pairIPPNS_16__hash_node_baseIPNS_11__hash_nodeINS_17__hash_value_typeIPN6System7Typinfo9TTypeInfoEPSt9type_infoEEPvEEEENS_25__bucket_list_deallocatorINS_9allocatorISF_EEEEEC2B6v15007INS_16__value_init_tagESN_EEOT_OT0_ CODE
 0001:00013480 0000001cH .text$_ZNSt3__122__compressed_pair_elemIPPNS_16__hash_node_baseIPNS_11__hash_nodeINS_17__hash_value_typeIPN6System7Typinfo9TTypeInfoEPSt9type_infoEEPvEEEELi0ELb0EEC2B6v15007ENS_16__value_init_tagE CODE
 0001:000134a0 0000001dH .text$_ZNSt3__122__compressed_pair_elemINS_25__bucket_list_deallocatorINS_9allocatorIPNS_16__hash_node_baseIPNS_11__hash_nodeINS_17__hash_value_typeIPN6System7Typinfo9TTypeInfoEPSt9type_infoEEPvEEEEEEEELi1ELb0EEC2B6v15007ENS_16__value_init_tagE CODE
 0001:000134c0 00000038H .text$_ZNSt3__125__bucket_list_deallocatorINS_9allocatorIPNS_16__hash_node_baseIPNS_11__hash_nodeINS_17__hash_value_typeIPN6System7Typinfo9TTypeInfoEPSt9type_infoEEPvEEEEEEEC2B6v15007Ev CODE
 0001:00013500 0000003bH .text$_ZNSt3__117__compressed_pairIyNS_9allocatorIPNS_16__hash_node_baseIPNS_11__hash_nodeINS_17__hash_value_typeIPN6System7Typinfo9TTypeInfoEPSt9type_infoEEPvEEEEEEEC2B6v15007IiNS_18__default_init_tagEEEOT_OT0_ CODE
 0001:00013540 00000021H .text$_ZNSt3__122__compressed_pair_elemIyLi0ELb0EEC2B6v15007IivEEOT_ CODE
 0001:00013570 0000001dH .text$_ZNSt3__122__compressed_pair_elemINS_9allocatorIPNS_16__hash_node_baseIPNS_11__hash_nodeINS_17__hash_value_typeIPN6System7Typinfo9TTypeInfoEPSt9type_infoEEPvEEEEEELi1ELb1EEC2B6v15007ENS_18__default_init_tagE CODE
 0001:00013590 00000019H .text$_ZNSt3__19allocatorIPNS_16__hash_node_baseIPNS_11__hash_nodeINS_17__hash_value_typeIPN6System7Typinfo9TTypeInfoEPSt9type_infoEEPvEEEEEC2B6v15007Ev CODE
 0001:000135b0 00000007H .text$_ZNSt3__116__non_trivial_ifILb1ENS_9allocatorIPNS_16__hash_node_baseIPNS_11__hash_nodeINS_17__hash_value_typeIPN6System7Typinfo9TTypeInfoEPSt9type_infoEEPvEEEEEEEC2B6v15007Ev CODE
 0001:000135c0 0000001dH .text$_ZNSt3__122__compressed_pair_elemINS_16__hash_node_baseIPNS_11__hash_nodeINS_17__hash_value_typeIPN6System7Typinfo9TTypeInfoEPSt9type_infoEEPvEEEELi0ELb0EEC2B6v15007ENS_16__value_init_tagE CODE
 0001:000135e0 0000001dH .text$_ZNSt3__122__compressed_pair_elemINS_9allocatorINS_11__hash_nodeINS_17__hash_value_typeIPN6System7Typinfo9TTypeInfoEPSt9type_infoEEPvEEEELi1ELb1EEC2B6v15007ENS_16__value_init_tagE CODE
 0001:00013600 00000012H .text$_ZNSt3__116__hash_node_baseIPNS_11__hash_nodeINS_17__hash_value_typeIPN6System7Typinfo9TTypeInfoEPSt9type_infoEEPvEEEC2B6v15007Ev CODE
 0001:00013620 00000019H .text$_ZNSt3__19allocatorINS_11__hash_nodeINS_17__hash_value_typeIPN6System7Typinfo9TTypeInfoEPSt9type_infoEEPvEEEC2B6v15007Ev CODE
 0001:00013640 00000007H .text$_ZNSt3__116__non_trivial_ifILb1ENS_9allocatorINS_11__hash_nodeINS_17__hash_value_typeIPN6System7Typinfo9TTypeInfoEPSt9type_infoEEPvEEEEEC2B6v15007Ev CODE
 0001:00013650 0000001dH .text$_ZNSt3__122__compressed_pair_elemINS_22__unordered_map_hasherIPN6System7Typinfo9TTypeInfoENS_17__hash_value_typeIS5_PSt9type_infoEENS_4hashIS5_EENS_8equal_toIS5_EELb1EEELi1ELb1EEC2B6v15007ENS_18__default_init_tagE CODE
 0001:00013670 00000007H .text$_ZNSt3__122__unordered_map_hasherIPN6System7Typinfo9TTypeInfoENS_17__hash_value_typeIS4_PSt9type_infoEENS_4hashIS4_EENS_8equal_toIS4_EELb1EEC2B6v15007Ev CODE
 0001:00013680 00000023H .text$_ZNSt3__122__compressed_pair_elemIfLi0ELb0EEC2B6v15007IfvEEOT_ CODE
 0001:000136b0 0000001dH .text$_ZNSt3__122__compressed_pair_elemINS_21__unordered_map_equalIPN6System7Typinfo9TTypeInfoENS_17__hash_value_typeIS5_PSt9type_infoEENS_8equal_toIS5_EENS_4hashIS5_EELb1EEELi1ELb1EEC2B6v15007ENS_18__default_init_tagE CODE
 0001:000136d0 00000007H .text$_ZNSt3__121__unordered_map_equalIPN6System7Typinfo9TTypeInfoENS_17__hash_value_typeIS4_PSt9type_infoEENS_8equal_toIS4_EENS_4hashIS4_EELb1EEC2B6v15007Ev CODE
 0001:000136e0 00000051H .text$_ZNSt3__112__hash_tableINS_17__hash_value_typeIPN6System7Typinfo9TTypeInfoEPSt9type_infoEENS_22__unordered_map_hasherIS5_S8_NS_4hashIS5_EENS_8equal_toIS5_EELb1EEENS_21__unordered_map_equalIS5_S8_SD_SB_Lb1EEENS_9allocatorIS8_EEED2Ev CODE
 0001:00013740 000000adH .text$_ZNSt3__112__hash_tableINS_17__hash_value_typeIPN6System7Typinfo9TTypeInfoEPSt9type_infoEENS_22__unordered_map_hasherIS5_S8_NS_4hashIS5_EENS_8equal_toIS5_EELb1EEENS_21__unordered_map_equalIS5_S8_SD_SB_Lb1EEENS_9allocatorIS8_EEE17__deallocate_nodeEPNS_16__hash_node_baseIPNS_11__hash_nodeIS8_PvEEEE CODE
 0001:000137f0 00000019H .text$_ZNSt3__117__compressed_pairINS_16__hash_node_baseIPNS_11__hash_nodeINS_17__hash_value_typeIPN6System7Typinfo9TTypeInfoEPSt9type_infoEEPvEEEENS_9allocatorISC_EEE5firstB6v15007Ev CODE
 0001:00013810 00000007H .text$_ZNSt3__118__debug_db_erase_cB6v15007INS_12__hash_tableINS_17__hash_value_typeIPN6System7Typinfo9TTypeInfoEPSt9type_infoEENS_22__unordered_map_hasherIS6_S9_NS_4hashIS6_EENS_8equal_toIS6_EELb1EEENS_21__unordered_map_equalIS6_S9_SE_SC_Lb1EEENS_9allocatorIS9_EEEEEEvPT_ CODE
 0001:00013820 0000001dH .text$_ZNSt3__110unique_ptrIA_PNS_16__hash_node_baseIPNS_11__hash_nodeINS_17__hash_value_typeIPN6System7Typinfo9TTypeInfoEPSt9type_infoEEPvEEEENS_25__bucket_list_deallocatorINS_9allocatorISF_EEEEED2B6v15007Ev CODE
 0001:00013840 0000001dH .text$_ZNSt3__112__hash_tableINS_17__hash_value_typeIPN6System7Typinfo9TTypeInfoEPSt9type_infoEENS_22__unordered_map_hasherIS5_S8_NS_4hashIS5_EENS_8equal_toIS5_EELb1EEENS_21__unordered_map_equalIS5_S8_SD_SB_Lb1EEENS_9allocatorIS8_EEE12__node_allocB6v15007Ev CODE
 0001:00013860 00000019H .text$_ZNSt3__116__hash_node_baseIPNS_11__hash_nodeINS_17__hash_value_typeIPN6System7Typinfo9TTypeInfoEPSt9type_infoEEPvEEE8__upcastB6v15007Ev CODE
 0001:00013880 00000012H .text$_ZNSt3__116allocator_traitsINS_9allocatorINS_11__hash_nodeINS_17__hash_value_typeIPN6System7Typinfo9TTypeInfoEPSt9type_infoEEPvEEEEE7destroyB6v15007INS_4pairIKS7_S9_EEvvEEvRSD_PT_ CODE
 0001:000138a0 00000019H .text$_ZNSt3__122__hash_key_value_typesINS_17__hash_value_typeIPN6System7Typinfo9TTypeInfoEPSt9type_infoEEE9__get_ptrB6v15007ERS8_ CODE
 0001:000138c0 0000002dH .text$_ZNSt3__116allocator_traitsINS_9allocatorINS_11__hash_nodeINS_17__hash_value_typeIPN6System7Typinfo9TTypeInfoEPSt9type_infoEEPvEEEEE10deallocateB6v15007ERSD_PSC_y CODE
 0001:000138f0 00000019H .text$_ZNSt3__117__compressed_pairINS_16__hash_node_baseIPNS_11__hash_nodeINS_17__hash_value_typeIPN6System7Typinfo9TTypeInfoEPSt9type_infoEEPvEEEENS_9allocatorISC_EEE6secondB6v15007Ev CODE
 0001:00013910 0000000bH .text$_ZNSt3__122__compressed_pair_elemINS_9allocatorINS_11__hash_nodeINS_17__hash_value_typeIPN6System7Typinfo9TTypeInfoEPSt9type_infoEEPvEEEELi1ELb1EE5__getB6v15007Ev CODE
 0001:00013920 0000000bH .text$_ZNSt3__114pointer_traitsIPNS_16__hash_node_baseIPNS_11__hash_nodeINS_17__hash_value_typeIPN6System7Typinfo9TTypeInfoEPSt9type_infoEEPvEEEEE10pointer_toB6v15007ERSE_ CODE
 0001:00013930 00000019H .text$_ZNSt3__117__hash_value_typeIPN6System7Typinfo9TTypeInfoEPSt9type_infoE11__get_valueB6v15007Ev CODE
 0001:00013950 00000019H .text$_ZNSt3__17launderB6v15007INS_4pairIKPN6System7Typinfo9TTypeInfoEPSt9type_infoEEEEPT_SB_ CODE
 0001:00013970 0000000bH .text$_ZNSt3__19__launderB6v15007INS_4pairIKPN6System7Typinfo9TTypeInfoEPSt9type_infoEEEEPT_SB_ CODE
 0001:00013980 0000003fH .text$_ZNSt3__19allocatorINS_11__hash_nodeINS_17__hash_value_typeIPN6System7Typinfo9TTypeInfoEPSt9type_infoEEPvEEE10deallocateB6v15007EPSB_y CODE
 0001:000139c0 0000000bH .text$_ZNSt3__122__compressed_pair_elemINS_16__hash_node_baseIPNS_11__hash_nodeINS_17__hash_value_typeIPN6System7Typinfo9TTypeInfoEPSt9type_infoEEPvEEEELi0ELb0EE5__getB6v15007Ev CODE
 0001:000139d0 0000005fH .text$_ZNSt3__110unique_ptrIA_PNS_16__hash_node_baseIPNS_11__hash_nodeINS_17__hash_value_typeIPN6System7Typinfo9TTypeInfoEPSt9type_infoEEPvEEEENS_25__bucket_list_deallocatorINS_9allocatorISF_EEEEE5resetB6v15007EDn CODE
 0001:00013a30 00000019H .text$_ZNSt3__117__compressed_pairIPPNS_16__hash_node_baseIPNS_11__hash_nodeINS_17__hash_value_typeIPN6System7Typinfo9TTypeInfoEPSt9type_infoEEPvEEEENS_25__bucket_list_deallocatorINS_9allocatorISF_EEEEE5firstB6v15007Ev CODE
 0001:00013a50 0000001dH .text$_ZNSt3__117__compressed_pairIPPNS_16__hash_node_baseIPNS_11__hash_nodeINS_17__hash_value_typeIPN6System7Typinfo9TTypeInfoEPSt9type_infoEEPvEEEENS_25__bucket_list_deallocatorINS_9allocatorISF_EEEEE6secondB6v15007Ev CODE
 0001:00013a70 0000004eH .text$_ZNSt3__125__bucket_list_deallocatorINS_9allocatorIPNS_16__hash_node_baseIPNS_11__hash_nodeINS_17__hash_value_typeIPN6System7Typinfo9TTypeInfoEPSt9type_infoEEPvEEEEEEEclB6v15007EPSG_ CODE
 0001:00013ac0 0000000bH .text$_ZNSt3__122__compressed_pair_elemIPPNS_16__hash_node_baseIPNS_11__hash_nodeINS_17__hash_value_typeIPN6System7Typinfo9TTypeInfoEPSt9type_infoEEPvEEEELi0ELb0EE5__getB6v15007Ev CODE
 0001:00013ad0 0000000bH .text$_ZNSt3__122__compressed_pair_elemINS_25__bucket_list_deallocatorINS_9allocatorIPNS_16__hash_node_baseIPNS_11__hash_nodeINS_17__hash_value_typeIPN6System7Typinfo9TTypeInfoEPSt9type_infoEEPvEEEEEEEELi1ELb0EE5__getB6v15007Ev CODE
 0001:00013ae0 0000002dH .text$_ZNSt3__116allocator_traitsINS_9allocatorIPNS_16__hash_node_baseIPNS_11__hash_nodeINS_17__hash_value_typeIPN6System7Typinfo9TTypeInfoEPSt9type_infoEEPvEEEEEEE10deallocateB6v15007ERSH_PSG_y CODE
 0001:00013b10 00000019H .text$_ZNSt3__125__bucket_list_deallocatorINS_9allocatorIPNS_16__hash_node_baseIPNS_11__hash_nodeINS_17__hash_value_typeIPN6System7Typinfo9TTypeInfoEPSt9type_infoEEPvEEEEEEE7__allocB6v15007Ev CODE
 0001:00013b30 00000019H .text$_ZNSt3__125__bucket_list_deallocatorINS_9allocatorIPNS_16__hash_node_baseIPNS_11__hash_nodeINS_17__hash_value_typeIPN6System7Typinfo9TTypeInfoEPSt9type_infoEEPvEEEEEEE4sizeB6v15007Ev CODE
 0001:00013b50 0000003fH .text$_ZNSt3__19allocatorIPNS_16__hash_node_baseIPNS_11__hash_nodeINS_17__hash_value_typeIPN6System7Typinfo9TTypeInfoEPSt9type_infoEEPvEEEEE10deallocateB6v15007EPSF_y CODE
 0001:00013b90 00000019H .text$_ZNSt3__117__compressed_pairIyNS_9allocatorIPNS_16__hash_node_baseIPNS_11__hash_nodeINS_17__hash_value_typeIPN6System7Typinfo9TTypeInfoEPSt9type_infoEEPvEEEEEEE6secondB6v15007Ev CODE
 0001:00013bb0 0000000bH .text$_ZNSt3__122__compressed_pair_elemINS_9allocatorIPNS_16__hash_node_baseIPNS_11__hash_nodeINS_17__hash_value_typeIPN6System7Typinfo9TTypeInfoEPSt9type_infoEEPvEEEEEELi1ELb1EE5__getB6v15007Ev CODE
 0001:00013bc0 00000019H .text$_ZNSt3__117__compressed_pairIyNS_9allocatorIPNS_16__hash_node_baseIPNS_11__hash_nodeINS_17__hash_value_typeIPN6System7Typinfo9TTypeInfoEPSt9type_infoEEPvEEEEEEE5firstB6v15007Ev CODE
 0001:00013be0 0000000bH .text$_ZNSt3__122__compressed_pair_elemIyLi0ELb0EE5__getB6v15007Ev CODE
 0001:00013bf0 0000076cH .text$_ZNSt3__112__hash_tableINS_17__hash_value_typeIPN6System7Typinfo9TTypeInfoEPSt9type_infoEENS_22__unordered_map_hasherIS5_S8_NS_4hashIS5_EENS_8equal_toIS5_EELb1EEENS_21__unordered_map_equalIS5_S8_SD_SB_Lb1EEENS_9allocatorIS8_EEE25__emplace_unique_key_argsIS5_JRKNS_21piecewise_construct_tENS_5tupleIJRKS5_EEENSO_IJEEEEEENS_4pairINS_15__hash_iteratorIPNS_11__hash_nodeIS8_PvEEEEbEERKT_DpOT0_ CODE
 0001:00014360 00000022H .text$_ZNSt3__116forward_as_tupleB6v15007IJRKPN6System7Typinfo9TTypeInfoEEEENS_5tupleIJDpOT_EEESA_ CODE
 0001:00014390 00000006H .text$_ZNSt3__116forward_as_tupleB6v15007IJEEENS_5tupleIJDpOT_EEES4_ CODE
 0001:000143a0 00000028H .text$_ZNKSt3__115__hash_iteratorIPNS_11__hash_nodeINS_17__hash_value_typeIPN6System7Typinfo9TTypeInfoEPSt9type_infoEEPvEEEptB6v15007Ev CODE
 0001:000143d0 0000001dH .text$_ZNSt3__112__hash_tableINS_17__hash_value_typeIPN6System7Typinfo9TTypeInfoEPSt9type_infoEENS_22__unordered_map_hasherIS5_S8_NS_4hashIS5_EENS_8equal_toIS5_EELb1EEENS_21__unordered_map_equalIS5_S8_SD_SB_Lb1EEENS_9allocatorIS8_EEE13hash_functionB6v15007Ev CODE
 0001:000143f0 00000026H .text$_ZNKSt3__122__unordered_map_hasherIPN6System7Typinfo9TTypeInfoENS_17__hash_value_typeIS4_PSt9type_infoEENS_4hashIS4_EENS_8equal_toIS4_EELb1EEclB6v15007ERKS4_ CODE
 0001:00014420 00000021H .text$_ZNKSt3__112__hash_tableINS_17__hash_value_typeIPN6System7Typinfo9TTypeInfoEPSt9type_infoEENS_22__unordered_map_hasherIS5_S8_NS_4hashIS5_EENS_8equal_toIS5_EELb1EEENS_21__unordered_map_equalIS5_S8_SD_SB_Lb1EEENS_9allocatorIS8_EEE12bucket_countB6v15007Ev CODE
 0001:00014450 00000087H .text$_ZNSt3__116__constrain_hashB6v15007Eyy CODE
 0001:000144e0 0000002cH .text$_ZNKSt3__110unique_ptrIA_PNS_16__hash_node_baseIPNS_11__hash_nodeINS_17__hash_value_typeIPN6System7Typinfo9TTypeInfoEPSt9type_infoEEPvEEEENS_25__bucket_list_deallocatorINS_9allocatorISF_EEEEEixB6v15007Ey CODE
 0001:00014510 0000000fH .text$_ZNKSt3__116__hash_node_baseIPNS_11__hash_nodeINS_17__hash_value_typeIPN6System7Typinfo9TTypeInfoEPSt9type_infoEEPvEEE6__hashB6v15007Ev CODE
 0001:00014520 0000001dH .text$_ZNSt3__112__hash_tableINS_17__hash_value_typeIPN6System7Typinfo9TTypeInfoEPSt9type_infoEENS_22__unordered_map_hasherIS5_S8_NS_4hashIS5_EENS_8equal_toIS5_EELb1EEENS_21__unordered_map_equalIS5_S8_SD_SB_Lb1EEENS_9allocatorIS8_EEE6key_eqB6v15007Ev CODE
 0001:00014540 00000043H .text$_ZNKSt3__121__unordered_map_equalIPN6System7Typinfo9TTypeInfoENS_17__hash_value_typeIS4_PSt9type_infoEENS_8equal_toIS4_EENS_4hashIS4_EELb1EEclB6v15007ERKS8_RKS4_ CODE
 0001:00014590 000001a9H .text$_ZNSt3__112__hash_tableINS_17__hash_value_typeIPN6System7Typinfo9TTypeInfoEPSt9type_infoEENS_22__unordered_map_hasherIS5_S8_NS_4hashIS5_EENS_8equal_toIS5_EELb1EEENS_21__unordered_map_equalIS5_S8_SD_SB_Lb1EEENS_9allocatorIS8_EEE21__construct_node_hashIRKNS_21piecewise_construct_tEJNS_5tupleIJRKS5_EEENSO_IJEEEEEENS_10unique_ptrINS_11__hash_nodeIS8_PvEENS_22__hash_node_destructorINSH_ISW_EEEEEEyOT_DpOT0_ CODE
 0001:00014740 0000001dH .text$_ZNSt3__112__hash_tableINS_17__hash_value_typeIPN6System7Typinfo9TTypeInfoEPSt9type_infoEENS_22__unordered_map_hasherIS5_S8_NS_4hashIS5_EENS_8equal_toIS5_EELb1EEENS_21__unordered_map_equalIS5_S8_SD_SB_Lb1EEENS_9allocatorIS8_EEE4sizeB6v15007Ev CODE
 0001:00014760 0000001dH .text$_ZNSt3__112__hash_tableINS_17__hash_value_typeIPN6System7Typinfo9TTypeInfoEPSt9type_infoEENS_22__unordered_map_hasherIS5_S8_NS_4hashIS5_EENS_8equal_toIS5_EELb1EEENS_21__unordered_map_equalIS5_S8_SD_SB_Lb1EEENS_9allocatorIS8_EEE15max_load_factorB6v15007Ev CODE
 0001:00014780 00000023H .text$_ZNSt3__112__hash_tableINS_17__hash_value_typeIPN6System7Typinfo9TTypeInfoEPSt9type_infoEENS_22__unordered_map_hasherIS5_S8_NS_4hashIS5_EENS_8equal_toIS5_EELb1EEENS_21__unordered_map_equalIS5_S8_SD_SB_Lb1EEENS_9allocatorIS8_EEE15__rehash_uniqueB6v15007Ey CODE
 0001:000147b0 00000028H .text$_ZNSt3__13maxB6v15007IyEERKT_S3_S3_ CODE
 0001:000147e0 00000047H .text$_ZNSt3__116__is_hash_power2B6v15007Ey CODE
 0001:00014830 0000001bH .text$_Z4ceilB6v15007f  CODE
 0001:00014850 00000019H .text$_ZNSt3__116__hash_node_baseIPNS_11__hash_nodeINS_17__hash_value_typeIPN6System7Typinfo9TTypeInfoEPSt9type_infoEEPvEEE5__ptrB6v15007Ev CODE
 0001:00014870 0000001bH .text$_ZNKSt3__110unique_ptrINS_11__hash_nodeINS_17__hash_value_typeIPN6System7Typinfo9TTypeInfoEPSt9type_infoEEPvEENS_22__hash_node_destructorINS_9allocatorISB_EEEEEptB6v15007Ev CODE
 0001:00014890 0000001bH .text$_ZNKSt3__110unique_ptrINS_11__hash_nodeINS_17__hash_value_typeIPN6System7Typinfo9TTypeInfoEPSt9type_infoEEPvEENS_22__hash_node_destructorINS_9allocatorISB_EEEEE3getB6v15007Ev CODE
 0001:000148b0 0000003bH .text$_ZNSt3__110unique_ptrINS_11__hash_nodeINS_17__hash_value_typeIPN6System7Typinfo9TTypeInfoEPSt9type_infoEEPvEENS_22__hash_node_destructorINS_9allocatorISB_EEEEE7releaseB6v15007Ev CODE
 0001:000148f0 0000001dH .text$_ZNSt3__110unique_ptrINS_11__hash_nodeINS_17__hash_value_typeIPN6System7Typinfo9TTypeInfoEPSt9type_infoEEPvEENS_22__hash_node_destructorINS_9allocatorISB_EEEEED2B6v15007Ev CODE
 0001:00014910 00000024H .text$_ZNSt3__115__hash_iteratorIPNS_11__hash_nodeINS_17__hash_value_typeIPN6System7Typinfo9TTypeInfoEPSt9type_infoEEPvEEEC2B6v15007EPNS_16__hash_node_baseISC_EEPKv CODE
 0001:00014940 00000033H .text$_ZNSt3__14pairINS_15__hash_iteratorIPNS_11__hash_nodeINS_17__hash_value_typeIPN6System7Typinfo9TTypeInfoEPSt9type_infoEEPvEEEEbEC2B6v15007ISE_RbLSB_0EEEOT_OT0_ CODE
 0001:00014980 00000019H .text$_ZNSt3__117__compressed_pairIyNS_22__unordered_map_hasherIPN6System7Typinfo9TTypeInfoENS_17__hash_value_typeIS5_PSt9type_infoEENS_4hashIS5_EENS_8equal_toIS5_EELb1EEEE6secondB6v15007Ev CODE
 0001:000149a0 0000000bH .text$_ZNSt3__122__compressed_pair_elemINS_22__unordered_map_hasherIPN6System7Typinfo9TTypeInfoENS_17__hash_value_typeIS5_PSt9type_infoEENS_4hashIS5_EENS_8equal_toIS5_EELb1EEELi1ELb1EE5__getB6v15007Ev CODE
 0001:000149b0 0000004aH .text$_ZNKSt3__14hashIPN6System7Typinfo9TTypeInfoEEclB6v15007ES4_ CODE
 0001:00014a00 00000501H .text$_ZNSt3__121__murmur2_or_cityhashIyLy64EEclEPKvy CODE
 0001:00014f10 0000019dH .text$_ZNSt3__121__murmur2_or_cityhashIyLy64EE18__hash_len_0_to_16EPKcy CODE
 0001:000150b0 0000010cH .text$_ZNSt3__121__murmur2_or_cityhashIyLy64EE19__hash_len_17_to_32EPKcy CODE
 0001:000151c0 00000339H .text$_ZNSt3__121__murmur2_or_cityhashIyLy64EE19__hash_len_33_to_64EPKcy CODE
 0001:00015500 0000001eH .text$_ZNSt3__110__loadwordB6v15007IyEET_PKv CODE
 0001:00015520 00000095H .text$_ZNSt3__121__murmur2_or_cityhashIyLy64EE13__hash_len_16Eyy CODE
 0001:000155c0 000000b0H .text$_ZNSt3__121__murmur2_or_cityhashIyLy64EE29__weak_hash_len_32_with_seedsEPKcyy CODE
 0001:00015670 00000058H .text$_ZNSt3__121__murmur2_or_cityhashIyLy64EE8__rotateEyi CODE
 0001:000156d0 0000002dH .text$_ZNSt3__14pairIyyEaSB6v15007EOS1_ CODE
 0001:00015700 0000003bH .text$_ZNSt3__14swapB6v15007IyEENS_9enable_ifIXaasr21is_move_constructibleIT_EE5valuesr18is_move_assignableIS2_EE5valueEvE4typeERS2_S5_ CODE
 0001:00015740 00000016H .text$_ZNSt3__121__murmur2_or_cityhashIyLy64EE11__shift_mixEy CODE
 0001:00015760 00000037H .text$_ZNSt3__121__murmur2_or_cityhashIyLy64EE22__rotate_by_at_least_1Eyi CODE
 0001:000157a0 0000001dH .text$_ZNSt3__110__loadwordB6v15007IjEET_PKv CODE
 0001:000157c0 0000011aH .text$_ZNSt3__121__murmur2_or_cityhashIyLy64EE29__weak_hash_len_32_with_seedsEyyyyyy CODE
 0001:000158e0 00000032H .text$_ZNSt3__14pairIyyEC2B6v15007IyyLPv0EEEOT_OT0_ CODE
 0001:00015920 00000019H .text$_ZNKSt3__110unique_ptrIA_PNS_16__hash_node_baseIPNS_11__hash_nodeINS_17__hash_value_typeIPN6System7Typinfo9TTypeInfoEPSt9type_infoEEPvEEEENS_25__bucket_list_deallocatorINS_9allocatorISF_EEEEE11get_deleterB6v15007Ev CODE
 0001:00015940 0000001bH .text$_ZNKSt3__125__bucket_list_deallocatorINS_9allocatorIPNS_16__hash_node_baseIPNS_11__hash_nodeINS_17__hash_value_typeIPN6System7Typinfo9TTypeInfoEPSt9type_infoEEPvEEEEEEE4sizeB6v15007Ev CODE
 0001:00015960 0000001dH .text$_ZNKSt3__117__compressed_pairIPPNS_16__hash_node_baseIPNS_11__hash_nodeINS_17__hash_value_typeIPN6System7Typinfo9TTypeInfoEPSt9type_infoEEPvEEEENS_25__bucket_list_deallocatorINS_9allocatorISF_EEEEE6secondB6v15007Ev CODE
 0001:00015980 0000000bH .text$_ZNKSt3__122__compressed_pair_elemINS_25__bucket_list_deallocatorINS_9allocatorIPNS_16__hash_node_baseIPNS_11__hash_nodeINS_17__hash_value_typeIPN6System7Typinfo9TTypeInfoEPSt9type_infoEEPvEEEEEEEELi1ELb0EE5__getB6v15007Ev CODE
 0001:00015990 00000019H .text$_ZNKSt3__117__compressed_pairIyNS_9allocatorIPNS_16__hash_node_baseIPNS_11__hash_nodeINS_17__hash_value_typeIPN6System7Typinfo9TTypeInfoEPSt9type_infoEEPvEEEEEEE5firstB6v15007Ev CODE
 0001:000159b0 0000000bH .text$_ZNKSt3__122__compressed_pair_elemIyLi0ELb0EE5__getB6v15007Ev CODE
 0001:000159c0 00000019H .text$_ZNKSt3__117__compressed_pairIPPNS_16__hash_node_baseIPNS_11__hash_nodeINS_17__hash_value_typeIPN6System7Typinfo9TTypeInfoEPSt9type_infoEEPvEEEENS_25__bucket_list_deallocatorINS_9allocatorISF_EEEEE5firstB6v15007Ev CODE
 0001:000159e0 0000000bH .text$_ZNKSt3__122__compressed_pair_elemIPPNS_16__hash_node_baseIPNS_11__hash_nodeINS_17__hash_value_typeIPN6System7Typinfo9TTypeInfoEPSt9type_infoEEPvEEEELi0ELb0EE5__getB6v15007Ev CODE
 0001:000159f0 00000019H .text$_ZNSt3__117__compressed_pairIfNS_21__unordered_map_equalIPN6System7Typinfo9TTypeInfoENS_17__hash_value_typeIS5_PSt9type_infoEENS_8equal_toIS5_EENS_4hashIS5_EELb1EEEE6secondB6v15007Ev CODE
 0001:00015a10 0000000bH .text$_ZNSt3__122__compressed_pair_elemINS_21__unordered_map_equalIPN6System7Typinfo9TTypeInfoENS_17__hash_value_typeIS5_PSt9type_infoEENS_8equal_toIS5_EENS_4hashIS5_EELb1EEELi1ELb1EE5__getB6v15007Ev CODE
 0001:00015a20 0000002eH .text$_ZNKSt3__18equal_toIPN6System7Typinfo9TTypeInfoEEclB6v15007ERKS4_S7_ CODE
 0001:00015a50 00000019H .text$_ZNKSt3__117__hash_value_typeIPN6System7Typinfo9TTypeInfoEPSt9type_infoE11__get_valueB6v15007Ev CODE
 0001:00015a70 00000019H .text$_ZNSt3__17launderB6v15007IKNS_4pairIKPN6System7Typinfo9TTypeInfoEPSt9type_infoEEEEPT_SC_ CODE
 0001:00015a90 0000000bH .text$_ZNSt3__19__launderB6v15007IKNS_4pairIKPN6System7Typinfo9TTypeInfoEPSt9type_infoEEEEPT_SC_ CODE
 0001:00015aa0 00000023H .text$_ZNSt3__116allocator_traitsINS_9allocatorINS_11__hash_nodeINS_17__hash_value_typeIPN6System7Typinfo9TTypeInfoEPSt9type_infoEEPvEEEEE8allocateB6v15007ERSD_y CODE
 0001:00015ad0 00000033H .text$_ZNSt3__122__hash_node_destructorINS_9allocatorINS_11__hash_nodeINS_17__hash_value_typeIPN6System7Typinfo9TTypeInfoEPSt9type_infoEEPvEEEEEC2B6v15007ERSD_b CODE
 0001:00015b10 0000003aH .text$_ZNSt3__110unique_ptrINS_11__hash_nodeINS_17__hash_value_typeIPN6System7Typinfo9TTypeInfoEPSt9type_infoEEPvEENS_22__hash_node_destructorINS_9allocatorISB_EEEEEC2B6v15007ILb1EvEEPSB_NS_16__dependent_typeINS_27__unique_ptr_deleter_sfinaeISF_EEXT_EE20__good_rval_ref_typeE CODE
 0001:00015b50 00000046H .text$_ZNSt3__116allocator_traitsINS_9allocatorINS_11__hash_nodeINS_17__hash_value_typeIPN6System7Typinfo9TTypeInfoEPSt9type_infoEEPvEEEEE9constructB6v15007INS_4pairIKS7_S9_EEJRKNS_21piecewise_construct_tENS_5tupleIJRSH_EEENSM_IJEEEEvEEvRSD_PT_DpOT0_ CODE
 0001:00015ba0 00000019H .text$_ZNSt3__110unique_ptrINS_11__hash_nodeINS_17__hash_value_typeIPN6System7Typinfo9TTypeInfoEPSt9type_infoEEPvEENS_22__hash_node_destructorINS_9allocatorISB_EEEEE11get_deleterB6v15007Ev CODE
 0001:00015bc0 00000051H .text$_ZNSt3__19allocatorINS_11__hash_nodeINS_17__hash_value_typeIPN6System7Typinfo9TTypeInfoEPSt9type_infoEEPvEEE8allocateB6v15007Ey CODE
 0001:00015c20 00000019H .text$_ZNSt3__116allocator_traitsINS_9allocatorINS_11__hash_nodeINS_17__hash_value_typeIPN6System7Typinfo9TTypeInfoEPSt9type_infoEEPvEEEEE8max_sizeB6v15007ISD_vEEyRKSD_ CODE
 0001:00015c40 00000011H .text$_ZNKSt3__19allocatorINS_11__hash_nodeINS_17__hash_value_typeIPN6System7Typinfo9TTypeInfoEPSt9type_infoEEPvEEE8max_sizeB6v15007Ev CODE
 0001:00015c60 00000040H .text$_ZNSt3__117__compressed_pairIPNS_11__hash_nodeINS_17__hash_value_typeIPN6System7Typinfo9TTypeInfoEPSt9type_infoEEPvEENS_22__hash_node_destructorINS_9allocatorISB_EEEEEC2B6v15007IRSC_SG_EEOT_OT0_ CODE
 0001:00015ca0 00000021H .text$_ZNSt3__122__compressed_pair_elemIPNS_11__hash_nodeINS_17__hash_value_typeIPN6System7Typinfo9TTypeInfoEPSt9type_infoEEPvEELi0ELb0EEC2B6v15007IRSC_vEEOT_ CODE
 0001:00015cd0 00000029H .text$_ZNSt3__122__compressed_pair_elemINS_22__hash_node_destructorINS_9allocatorINS_11__hash_nodeINS_17__hash_value_typeIPN6System7Typinfo9TTypeInfoEPSt9type_infoEEPvEEEEEELi1ELb0EEC2B6v15007ISF_vEEOT_ CODE
 0001:00015d00 0000004bH .text$_ZNSt3__19allocatorINS_11__hash_nodeINS_17__hash_value_typeIPN6System7Typinfo9TTypeInfoEPSt9type_infoEEPvEEE9constructB6v15007INS_4pairIKS6_S8_EEJRKNS_21piecewise_construct_tENS_5tupleIJRSF_EEENSK_IJEEEEEEvPT_DpOT0_ CODE
 0001:00015d50 00000057H .text$_ZNSt3__14pairIKPN6System7Typinfo9TTypeInfoEPSt9type_infoEC2B6v15007IJRS5_EJEEENS_21piecewise_construct_tENS_5tupleIJDpT_EEENSC_IJDpT0_EEE CODE
 0001:00015db0 00000060H .text$_ZNSt3__14pairIKPN6System7Typinfo9TTypeInfoEPSt9type_infoEC2B6v15007IJRS5_EJEJLy0EEJEEENS_21piecewise_construct_tERNS_5tupleIJDpT_EEERNSC_IJDpT0_EEENS_15__tuple_indicesIJXspT1_EEEENSL_IJXspT2_EEEE CODE
 0001:00015e10 00000019H .text$_ZNSt3__13getB6v15007ILy0EJRKPN6System7Typinfo9TTypeInfoEEEERNS_13tuple_elementIXT_ENS_5tupleIJDpT0_EEEE4typeERSB_ CODE
 0001:00015e30 0000000eH .text$_ZNSt3__112__tuple_leafILy0ERKPN6System7Typinfo9TTypeInfoELb0EE3getB6v15007Ev CODE
 0001:00015e40 0000001dH .text$_ZNSt3__117__compressed_pairIPNS_11__hash_nodeINS_17__hash_value_typeIPN6System7Typinfo9TTypeInfoEPSt9type_infoEEPvEENS_22__hash_node_destructorINS_9allocatorISB_EEEEE6secondB6v15007Ev CODE
 0001:00015e60 0000000bH .text$_ZNSt3__122__compressed_pair_elemINS_22__hash_node_destructorINS_9allocatorINS_11__hash_nodeINS_17__hash_value_typeIPN6System7Typinfo9TTypeInfoEPSt9type_infoEEPvEEEEEELi1ELb0EE5__getB6v15007Ev CODE
 0001:00015e70 00000019H .text$_ZNSt3__117__compressed_pairIyNS_22__unordered_map_hasherIPN6System7Typinfo9TTypeInfoENS_17__hash_value_typeIS5_PSt9type_infoEENS_4hashIS5_EENS_8equal_toIS5_EELb1EEEE5firstB6v15007Ev CODE
 0001:00015e90 00000019H .text$_ZNSt3__117__compressed_pairIfNS_21__unordered_map_equalIPN6System7Typinfo9TTypeInfoENS_17__hash_value_typeIS5_PSt9type_infoEENS_8equal_toIS5_EENS_4hashIS5_EELb1EEEE5firstB6v15007Ev CODE
 0001:00015eb0 0000000bH .text$_ZNSt3__122__compressed_pair_elemIfLi0ELb0EE5__getB6v15007Ev CODE
 0001:00015ec0 00000255H .text$_ZNSt3__112__hash_tableINS_17__hash_value_typeIPN6System7Typinfo9TTypeInfoEPSt9type_infoEENS_22__unordered_map_hasherIS5_S8_NS_4hashIS5_EENS_8equal_toIS5_EELb1EEENS_21__unordered_map_equalIS5_S8_SD_SB_Lb1EEENS_9allocatorIS8_EEE8__rehashILb1EEEvy CODE
 0001:00016120 000002c2H .text$_ZNSt3__112__hash_tableINS_17__hash_value_typeIPN6System7Typinfo9TTypeInfoEPSt9type_infoEENS_22__unordered_map_hasherIS5_S8_NS_4hashIS5_EENS_8equal_toIS5_EELb1EEENS_21__unordered_map_equalIS5_S8_SD_SB_Lb1EEENS_9allocatorIS8_EEE11__do_rehashILb1EEEvy CODE
 0001:000163f0 00000056H .text$_ZNSt3__116__next_hash_pow2B6v15007Ey CODE
 0001:00016450 00000007H .text$_ZNSt3__125__debug_db_invalidate_allB6v15007INS_12__hash_tableINS_17__hash_value_typeIPN6System7Typinfo9TTypeInfoEPSt9type_infoEENS_22__unordered_map_hasherIS6_S9_NS_4hashIS6_EENS_8equal_toIS6_EELb1EEENS_21__unordered_map_equalIS6_S9_SE_SC_Lb1EEENS_9allocatorIS9_EEEEEEvPT_ CODE
 0001:00016460 00000019H .text$_ZNSt3__110unique_ptrIA_PNS_16__hash_node_baseIPNS_11__hash_nodeINS_17__hash_value_typeIPN6System7Typinfo9TTypeInfoEPSt9type_infoEEPvEEEENS_25__bucket_list_deallocatorINS_9allocatorISF_EEEEE11get_deleterB6v15007Ev CODE
 0001:00016480 0000006aH .text$_ZNSt3__110unique_ptrIA_PNS_16__hash_node_baseIPNS_11__hash_nodeINS_17__hash_value_typeIPN6System7Typinfo9TTypeInfoEPSt9type_infoEEPvEEEENS_25__bucket_list_deallocatorINS_9allocatorISF_EEEEE5resetB6v15007IPSF_EENS_9enable_ifIXsr28_CheckArrayPointerConversionIT_EE5valueEvE4typeESP_ CODE
 0001:000164f0 00000023H .text$_ZNSt3__116allocator_traitsINS_9allocatorIPNS_16__hash_node_baseIPNS_11__hash_nodeINS_17__hash_value_typeIPN6System7Typinfo9TTypeInfoEPSt9type_infoEEPvEEEEEEE8allocateB6v15007ERSH_y CODE
 0001:00016520 00000051H .text$_ZNSt3__19allocatorIPNS_16__hash_node_baseIPNS_11__hash_nodeINS_17__hash_value_typeIPN6System7Typinfo9TTypeInfoEPSt9type_infoEEPvEEEEE8allocateB6v15007Ey CODE
 0001:00016580 00000019H .text$_ZNSt3__116allocator_traitsINS_9allocatorIPNS_16__hash_node_baseIPNS_11__hash_nodeINS_17__hash_value_typeIPN6System7Typinfo9TTypeInfoEPSt9type_infoEEPvEEEEEEE8max_sizeB6v15007ISH_vEEyRKSH_ CODE
 0001:000165a0 00000011H .text$_ZNKSt3__19allocatorIPNS_16__hash_node_baseIPNS_11__hash_nodeINS_17__hash_value_typeIPN6System7Typinfo9TTypeInfoEPSt9type_infoEEPvEEEEE8max_sizeB6v15007Ev CODE
 0001:000165c0 00000013H .text$_ZNSt3__112__libcpp_clzB6v15007Ey CODE
 0001:000165e0 00000057H .text$_ZNSt3__13maxB6v15007IyNS_6__lessIyyEEEERKT_S5_S5_T0_ CODE
[...]
 0002:00011f9c       $unwind$_ZN6System8Internal7Initcpp23SelectForInitializationEPNS1_20TUnitDescriptorBlockES3_ 000000014002ff9c     rtl:System.Internal.InitCPP.o
 0002:00011fa0       $unwind$_ZN6System8Internal7Initcpp23SelectForInitializationEPPNS1_20TUnitDescriptorBlockES4_ 000000014002ffa0     rtl:System.Internal.InitCPP.o
 0002:00011fa4       $unwind$_ZN6System8Internal7Initcpp15InitializeUnitsEPNS1_20TUnitDescriptorBlockES3_ 000000014002ffa4     rtl:System.Internal.InitCPP.o
 0002:00011fb0       $unwind$_ZN6System8Internal7Initcpp13FinalizeUnitsEPNS1_20TUnitDescriptorBlockES3_ 000000014002ffb0     rtl:System.Internal.InitCPP.o
 0002:00011fb8       $unwind$_ZN6System8Internal7Initcpp15InitializeUnitsEPPNS1_20TUnitDescriptorBlockES4_ 000000014002ffb8     rtl:System.Internal.InitCPP.o
 0002:00011fc4       $unwind$_ZN6System8Internal7Initcpp13FinalizeUnitsEPPNS1_20TUnitDescriptorBlockES4_ 000000014002ffc4     rtl:System.Internal.InitCPP.o
 0002:00011fcc       $unwind$_ZN6System8Internal7Initcpp15InitializeUnitsEPNS1_15TUnitDescriptorES3_ 000000014002ffcc     rtl:System.Internal.InitCPP.o
 0002:00011fd4       $unwind$_ZN6System8Internal7Initcpp13FinalizeUnitsEPNS1_15TUnitDescriptorES3_ 000000014002ffd4     rtl:System.Internal.InitCPP.o
 0002:00011fdc       $unwind$_ZN6System8Internal7Initcpp15CalculateDegreeEPNS1_20TUnitDescriptorBlockES3_ 000000014002ffdc     rtl:System.Internal.InitCPP.o
 0002:00011fe0       $unwind$_ZN6System8Internal7Initcpp15CalculateDegreeEPPNS1_20TUnitDescriptorBlockES4_ 000000014002ffe0     rtl:System.Internal.InitCPP.o
 0002:00011fe4       $unwind$_ZN6System8Internal7Initcpp16FinalizeUnitListEPPPNS1_15TUnitDescriptorES5_ 000000014002ffe4     rtl:System.Internal.InitCPP.o
 0002:00012020       $unwind$_ZN6System8Internal7Initcpp18InitializeRootUnitEPNS1_15TUnitDescriptorE 0000000140030020     rtl:System.Internal.InitCPP.o
 0002:000120d4       $unwind$_ZN6System8Internal7Initcpp16FinalizeRootUnitEPNS1_15TUnitDescriptorE 00000001400300d4     rtl:System.Internal.InitCPP.o
 0002:00012110       $unwind$_ZN6System8Internal7Initcpp12FinalizationEv 0000000140030110     rtl:System.Internal.InitCPP.o
 0002:00012114       $unwind$_ZN6System8Internal7Initcpp14initializationEv 0000000140030114     rtl:System.Internal.InitCPP.o
 0004:00000000       version_string             0000000140032000     crtbegin.o
 0004:000000e8       _ZN7Sysinit6ModuleE        00000001400320e8     sysinit.o
 0004:00000120       _ZN7Sysinit7TlsProcE       0000000140032120     sysinit.o
 0004:00000140       _ZN7Sysinit21_dtors_delayhlp_65535E 0000000140032140     sysinit.o
 0004:00000160       initial_tznames            0000000140032160     libucrt:lib64_libucrt_extra_a-ucrtbase_compat.o
 0004:00000178       initial_timezone           0000000140032178     libucrt:lib64_libucrt_extra_a-ucrtbase_compat.o
 0004:00000188       initial_daylight           0000000140032188     libucrt:lib64_libucrt_extra_a-ucrtbase_compat.o
 0004:000001c8       initial_tzname0            00000001400321c8     libucrt:lib64_libucrt_extra_a-ucrtbase_compat.o
 0004:000001cc       initial_tzname1            00000001400321cc     libucrt:lib64_libucrt_extra_a-ucrtbase_compat.o
 0004:000001e0       __do_global_dtors.p        00000001400321e0     libmingw32:lib64_libmingw32_a-gccmain.o
 0004:00000200       _ZZN6System19CheckSafecallResultElE13__init_comobj 0000000140032200     rtle:syssupp.o
 0004:0000023c       managedapp                 000000014003223c     crt2u.o
 0004:00000240       startinfo                  0000000140032240     crt2u.o
 0004:00000244       argc                       0000000140032244     crt2u.o
 0004:00000248       argv                       0000000140032248     crt2u.o
 0004:00000250       envp                       0000000140032250     crt2u.o
 0004:00000258       argret                     0000000140032258     crt2u.o
 0004:0000025c       has_cctor                  000000014003225c     crt2u.o
 0004:00000260       mainret                    0000000140032260     crt2u.o
 0004:000002a8       _ZN7Sysinit2_1E            00000001400322a8     sysinit.o
 0004:000002b0       _ZN7Sysinit9tlsBufferE     00000001400322b0     sysinit.o
 0004:000002b8       _ZN7Sysinit9UseTlsAPIE     00000001400322b8     sysinit.o
 0004:000002c0       .bss.delayhlp              00000001400322c0     sysinit.o
 0004:000002c0       ..__puiHead                00000001400322c0     sysinit.o
 0004:00000318       local__initenv             0000000140032318     libucrt:lib64_libucrt_extra_a-__initenv.o
 0004:00000320       local__winitenv            0000000140032320     libucrt:lib64_libucrt_extra_a-__initenv.o
 0004:00000328       initialized                0000000140032328     libmingw32:lib64_libmingw32_a-gccmain.o
 0004:00000360       _pei386_runtime_relocator.was_init 0000000140032360     libmingw32:lib64_libmingw32_a-pseudo-reloc.o
 0004:00000368       the_secs                   0000000140032368     libmingw32:lib64_libmingw32_a-pseudo-reloc.o
 0004:00000370       maxSections                0000000140032370     libmingw32:lib64_libmingw32_a-pseudo-reloc.o
 0004:00000378       stUserMathErr              0000000140032378     libmingw32:lib64_libmingw32_a-usermatherr.o
 0004:00000398       _ZZ18__delphi_type_infoE15type_info_mutex 0000000140032398     rtle:syssupp.o
 0004:000003a0       _ZZ18__delphi_type_infoE13type_info_map 00000001400323a0     rtle:syssupp.o
 0004:000003c8       _ZGVZ18__delphi_type_infoE13type_info_map 00000001400323c8     rtle:syssupp.o
 0004:000003d8       __mingwthr_cs_init         00000001400323d8     libmingw32:lib64_libmingw32_a-tlsthrd.o
 0004:000003e0       __mingwthr_cs              00000001400323e0     libmingw32:lib64_libmingw32_a-tlsthrd.o
 0004:00000408       key_dtor_list              0000000140032408     libmingw32:lib64_libmingw32_a-tlsthrd.o
 0004:00000414       _ZN6System8Internal7Strhlpr2_1E 0000000140032414     rtl:System.Internal.StrHlpr.o
 0004:00000418       _ZN6System8Internal7Initcpp2_1E 0000000140032418     rtl:System.Internal.InitCPP.o
 0005:0000006c       $pdata$_ZN7Sysinit19InterlockedExchangeERii 000000014003306c     sysinit.o
 0005:00000078       $pdata$_ZN7Sysinit26InterlockedExchangePointerERPvS0_ 0000000140033078     sysinit.o
 0005:00000084       $pdata$_ZN7Sysinit17SetDliNotifyHook2EPFPv15dliNotificationP13DelayLoadInfoE 0000000140033084     sysinit.o
 0005:00000090       $pdata$_ZN7Sysinit14DliNotifyHook2Ev 0000000140033090     sysinit.o
 0005:0000009c       $pdata$_ZN7Sysinit18SetDliFailureHook2EPFPv15dliNotificationP13DelayLoadInfoE 000000014003309c     sysinit.o
 0005:000000a8       $pdata$_ZN7Sysinit15DliFailureHook2Ev 00000001400330a8     sysinit.o
 0005:000000b4       $pdata$_ZN7Sysinit17_DelayLoadHelper2ERPvS0_ 00000001400330b4     sysinit.o
 0005:000000c0       $pdata$_ZN7Sysinit21UnloadDelayLoadedDLL2EPc 00000001400330c0     sysinit.o
 0005:000000cc       $pdata$_ZN7Sysinit20LoadAllImportsForDllEPc 00000001400330cc     sysinit.o
 0005:000000d8       $pdata$_ZN7Sysinit14AllocTlsBufferEi 00000001400330d8     sysinit.o
 0005:000000e4       $pdata$_ZN7Sysinit10GetTlsSizeEv 00000001400330e4     sysinit.o
 0005:000000f0       $pdata$_ZN7Sysinit13InitThreadTLSEv 00000001400330f0     sysinit.o
 0005:000000fc       $pdata$_ZN7Sysinit14InitProcessTLSEv 00000001400330fc     sysinit.o
 0005:00000108       $pdata$_ZN7Sysinit13ExitThreadTLSEv 0000000140033108     sysinit.o
 0005:00000114       $pdata$_ZN7Sysinit14ExitProcessTLSEv 0000000140033114     sysinit.o
 0005:00000120       $pdata$_ZN7Sysinit6isWineEv 0000000140033120     sysinit.o
 0005:0000012c       $pdata$_ZN7Sysinit7_GetTlsEv 000000014003312c     sysinit.o
 0005:00000138       $pdata$_ZN7Sysinit16InitializeModuleEv 0000000140033138     sysinit.o
 0005:00000144       $pdata$_ZN7Sysinit18UninitializeModuleEv 0000000140033144     sysinit.o
 0005:00000150       $pdata$_ZN7Sysinit7VclInitEbbyb 0000000140033150     sysinit.o
 0005:0000015c       $pdata$_ZN7Sysinit7VclExitEv 000000014003315c     sysinit.o
 0005:00000168       $pdata$_ZN7Sysinit14__dbkDummyProcEv 0000000140033168     sysinit.o
 0005:00000174       $pdata$_ZN7Sysinit14__dbkFCallArgsEPvS0_S0_S0_S0_S0_S0_S0_S0_S0_S0_S0_S0_S0_S0_S0_S0_S0_S0_S0_S0_S0_S0_S0_S0_S0_S0_S0_S0_S0_ 0000000140033174     sysinit.o
 0005:00000180       $pdata$_ZN7Sysinit19__dbk_fcall_wrapperEv 0000000140033180     sysinit.o
 0005:00000198       $pdata$_ZN7Sysinit8_InitPkgEyiPv 0000000140033198     sysinit.o
 0005:000001a4       $pdata$_ZN7Sysinit12_PackageLoadEPN6System16PackageInfoTableE 00000001400331a4     sysinit.o
 0005:000001b0       $pdata$_ZN7Sysinit14_PackageUnloadEPN6System16PackageInfoTableE 00000001400331b0     sysinit.o
 0005:000001bc       $pdata$_ZN7Sysinit8_InitLibEPN6System12TInitContextEPNS0_16PackageInfoTableEyjPv 00000001400331bc     sysinit.o
 0005:000001c8       $pdata$_ZN7Sysinit8_InitExeEPv 00000001400331c8     sysinit.o
 0005:000001d4       $pdata$delayhlp            00000001400331d4     sysinit.o
 0005:00000204       $pdata$_ZN7Sysinit12FinalizationEv 0000000140033204     sysinit.o
 0005:00000210       $pdata$_ZN7Sysinit14initializationEv 0000000140033210     sysinit.o
 0005:00002c4c       $pdata$_ZN6System8Internal7Strhlpr15UnicodeFromAnsiERNS_13UnicodeStringERNS_11AnsiStringTILt65535EEE 0000000140035c4c     rtl:System.Internal.StrHlpr.o
 0005:00002c58       $pdata$_ZN6System8Internal7Strhlpr16UnicodeFromPCharERNS_13UnicodeStringEPcb 0000000140035c58     rtl:System.Internal.StrHlpr.o
 0005:00002c70       $pdata$_ZN6System8Internal7Strhlpr15UnicodeFromUTF8ERNS_13UnicodeStringEPKc 0000000140035c70     rtl:System.Internal.StrHlpr.o
 0005:00002c7c       $pdata$_ZN6System8Internal7Strhlpr20UnicodeFromPWideCharERNS_13UnicodeStringEPw 0000000140035c7c     rtl:System.Internal.StrHlpr.o
 0005:00002c88       $pdata$_ZN6System8Internal7Strhlpr13UnicodeAppendERNS_13UnicodeStringES3_ 0000000140035c88     rtl:System.Internal.StrHlpr.o
 0005:00002c94       $pdata$_ZN6System8Internal7Strhlpr10UnicodeCatERNS_13UnicodeStringES3_ 0000000140035c94     rtl:System.Internal.StrHlpr.o
 0005:00002ca0       $pdata$_ZN6System8Internal7Strhlpr13UnicodeDeleteERNS_13UnicodeStringEii 0000000140035ca0     rtl:System.Internal.StrHlpr.o
 0005:00002cac       $pdata$_ZN6System8Internal7Strhlpr16UnicodeSetLengthERNS_13UnicodeStringEi 0000000140035cac     rtl:System.Internal.StrHlpr.o
 0005:00002cb8       $pdata$_ZN6System8Internal7Strhlpr10UnicodePosERNS_13UnicodeStringES3_ 0000000140035cb8     rtl:System.Internal.StrHlpr.o
 0005:00002cc4       $pdata$_ZN6System8Internal7Strhlpr11UnicodeCopyERNS_13UnicodeStringEii 0000000140035cc4     rtl:System.Internal.StrHlpr.o
 0005:00002cd0       $pdata$_ZN6System8Internal7Strhlpr13UnicodeInsertERNS_13UnicodeStringES3_i 0000000140035cd0     rtl:System.Internal.StrHlpr.o
 0005:00002cdc       $pdata$_ZN6System8Internal7Strhlpr13UnicodeAssignERNS_13UnicodeStringES3_ 0000000140035cdc     rtl:System.Internal.StrHlpr.o
 0005:00002ce8       $pdata$_ZN6System8Internal7Strhlpr11UnicodeFreeERNS_13UnicodeStringE 0000000140035ce8     rtl:System.Internal.StrHlpr.o
 0005:00002cf4       $pdata$_ZN6System8Internal7Strhlpr12UnicodeEqualERNS_13UnicodeStringES3_ 0000000140035cf4     rtl:System.Internal.StrHlpr.o
 0005:00002d00       $pdata$_ZN6System8Internal7Strhlpr11UnicodeLessERNS_13UnicodeStringES3_ 0000000140035d00     rtl:System.Internal.StrHlpr.o
 0005:00002d0c       $pdata$_ZN6System8Internal7Strhlpr14UnicodeGreaterERNS_13UnicodeStringES3_ 0000000140035d0c     rtl:System.Internal.StrHlpr.o
 0005:00002d18       $pdata$_ZN6System8Internal7Strhlpr10AnsiAppendERNS_11AnsiStringTILt65535EEES4_ 0000000140035d18     rtl:System.Internal.StrHlpr.o
 0005:00002d24       $pdata$_ZN6System8Internal7Strhlpr7AnsiCatERNS_11AnsiStringTILt65535EEES4_ 0000000140035d24     rtl:System.Internal.StrHlpr.o
 0005:00002d30       $pdata$_ZN6System8Internal7Strhlpr10AnsiDeleteERNS_11AnsiStringTILt65535EEEii 0000000140035d30     rtl:System.Internal.StrHlpr.o
 0005:00002d3c       $pdata$_ZN6System8Internal7Strhlpr13AnsiSetLengthERNS_11AnsiStringTILt65535EEEi 0000000140035d3c     rtl:System.Internal.StrHlpr.o
 0005:00002d48       $pdata$_ZN6System8Internal7Strhlpr7AnsiPosERNS_11AnsiStringTILt65535EEES4_ 0000000140035d48     rtl:System.Internal.StrHlpr.o
 0005:00002d54       $pdata$_ZN6System8Internal7Strhlpr8AnsiCopyERNS_11AnsiStringTILt65535EEEii 0000000140035d54     rtl:System.Internal.StrHlpr.o
 0005:00002d60       $pdata$_ZN6System8Internal7Strhlpr10AnsiInsertERNS_11AnsiStringTILt65535EEES4_i 0000000140035d60     rtl:System.Internal.StrHlpr.o
 0005:00002d6c       $pdata$_ZN6System8Internal7Strhlpr9AnsiEqualERNS_11AnsiStringTILt65535EEES4_ 0000000140035d6c     rtl:System.Internal.StrHlpr.o
 0005:00002d78       $pdata$_ZN6System8Internal7Strhlpr11AnsiGreaterERNS_11AnsiStringTILt65535EEES4_ 0000000140035d78     rtl:System.Internal.StrHlpr.o
 0005:00002d84       $pdata$_ZN6System8Internal7Strhlpr8AnsiLessERNS_11AnsiStringTILt65535EEES4_ 0000000140035d84     rtl:System.Internal.StrHlpr.o
 0005:00002d90       $pdata$_ZN6System8Internal7Strhlpr10AnsiAssignERNS_11AnsiStringTILt65535EEES4_ 0000000140035d90     rtl:System.Internal.StrHlpr.o
 0005:00002d9c       $pdata$_ZN6System8Internal7Strhlpr8AnsiFreeERNS_11AnsiStringTILt65535EEE 0000000140035d9c     rtl:System.Internal.StrHlpr.o
 0005:00002da8       $pdata$_ZN6System8Internal7Strhlpr10WideAssignERNS_10WideStringES3_ 0000000140035da8     rtl:System.Internal.StrHlpr.o
 0005:00002db4       $pdata$_ZN6System8Internal7Strhlpr8WideFreeERNS_10WideStringE 0000000140035db4     rtl:System.Internal.StrHlpr.o
 0005:00002dc0       $pdata$_ZN6System8Internal7Strhlpr12WideFromAnsiERNS_10WideStringERNS_11AnsiStringTILt65535EEE 0000000140035dc0     rtl:System.Internal.StrHlpr.o
 0005:00002dcc       $pdata$_ZN6System8Internal7Strhlpr15WideFromUnicodeERNS_10WideStringERNS_13UnicodeStringE 0000000140035dcc     rtl:System.Internal.StrHlpr.o
 0005:00002dd8       $pdata$_ZN6System8Internal7Strhlpr13WideFromPCharERNS_10WideStringEPcb 0000000140035dd8     rtl:System.Internal.StrHlpr.o
 0005:00002df0       $pdata$_ZN6System8Internal7Strhlpr9WideEqualERNS_10WideStringES3_ 0000000140035df0     rtl:System.Internal.StrHlpr.o
 0005:00002dfc       $pdata$_ZN6System8Internal7Strhlpr8WideLessERNS_10WideStringES3_ 0000000140035dfc     rtl:System.Internal.StrHlpr.o
 0005:00002e08       $pdata$_ZN6System8Internal7Strhlpr11WideGreaterERNS_10WideStringES3_ 0000000140035e08     rtl:System.Internal.StrHlpr.o
 0005:00002e14       $pdata$_ZN6System8Internal7Strhlpr7WideCatERNS_10WideStringES3_ 0000000140035e14     rtl:System.Internal.StrHlpr.o
 0005:00002e20       $pdata$_ZN6System8Internal7Strhlpr10WideLengthERNS_10WideStringE 0000000140035e20     rtl:System.Internal.StrHlpr.o
 0005:00002e2c       $pdata$_ZN6System8Internal7Strhlpr7WidePosERNS_10WideStringES3_ 0000000140035e2c     rtl:System.Internal.StrHlpr.o
 0005:00002e38       $pdata$_ZN6System8Internal7Strhlpr13WideSetLengthERNS_10WideStringEi 0000000140035e38     rtl:System.Internal.StrHlpr.o
 0005:00002e44       $pdata$_ZN6System8Internal7Strhlpr10WideDeleteERNS_10WideStringEii 0000000140035e44     rtl:System.Internal.StrHlpr.o
 0005:00002e50       $pdata$_ZN6System8Internal7Strhlpr10WideInsertERNS_10WideStringES3_i 0000000140035e50     rtl:System.Internal.StrHlpr.o
 0005:00002e5c       $pdata$_ZN6System8Internal7Strhlpr8WideCopyERNS_10WideStringEii 0000000140035e5c     rtl:System.Internal.StrHlpr.o
 0005:00002e68       $pdata$_ZN6System8Internal7Strhlpr10WideAppendERNS_10WideStringES3_ 0000000140035e68     rtl:System.Internal.StrHlpr.o
 0005:00002e74       $pdata$_ZN6System8Internal7Strhlpr12WideFromUTF8ERNS_10WideStringEPKc 0000000140035e74     rtl:System.Internal.StrHlpr.o
 0005:00002e8c       $pdata$_ZN6System8Internal7Strhlpr15UnicodeFromWideERNS_13UnicodeStringERNS_10WideStringE 0000000140035e8c     rtl:System.Internal.StrHlpr.o
 0005:00002e98       $pdata$_ZN6System8Internal7Strhlpr12FinalizationEv 0000000140035e98     rtl:System.Internal.StrHlpr.o
 0005:00002ea4       $pdata$_ZN6System8Internal7Strhlpr14initializationEv 0000000140035ea4     rtl:System.Internal.StrHlpr.o
 0005:00002f04       $pdata$_ZN6System8Internal7Initcpp23SelectForInitializationEPNS1_20TUnitDescriptorBlockES3_ 0000000140035f04     rtl:System.Internal.InitCPP.o
 0005:00002f10       $pdata$_ZN6System8Internal7Initcpp23SelectForInitializationEPPNS1_20TUnitDescriptorBlockES4_ 0000000140035f10     rtl:System.Internal.InitCPP.o
 0005:00002f1c       $pdata$_ZN6System8Internal7Initcpp15InitializeUnitsEPNS1_20TUnitDescriptorBlockES3_ 0000000140035f1c     rtl:System.Internal.InitCPP.o
 0005:00002f28       $pdata$_ZN6System8Internal7Initcpp13FinalizeUnitsEPNS1_20TUnitDescriptorBlockES3_ 0000000140035f28     rtl:System.Internal.InitCPP.o
 0005:00002f34       $pdata$_ZN6System8Internal7Initcpp15InitializeUnitsEPPNS1_20TUnitDescriptorBlockES4_ 0000000140035f34     rtl:System.Internal.InitCPP.o
 0005:00002f40       $pdata$_ZN6System8Internal7Initcpp13FinalizeUnitsEPPNS1_20TUnitDescriptorBlockES4_ 0000000140035f40     rtl:System.Internal.InitCPP.o
 0005:00002f4c       $pdata$_ZN6System8Internal7Initcpp15InitializeUnitsEPNS1_15TUnitDescriptorES3_ 0000000140035f4c     rtl:System.Internal.InitCPP.o
 0005:00002f58       $pdata$_ZN6System8Internal7Initcpp13FinalizeUnitsEPNS1_15TUnitDescriptorES3_ 0000000140035f58     rtl:System.Internal.InitCPP.o
 0005:00002f64       $pdata$_ZN6System8Internal7Initcpp15CalculateDegreeEPNS1_20TUnitDescriptorBlockES3_ 0000000140035f64     rtl:System.Internal.InitCPP.o
 0005:00002f70       $pdata$_ZN6System8Internal7Initcpp15CalculateDegreeEPPNS1_20TUnitDescriptorBlockES4_ 0000000140035f70     rtl:System.Internal.InitCPP.o
 0005:00002f7c       $pdata$_ZN6System8Internal7Initcpp16FinalizeUnitListEPPPNS1_15TUnitDescriptorES5_ 0000000140035f7c     rtl:System.Internal.InitCPP.o
 0005:00002f94       $pdata$_ZN6System8Internal7Initcpp18InitializeRootUnitEPNS1_15TUnitDescriptorE 0000000140035f94     rtl:System.Internal.InitCPP.o
 0005:00002fd0       $pdata$_ZN6System8Internal7Initcpp16FinalizeRootUnitEPNS1_15TUnitDescriptorE 0000000140035fd0     rtl:System.Internal.InitCPP.o
 0005:00002fe8       $pdata$_ZN6System8Internal7Initcpp12FinalizationEv 0000000140035fe8     rtl:System.Internal.InitCPP.o
 0005:00002ff4       $pdata$_ZN6System8Internal7Initcpp14initializationEv 0000000140035ff4     rtl:System.Internal.InitCPP.o
 000b:00000370       $R000000                   000000014003c370     internal .obj file created from .res files
 000b:000006a0       $R000001                   000000014003c6a0     internal .obj file created from .res files
 000b:000008a0       $R000002                   000000014003c8a0     internal .obj file created from .res files
 000b:00001ec8       $R000003                   000000014003dec8     internal .obj file created from .res files
 000b:00002d70       $R000004                   000000014003ed70     internal .obj file created from .res files
 000b:00003618       $R000005                   000000014003f618     internal .obj file created from .res files
 000b:00003b80       $R000006                   000000014003fb80     internal .obj file created from .res files
 000b:0000a040       $R000007                   0000000140046040     internal .obj file created from .res files
 000b:0001a868       $R000008                   0000000140056868     internal .obj file created from .res files
 000b:0001ea90       $R000009                   000000014005aa90     internal .obj file created from .res files
 000b:0001f418       $R00000A                   000000014005b418     internal .obj file created from .res files
 000b:0001f880       $R00000B                   000000014005b880     internal .obj file created from .res files
 000b:0001f908       $R00000C                   000000014005b908     internal .obj file created from .res files
 000b:00020018       $R00000D                   000000014005c018     internal .obj file created from .res files
