 unzipDOCX

 Timestamp is 6980b4b9 (Mon Feb  2 17:29:13 2026)

 Preferred load address is 0000000140000000

 Start         Length     Name                   Class
 0001:00000000 00002494H .text                   CODE
 0001:000024a0 00000075H .text$_ZN3Vcl5Forms5TFormC3EPN6System7Classes10TComponentE CODE
 0001:00002520 00000040H .text$_ZN6System13UnicodeStringC1Ei CODE
 0001:00002560 0000004cH .text$_ZN6TForm2D0Ev    CODE
 0001:000025b0 0000007fH .text$_ZN3Vcl5Forms5TFormC3EPN6System7Classes10TComponentEi CODE
 0001:00002630 00000091H .text$_ZN3Vcl5Forms5TFormC3EPN6System7Classes10TComponentEii CODE
 0001:000026d0 00000030H .text$_ZN6System13UnicodeStringC2Ei CODE
 0001:00002700 0000004cH .text$_ZN3Vcl5Forms5TFormD0Ev CODE
 0001:00002750 000028d9H .text                   CODE
 0001:00005030 00000019H .text$_ZNSt3__112basic_stringIcNS_11char_traitsIcEENS_9allocatorIcEEEC1B6v15007Ev CODE
 0001:00005050 00000046H .text$_ZNSt3__1plB6v15007IcNS_11char_traitsIcEENS_9allocatorIcEEEENS_12basic_stringIT_T0_T1_EEOS9_RKS9_ CODE
 0001:000050a0 00000046H .text$_ZNSt3__1plB6v15007IcNS_11char_traitsIcEENS_9allocatorIcEEEENS_12basic_stringIT_T0_T1_EEOS9_PKS6_ CODE
 0001:000050f0 00000019H .text$_ZNKSt3__112basic_stringIcNS_11char_traitsIcEENS_9allocatorIcEEE5c_strB6v15007Ev CODE
 0001:00005110 00000025H .text$_ZNSt3__16vectorIcNS_9allocatorIcEEE5beginB6v15007Ev CODE
 0001:00005140 00000026H .text$_ZNSt3__16vectorIcNS_9allocatorIcEEE3endB6v15007Ev CODE
 0001:00005170 00000029H .text$_ZNSt3__1neB6v15007IPcEEbRKNS_11__wrap_iterIT_EES6_ CODE
 0001:000051a0 0000000eH .text$_ZNKSt3__111__wrap_iterIPcEdeB6v15007Ev CODE
 0001:000051b0 00000015H .text$_ZNSt3__111__wrap_iterIPcEppB6v15007Ev CODE
 0001:000051d0 0000005fH .text$_ZNKSt3__14__fs10filesystem4path11parent_pathB6v15007Ev CODE
 0001:00005230 0000004dH .text$_ZNKSt3__14__fs10filesystem4path6stringB6v15007Ev CODE
 0001:00005280 00000019H .text$_ZNSt3__14__fs10filesystem4pathD1B6v15007Ev CODE
 0001:000052a0 0000003fH .text$_ZNSt3__114basic_ifstreamIcNS_11char_traitsIcEEEC1B6v15007ERKNS_4__fs10filesystem4pathEj CODE
 0001:000052e0 00000167H .text$_ZNSt3__114basic_ofstreamIcNS_11char_traitsIcEEEC1ERKNS_12basic_stringIcS2_NS_9allocatorIcEEEEj CODE
 0001:00005450 00000023H .text$_ZNSt3__16vectorIcNS_9allocatorIcEEEC1Ey CODE
 0001:00005480 0000001cH .text$_ZNSt3__16vectorIcNS_9allocatorIcEEE4dataB6v15007Ev CODE
 0001:000054a0 0000001fH .text$_ZNKSt3__19basic_iosIcNS_11char_traitsIcEEEcvbB6v15007Ev CODE
 0001:000054c0 0000000fH .text$_ZNKSt3__113basic_istreamIcNS_11char_traitsIcEEE6gcountB6v15007Ev CODE
 0001:000054d0 00000042H .text$_ZNSt3__114basic_ifstreamIcNS_11char_traitsIcEEE5closeEv CODE
 0001:00005520 00000042H .text$_ZNSt3__114basic_ofstreamIcNS_11char_traitsIcEEE5closeEv CODE
 0001:00005570 00000046H .text$_ZNSt3__1plB6v15007IcNS_11char_traitsIcEENS_9allocatorIcEEEENS_12basic_stringIT_T0_T1_EEOS9_SA_ CODE
 0001:000055c0 0000004aH .text$_ZNSt3__1plB6v15007IcNS_11char_traitsIcEENS_9allocatorIcEEEENS_12basic_stringIT_T0_T1_EEPKS6_OS9_ CODE
 0001:00005610 0000005fH .text$_ZNKSt3__14__fs10filesystem4path8filenameB6v15007Ev CODE
 0001:00005670 00000019H .text$_ZNSt3__16vectorIcNS_9allocatorIcEEED1B6v15007Ev CODE
 0001:00005690 00000036H .text$_ZNSt3__114basic_ofstreamIcNS_11char_traitsIcEEED1Ev CODE
 0001:000056d0 00000036H .text$_ZNSt3__114basic_ifstreamIcNS_11char_traitsIcEEED1Ev CODE
 0001:00005710 00000019H .text$_ZNKSt3__112basic_stringIcNS_11char_traitsIcEENS_9allocatorIcEEE6lengthB6v15007Ev CODE
 0001:00005730 00000022H .text$_ZNSt3__112basic_stringIcNS_11char_traitsIcEENS_9allocatorIcEEEixB6v15007Ey CODE
 0001:00005760 00000023H .text$_ZNSt3__112basic_stringIcNS_11char_traitsIcEENS_9allocatorIcEEEC1B6v15007EOS5_ CODE
 0001:00005790 0000003fH .text$_ZNSt3__113basic_fstreamIcNS_11char_traitsIcEEEC1B6v15007ERKNS_4__fs10filesystem4pathEj CODE
 0001:000057d0 00000179H .text$_ZNSt3__113basic_fstreamIcNS_11char_traitsIcEEEC1ERKNS_12basic_stringIcS2_NS_9allocatorIcEEEEj CODE
 0001:00005950 0000001dH .text$_ZNKSt3__19basic_iosIcNS_11char_traitsIcEEE3eofB6v15007Ev CODE
 0001:00005970 00000050H .text$_ZNSt3__17getlineB6v15007IcNS_11char_traitsIcEENS_9allocatorIcEEEERNS_13basic_istreamIT_T0_EES9_RNS_12basic_stringIS6_S7_T1_EE CODE
 0001:000059c0 00000049H .text$_ZNSt3__1lsIcNS_11char_traitsIcEENS_9allocatorIcEEEERNS_13basic_ostreamIT_T0_EES9_RKNS_12basic_stringIS6_S7_T1_EE CODE
 0001:00005a10 0000001dH .text$_ZNSt3__113basic_ostreamIcNS_11char_traitsIcEEElsB6v15007EPFRS3_S4_E CODE
 0001:00005a30 00000049H .text$_ZNSt3__14endlIcNS_11char_traitsIcEEEERNS_13basic_ostreamIT_T0_EES7_ CODE
 0001:00005a80 00000042H .text$_ZNSt3__113basic_fstreamIcNS_11char_traitsIcEEE5closeEv CODE
 0001:00005ad0 00000036H .text$_ZNSt3__113basic_fstreamIcNS_11char_traitsIcEEED1Ev CODE
 0001:00005b10 00000044H .text$_ZN6System11AnsiStringTILt0EEC1ERKNS_13UnicodeStringE CODE
 0001:00005b60 00000043H .text$_ZNK6System11AnsiStringTILt0EE5c_strEv CODE
 0001:00005bb0 00000023H .text$_ZNSt3__112basic_stringIcNS_11char_traitsIcEENS_9allocatorIcEEEaSB6v15007EPKc CODE
 0001:00005be0 00000019H .text$_ZN6System11AnsiStringTILt0EED1Ev CODE
 0001:00005c00 0000002dH .text$_ZNSt3__14__fs10filesystem4pathC1B6v15007INS_12basic_stringIcNS_11char_traitsIcEENS_9allocatorIcEEEEvEERKT_NS2_6formatE CODE
 0001:00005c30 00000179H .text$_ZNKSt3__14__fs10filesystem4path8u8stringB6v15007Ev CODE
 0001:00005db0 00000031H .text$_ZNSt3__112basic_stringIcNS_11char_traitsIcEENS_9allocatorIcEEEaSB6v15007EOS5_ CODE
 0001:00005df0 00000024H .text$_ZNSt3__14__fs10filesystem12current_pathB6v15007Ev CODE
 0001:00005e20 00000125H .text$_ZNSt3__1plB6v15007IcNS_11char_traitsIcEENS_9allocatorIcEEEENS_12basic_stringIT_T0_T1_EERKS9_PKS6_ CODE
 0001:00005f50 00000032H .text$_ZNSt3__14__fs10filesystem28recursive_directory_iteratorC1B6v15007ERKNS1_4pathENS1_17directory_optionsE CODE
 0001:00005f90 00000020H .text$_ZNSt3__14__fs10filesystem5beginB6v15007ENS1_28recursive_directory_iteratorE CODE
 0001:00005fb0 00000023H .text$_ZNSt3__14__fs10filesystem28recursive_directory_iteratorC1ERKS2_ CODE
 0001:00005fe0 00000019H .text$_ZNSt3__14__fs10filesystem28recursive_directory_iteratorD1Ev CODE
 0001:00006000 00000020H .text$_ZNSt3__14__fs10filesystem3endB6v15007ENS1_28recursive_directory_iteratorE CODE
 0001:00006020 00000029H .text$_ZNSt3__14__fs10filesystemneB6v15007ERKNS1_28recursive_directory_iteratorES4_ CODE
 0001:00006050 00000019H .text$_ZNKSt3__14__fs10filesystem28recursive_directory_iteratordeB6v15007Ev CODE
 0001:00006070 0000000bH .text$_ZNKSt3__14__fs10filesystem15directory_entrycvRKNS1_4pathEB6v15007Ev CODE
 0001:00006080 00000023H .text$_ZNSt3__14__fs10filesystem4pathC1B6v15007ERKS2_ CODE
 0001:000060b0 00000043H .text$_ZNSt3__14__fs10filesystem12is_directoryB6v15007ERKNS1_4pathE CODE
 0001:00006100 00000043H .text$_ZNSt3__14__fs10filesystem15is_regular_fileB6v15007ERKNS1_4pathE CODE
 0001:00006150 00000061H .text$_ZNSt3__14__fs10filesystemneB6v15007ERKNS1_4pathES4_ CODE
 0001:000061c0 0000005fH .text$_ZNKSt3__14__fs10filesystem4path9extensionB6v15007Ev CODE
 0001:00006220 0000002dH .text$_ZNSt3__14__fs10filesystem4pathC1B6v15007IA6_cvEERKT_NS2_6formatE CODE
 0001:00006250 0000002dH .text$_ZNSt3__14__fs10filesystem4pathC1B6v15007IA5_cvEERKT_NS2_6formatE CODE
 0001:00006280 0000001dH .text$_ZNSt3__14__fs10filesystem28recursive_directory_iteratorppEv CODE
 0001:000062a0 00000078H .text$_ZNKSt3__112basic_stringIcNS_11char_traitsIcEENS_9allocatorIcEEE5rfindB6v15007EPKcy CODE
 0001:00006320 0000002dH .text$_ZNSt3__112basic_stringIcNS_11char_traitsIcEENS_9allocatorIcEEEC1B6v15007IPcvEET_S8_ CODE
 0001:00006350 0000004cH .text$_ZN6TForm1D0Ev    CODE
 0001:000063a0 0000003fH .text$_ZNSt3__1eqB6v15007IPcEEbRKNS_11__wrap_iterIT_EES6_ CODE
 0001:000063e0 0000000eH .text$_ZNKSt3__111__wrap_iterIPcE4baseB6v15007Ev CODE
 0001:000063f0 00000023H .text$_ZNSt3__112basic_stringIwNS_11char_traitsIwEENS_9allocatorIwEEEC1INS_17basic_string_viewIwS2_EEvEERKT_ CODE
 0001:00006420 0000002dH .text$_ZNSt3__14__fs10filesystem4pathC1B6v15007EONS_12basic_stringIwNS_11char_traitsIwEENS_9allocatorIwEEEENS2_6formatE CODE
 0001:00006450 00000078H .text$_ZNSt3__112basic_stringIwNS_11char_traitsIwEENS_9allocatorIwEEEC2INS_17basic_string_viewIwS2_EEvEERKT_ CODE
 0001:000064d0 0000002dH .text$_ZNSt3__117__compressed_pairINS_12basic_stringIwNS_11char_traitsIwEENS_9allocatorIwEEE5__repES5_EC1B6v15007INS_18__default_init_tagESA_EEOT_OT0_ CODE
 0001:00006500 0000000eH .text$_ZNKSt3__117basic_string_viewIwNS_11char_traitsIwEEE4dataB6v15007Ev CODE
 0001:00006510 0000000fH .text$_ZNKSt3__117basic_string_viewIwNS_11char_traitsIwEEE4sizeB6v15007Ev CODE
 0001:00006520 00000007H .text$_ZNSt3__119__debug_db_insert_cB6v15007INS_12basic_stringIwNS_11char_traitsIwEENS_9allocatorIwEEEEEEvPT_ CODE
 0001:00006530 0000003aH .text$_ZNSt3__117__compressed_pairINS_12basic_stringIwNS_11char_traitsIwEENS_9allocatorIwEEE5__repES5_EC2B6v15007INS_18__default_init_tagESA_EEOT_OT0_ CODE
 0001:00006570 00000011H .text$_ZNSt3__122__compressed_pair_elemINS_12basic_stringIwNS_11char_traitsIwEENS_9allocatorIwEEE5__repELi0ELb0EEC2B6v15007ENS_18__default_init_tagE CODE
 0001:00006590 0000001dH .text$_ZNSt3__122__compressed_pair_elemINS_9allocatorIwEELi1ELb1EEC2B6v15007ENS_18__default_init_tagE CODE
 0001:000065b0 00000019H .text$_ZNSt3__19allocatorIwEC2B6v15007Ev CODE
 0001:000065d0 00000007H .text$_ZNSt3__116__non_trivial_ifILb1ENS_9allocatorIwEEEC2B6v15007Ev CODE
 0001:000065e0 00000028H .text$_ZNSt3__14__fs10filesystem4pathC2B6v15007EONS_12basic_stringIwNS_11char_traitsIwEENS_9allocatorIwEEEENS2_6formatE CODE
 0001:00006610 00000023H .text$_ZNSt3__112basic_stringIwNS_11char_traitsIwEENS_9allocatorIwEEEC1B6v15007EOS5_ CODE
 0001:00006640 00000082H .text$_ZNSt3__112basic_stringIwNS_11char_traitsIwEENS_9allocatorIwEEEC2B6v15007EOS5_ CODE
 0001:000066d0 00000019H .text$_ZNSt3__112basic_stringIwNS_11char_traitsIwEENS_9allocatorIwEEE14__default_initB6v15007Ev CODE
 0001:000066f0 0000000eH .text$__clang_call_terminate CODE
 0001:00006700 00000026H .text$_ZNKSt3__112basic_stringIwNS_11char_traitsIwEENS_9allocatorIwEEE9__is_longB6v15007Ev CODE
 0001:00006730 00000012H .text$_ZNSt3__115__debug_db_swapB6v15007INS_12basic_stringIwNS_11char_traitsIwEENS_9allocatorIwEEEEEEvPT_S8_ CODE
 0001:00006750 0000004eH .text$_ZNSt3__112basic_stringIwNS_11char_traitsIwEENS_9allocatorIwEEE6__zeroB6v15007Ev CODE
 0001:000067a0 00000019H .text$_ZNSt3__117__compressed_pairINS_12basic_stringIwNS_11char_traitsIwEENS_9allocatorIwEEE5__repES5_E5firstB6v15007Ev CODE
 0001:000067c0 0000000bH .text$_ZNSt3__122__compressed_pair_elemINS_12basic_stringIwNS_11char_traitsIwEENS_9allocatorIwEEE5__repELi0ELb0EE5__getB6v15007Ev CODE
 0001:000067d0 00000019H .text$_ZNKSt3__117__compressed_pairINS_12basic_stringIwNS_11char_traitsIwEENS_9allocatorIwEEE5__repES5_E5firstB6v15007Ev CODE
 0001:000067f0 0000000bH .text$_ZNKSt3__122__compressed_pair_elemINS_12basic_stringIwNS_11char_traitsIwEENS_9allocatorIwEEE5__repELi0ELb0EE5__getB6v15007Ev CODE
 0001:00006800 000000c8H .text$_ZNKSt3__14__fs10filesystem4path6stringB6v15007IcNS_11char_traitsIcEENS_9allocatorIcEEEENS_12basic_stringIT_T0_T1_EERKSB_ CODE
 0001:000068d0 00000019H .text$_ZNSt3__19allocatorIcEC1B6v15007Ev CODE
 0001:000068f0 00000023H .text$_ZNSt3__112basic_stringIcNS_11char_traitsIcEENS_9allocatorIcEEEC1B6v15007ERKS4_ CODE
 0001:00006920 00000052H .text$_ZNKSt3__112basic_stringIwNS_11char_traitsIwEENS_9allocatorIwEEE4sizeB6v15007Ev CODE
 0001:00006980 00000074H .text$_ZNSt3__14__fs10filesystem11_PathExportIcE8__appendB6v15007INS_12basic_stringIcNS_11char_traitsIcEENS_9allocatorIcEEEEEEvRT_RKNS5_IwNS6_IwEENS8_IwEEEE CODE
 0001:00006a00 00000058H .text$_ZNSt3__112basic_stringIcNS_11char_traitsIcEENS_9allocatorIcEEEC2B6v15007ERKS4_ CODE
 0001:00006a60 0000002dH .text$_ZNSt3__117__compressed_pairINS_12basic_stringIcNS_11char_traitsIcEENS_9allocatorIcEEE5__repES5_EC1B6v15007INS_18__default_init_tagERKS5_EEOT_OT0_ CODE
 0001:00006a90 00000007H .text$_ZNSt3__119__debug_db_insert_cB6v15007INS_12basic_stringIcNS_11char_traitsIcEENS_9allocatorIcEEEEEEvPT_ CODE
 0001:00006aa0 00000019H .text$_ZNSt3__112basic_stringIcNS_11char_traitsIcEENS_9allocatorIcEEE14__default_initB6v15007Ev CODE
 0001:00006ac0 0000003bH .text$_ZNSt3__117__compressed_pairINS_12basic_stringIcNS_11char_traitsIcEENS_9allocatorIcEEE5__repES5_EC2B6v15007INS_18__default_init_tagERKS5_EEOT_OT0_ CODE
 0001:00006b00 00000011H .text$_ZNSt3__122__compressed_pair_elemINS_12basic_stringIcNS_11char_traitsIcEENS_9allocatorIcEEE5__repELi0ELb0EEC2B6v15007ENS_18__default_init_tagE CODE
 0001:00006b20 00000012H .text$_ZNSt3__122__compressed_pair_elemINS_9allocatorIcEELi1ELb1EEC2B6v15007IRKS2_vEEOT_ CODE
 0001:00006b40 0000004eH .text$_ZNSt3__112basic_stringIcNS_11char_traitsIcEENS_9allocatorIcEEE6__zeroB6v15007Ev CODE
 0001:00006b90 00000019H .text$_ZNSt3__117__compressed_pairINS_12basic_stringIcNS_11char_traitsIcEENS_9allocatorIcEEE5__repES5_E5firstB6v15007Ev CODE
 0001:00006bb0 0000000bH .text$_ZNSt3__122__compressed_pair_elemINS_12basic_stringIcNS_11char_traitsIcEENS_9allocatorIcEEE5__repELi0ELb0EE5__getB6v15007Ev CODE
 0001:00006bc0 0000001cH .text$_ZNKSt3__112basic_stringIwNS_11char_traitsIwEENS_9allocatorIwEEE15__get_long_sizeB6v15007Ev CODE
 0001:00006be0 00000020H .text$_ZNKSt3__112basic_stringIwNS_11char_traitsIwEENS_9allocatorIwEEE16__get_short_sizeB6v15007Ev CODE
 0001:00006c00 00000052H .text$_ZNKSt3__112basic_stringIcNS_11char_traitsIcEENS_9allocatorIcEEE4sizeB6v15007Ev CODE
 0001:00006c60 00000026H .text$_ZNSt3__112basic_stringIcNS_11char_traitsIcEENS_9allocatorIcEEE6resizeB6v15007Ey CODE
 0001:00006c90 00000021H .text$_ZNSt3__112basic_stringIcNS_11char_traitsIcEENS_9allocatorIcEEE4dataB6v15007Ev CODE
 0001:00006cc0 00000026H .text$_ZNKSt3__112basic_stringIcNS_11char_traitsIcEENS_9allocatorIcEEE9__is_longB6v15007Ev CODE
 0001:00006cf0 0000001cH .text$_ZNKSt3__112basic_stringIcNS_11char_traitsIcEENS_9allocatorIcEEE15__get_long_sizeB6v15007Ev CODE
 0001:00006d10 00000020H .text$_ZNKSt3__112basic_stringIcNS_11char_traitsIcEENS_9allocatorIcEEE16__get_short_sizeB6v15007Ev CODE
 0001:00006d30 00000019H .text$_ZNKSt3__117__compressed_pairINS_12basic_stringIcNS_11char_traitsIcEENS_9allocatorIcEEE5__repES5_E5firstB6v15007Ev CODE
 0001:00006d50 0000000bH .text$_ZNKSt3__122__compressed_pair_elemINS_12basic_stringIcNS_11char_traitsIcEENS_9allocatorIcEEE5__repELi0ELb0EE5__getB6v15007Ev CODE
 0001:00006d60 0000000bH .text$_ZNSt3__112__to_addressB6v15007IcEEPT_S2_ CODE
 0001:00006d70 00000052H .text$_ZNSt3__112basic_stringIcNS_11char_traitsIcEENS_9allocatorIcEEE13__get_pointerB6v15007Ev CODE
 0001:00006dd0 0000001cH .text$_ZNSt3__112basic_stringIcNS_11char_traitsIcEENS_9allocatorIcEEE18__get_long_pointerB6v15007Ev CODE
 0001:00006df0 00000025H .text$_ZNSt3__112basic_stringIcNS_11char_traitsIcEENS_9allocatorIcEEE19__get_short_pointerB6v15007Ev CODE
 0001:00006e20 0000000bH .text$_ZNSt3__114pointer_traitsIPcE10pointer_toB6v15007ERc CODE
 0001:00006e30 00000019H .text$_ZNSt3__19allocatorIcEC2B6v15007Ev CODE
 0001:00006e50 00000007H .text$_ZNSt3__116__non_trivial_ifILb1ENS_9allocatorIcEEEC2B6v15007Ev CODE
 0001:00006e60 00000019H .text$_ZNSt3__14__fs10filesystem4pathD2B6v15007Ev CODE
 0001:00006e80 00000059H .text$_ZNSt3__114basic_ofstreamIcNS_11char_traitsIcEEED2Ev CODE
 0001:00006ee0 00000019H .text$_ZTv0_n24_NSt3__114basic_ofstreamIcNS_11char_traitsIcEEED1Ev CODE
 0001:00006f00 00000028H .text$_ZNSt3__114basic_ofstreamIcNS_11char_traitsIcEEED0Ev CODE
 0001:00006f30 00000019H .text$_ZTv0_n24_NSt3__114basic_ofstreamIcNS_11char_traitsIcEEED0Ev CODE
 0001:00006f50 00000019H .text$_ZNSt3__113basic_filebufIcNS_11char_traitsIcEEED1Ev CODE
 0001:00006f70 000000deH .text$_ZNSt3__113basic_filebufIcNS_11char_traitsIcEEED2Ev CODE
 0001:00007050 00000112H .text$_ZNSt3__113basic_filebufIcNS_11char_traitsIcEEE5closeEv CODE
 0001:00007170 00000028H .text$_ZNSt3__113basic_filebufIcNS_11char_traitsIcEEED0Ev CODE
 0001:000071a0 000001c9H .text$_ZNSt3__113basic_filebufIcNS_11char_traitsIcEEE5imbueERKNS_6localeE CODE
 0001:00007370 00000202H .text$_ZNSt3__113basic_filebufIcNS_11char_traitsIcEEE6setbufEPcx CODE
 0001:00007580 000001e4H .text$_ZNSt3__113basic_filebufIcNS_11char_traitsIcEEE7seekoffExNS_8ios_base7seekdirEj CODE
 0001:00007770 000000efH .text$_ZNSt3__113basic_filebufIcNS_11char_traitsIcEEE7seekposENS_4fposI9_MbstatetEEj CODE
 0001:00007860 0000043aH .text$_ZNSt3__113basic_filebufIcNS_11char_traitsIcEEE4syncEv CODE
 0001:00007ca0 0000069bH .text$_ZNSt3__113basic_filebufIcNS_11char_traitsIcEEE9underflowEv CODE
 0001:00008340 00000129H .text$_ZNSt3__113basic_filebufIcNS_11char_traitsIcEEE9pbackfailEi CODE
 0001:00008470 000004c9H .text$_ZNSt3__113basic_filebufIcNS_11char_traitsIcEEE8overflowEi CODE
 0001:00008940 0000002dH .text$_ZNSt3__110unique_ptrI6_iobufPFiPS1_EEC1B6v15007ILb1EvEES2_NS_16__dependent_typeINS_27__unique_ptr_deleter_sfinaeIS4_EEXT_EE20__good_rval_ref_typeE CODE
 0001:00008970 0000003bH .text$_ZNSt3__110unique_ptrI6_iobufPFiPS1_EE7releaseB6v15007Ev CODE
 0001:000089b0 00000019H .text$_ZNSt3__110unique_ptrI6_iobufPFiPS1_EED1B6v15007Ev CODE
 0001:000089d0 0000003aH .text$_ZNSt3__110unique_ptrI6_iobufPFiPS1_EEC2B6v15007ILb1EvEES2_NS_16__dependent_typeINS_27__unique_ptr_deleter_sfinaeIS4_EEXT_EE20__good_rval_ref_typeE CODE
 0001:00008a10 0000002dH .text$_ZNSt3__117__compressed_pairIP6_iobufPFiS2_EEC1B6v15007IRS2_S4_EEOT_OT0_ CODE
 0001:00008a40 00000040H .text$_ZNSt3__117__compressed_pairIP6_iobufPFiS2_EEC2B6v15007IRS2_S4_EEOT_OT0_ CODE
 0001:00008a80 00000021H .text$_ZNSt3__122__compressed_pair_elemIP6_iobufLi0ELb0EEC2B6v15007IRS2_vEEOT_ CODE
 0001:00008ab0 00000021H .text$_ZNSt3__122__compressed_pair_elemIPFiP6_iobufELi1ELb0EEC2B6v15007IS4_vEEOT_ CODE
 0001:00008ae0 00000019H .text$_ZNSt3__117__compressed_pairIP6_iobufPFiS2_EE5firstB6v15007Ev CODE
 0001:00008b00 0000000bH .text$_ZNSt3__122__compressed_pair_elemIP6_iobufLi0ELb0EE5__getB6v15007Ev CODE
 0001:00008b10 0000001dH .text$_ZNSt3__110unique_ptrI6_iobufPFiPS1_EED2B6v15007Ev CODE
 0001:00008b30 00000079H .text$_ZNSt3__110unique_ptrI6_iobufPFiPS1_EE5resetB6v15007ES2_ CODE
 0001:00008bb0 0000001dH .text$_ZNSt3__117__compressed_pairIP6_iobufPFiS2_EE6secondB6v15007Ev CODE
 0001:00008bd0 0000000bH .text$_ZNSt3__122__compressed_pair_elemIPFiP6_iobufELi1ELb0EE5__getB6v15007Ev CODE
 0001:00008be0 00000020H .text$_ZNSt3__19use_facetB6v15007INS_7codecvtIcc9_MbstatetEEEERKT_RKNS_6localeE CODE
 0001:00008c00 0000001eH .text$_ZNKSt3__17codecvtIcc9_MbstatetE13always_noconvB6v15007Ev CODE
 0001:00008c20 0000003bH .text$_ZNSt3__115basic_streambufIcNS_11char_traitsIcEEE4setgB6v15007EPcS4_S4_ CODE
 0001:00008c60 00000031H .text$_ZNSt3__115basic_streambufIcNS_11char_traitsIcEEE4setpB6v15007EPcS4_ CODE
 0001:00008ca0 00000028H .text$_ZNSt3__13maxB6v15007IxEERKT_S3_S3_ CODE
 0001:00008cd0 00000057H .text$_ZNSt3__13maxB6v15007IxNS_6__lessIxxEEEERKT_S5_S5_T0_ CODE
 0001:00008d30 0000002eH .text$_ZNKSt3__16__lessIxxEclB6v15007ERKxS3_ CODE
 0001:00008d60 00000034H .text$_ZNSt3__116__throw_bad_castB6v15007Ev CODE
 0001:00008da0 0000001aH .text$_ZNKSt3__17codecvtIcc9_MbstatetE8encodingB6v15007Ev CODE
 0001:00008dc0 00000023H .text$_ZNSt3__14fposI9_MbstatetEC1B6v15007Ex CODE
 0001:00008df0 0000001eH .text$_ZNSt3__14fposI9_MbstatetE5stateB6v15007ES1_ CODE
 0001:00008e10 00000038H .text$_ZNSt3__14fposI9_MbstatetEC2B6v15007Ex CODE
 0001:00008e50 0000000fH .text$_ZNKSt3__14fposI9_MbstatetEcvxB6v15007Ev CODE
 0001:00008e60 0000001eH .text$_ZNKSt3__14fposI9_MbstatetE5stateB6v15007Ev CODE
 0001:00008e80 0000000fH .text$_ZNKSt3__115basic_streambufIcNS_11char_traitsIcEEE4pptrB6v15007Ev CODE
 0001:00008e90 0000000fH .text$_ZNKSt3__115basic_streambufIcNS_11char_traitsIcEEE5pbaseB6v15007Ev CODE
 0001:00008ea0 00000006H .text$_ZNSt3__111char_traitsIcE3eofEv CODE
 0001:00008eb0 00000047H .text$_ZNKSt3__17codecvtIcc9_MbstatetE7unshiftB6v15007ERS1_PcS4_RS4_ CODE
 0001:00008f00 0000000fH .text$_ZNKSt3__115basic_streambufIcNS_11char_traitsIcEEE5egptrB6v15007Ev CODE
 0001:00008f10 0000000fH .text$_ZNKSt3__115basic_streambufIcNS_11char_traitsIcEEE4gptrB6v15007Ev CODE
 0001:00008f20 00000047H .text$_ZNKSt3__17codecvtIcc9_MbstatetE6lengthB6v15007ERS1_PKcS5_y CODE
 0001:00008f70 0000000fH .text$_ZNKSt3__115basic_streambufIcNS_11char_traitsIcEEE5ebackB6v15007Ev CODE
 0001:00008f80 000000b6H .text$_ZNSt3__113basic_filebufIcNS_11char_traitsIcEEE11__read_modeEv CODE
 0001:00009040 00000028H .text$_ZNSt3__13minB6v15007IyEERKT_S3_S3_ CODE
 0001:00009070 0000000cH .text$_ZNSt3__111char_traitsIcE11to_int_typeEc CODE
 0001:00009080 00000090H .text$_ZNKSt3__17codecvtIcc9_MbstatetE2inB6v15007ERS1_PKcS5_RS5_PcS7_RS7_ CODE
 0001:00009110 00000057H .text$_ZNSt3__13minB6v15007IyNS_6__lessIyyEEEERKT_S5_S5_T0_ CODE
 0001:00009170 0000002eH .text$_ZNKSt3__16__lessIyyEclB6v15007ERKyS3_ CODE
 0001:000091a0 00000019H .text$_ZNSt3__111char_traitsIcE11eq_int_typeEii CODE
 0001:000091c0 00000029H .text$_ZNSt3__115basic_streambufIcNS_11char_traitsIcEEE5gbumpB6v15007Ei CODE
 0001:000091f0 0000004fH .text$_ZNSt3__111char_traitsIcE7not_eofEi CODE
 0001:00009240 0000001fH .text$_ZNSt3__111char_traitsIcE2eqEcc CODE
 0001:00009260 0000000bH .text$_ZNSt3__111char_traitsIcE12to_char_typeEi CODE
 0001:00009270 000000c6H .text$_ZNSt3__113basic_filebufIcNS_11char_traitsIcEEE12__write_modeEv CODE
 0001:00009340 0000000fH .text$_ZNKSt3__115basic_streambufIcNS_11char_traitsIcEEE5epptrB6v15007Ev CODE
 0001:00009350 00000029H .text$_ZNSt3__115basic_streambufIcNS_11char_traitsIcEEE5pbumpB6v15007Ei CODE
 0001:00009380 00000090H .text$_ZNKSt3__17codecvtIcc9_MbstatetE3outB6v15007ERS1_PKcS5_RS5_PcS7_RS7_ CODE
 0001:00009410 00000023H .text$_ZNSt3__115basic_streambufIcNS_11char_traitsIcEEE7__pbumpB6v15007Ex CODE
 0001:00009440 00000059H .text$_ZNSt3__114basic_ifstreamIcNS_11char_traitsIcEEED2Ev CODE
 0001:000094a0 00000019H .text$_ZTv0_n24_NSt3__114basic_ifstreamIcNS_11char_traitsIcEEED1Ev CODE
 0001:000094c0 00000028H .text$_ZNSt3__114basic_ifstreamIcNS_11char_traitsIcEEED0Ev CODE
 0001:000094f0 00000019H .text$_ZTv0_n24_NSt3__114basic_ifstreamIcNS_11char_traitsIcEEED0Ev CODE
 0001:00009510 00000061H .text$_ZNSt3__113basic_fstreamIcNS_11char_traitsIcEEED2Ev CODE
 0001:00009580 00000013H .text$_ZThn16_NSt3__113basic_fstreamIcNS_11char_traitsIcEEED1Ev CODE
 0001:000095a0 00000019H .text$_ZTv0_n24_NSt3__113basic_fstreamIcNS_11char_traitsIcEEED1Ev CODE
 0001:000095c0 00000028H .text$_ZNSt3__113basic_fstreamIcNS_11char_traitsIcEEED0Ev CODE
 0001:000095f0 00000013H .text$_ZThn16_NSt3__113basic_fstreamIcNS_11char_traitsIcEEED0Ev CODE
 0001:00009610 00000019H .text$_ZTv0_n24_NSt3__113basic_fstreamIcNS_11char_traitsIcEEED0Ev CODE
 0001:00009630 00000019H .text$_ZNSt3__116__narrow_to_utf8ILy16EEC1B6v15007Ev CODE
 0001:00009650 000001aaH .text$_ZNKSt3__116__narrow_to_utf8ILy16EEclB6v15007INS_20back_insert_iteratorINS_12basic_stringIcNS_11char_traitsIcEENS_9allocatorIcEEEEEEwEET_SB_PKT0_SE_ CODE
 0001:00009800 00000022H .text$_ZNSt3__113back_inserterB6v15007INS_12basic_stringIcNS_11char_traitsIcEENS_9allocatorIcEEEEEENS_20back_insert_iteratorIT_EERS8_ CODE
 0001:00009830 00000021H .text$_ZNKSt3__112basic_stringIwNS_11char_traitsIwEENS_9allocatorIwEEE4dataB6v15007Ev CODE
 0001:00009860 00000035H .text$_ZNSt3__116__narrow_to_utf8ILy16EEC2B6v15007Ev CODE
 0001:000098a0 00000074H .text$_ZNSt3__17codecvtIDsc9_MbstatetEC2B6v15007Ey CODE
 0001:00009920 0000003fH .text$_ZNSt3__16locale5facetC2B6v15007Ey CODE
 0001:00009960 00000007H .text$_ZNSt3__112codecvt_baseC2B6v15007Ev CODE
 0001:00009970 0000002cH .text$_ZNSt3__114__shared_countC2B6v15007El CODE
 0001:000099a0 0000000bH .text$_ZNSt3__120back_insert_iteratorINS_12basic_stringIcNS_11char_traitsIcEENS_9allocatorIcEEEEEdeB6v15007Ev CODE
 0001:000099b0 00000031H .text$_ZNSt3__120back_insert_iteratorINS_12basic_stringIcNS_11char_traitsIcEENS_9allocatorIcEEEEEaSB6v15007ERKc CODE
 0001:000099f0 0000000bH .text$_ZNSt3__120back_insert_iteratorINS_12basic_stringIcNS_11char_traitsIcEENS_9allocatorIcEEEEEppB6v15007Ev CODE
 0001:00009a00 00000023H .text$_ZNSt3__120back_insert_iteratorINS_12basic_stringIcNS_11char_traitsIcEENS_9allocatorIcEEEEEC1B6v15007ERS6_ CODE
 0001:00009a30 0000001eH .text$_ZNSt3__120back_insert_iteratorINS_12basic_stringIcNS_11char_traitsIcEENS_9allocatorIcEEEEEC2B6v15007ERS6_ CODE
 0001:00009a50 0000000bH .text$_ZNSt3__112__to_addressB6v15007IKwEEPT_S3_ CODE
 0001:00009a60 00000052H .text$_ZNKSt3__112basic_stringIwNS_11char_traitsIwEENS_9allocatorIwEEE13__get_pointerB6v15007Ev CODE
 0001:00009ac0 0000001cH .text$_ZNKSt3__112basic_stringIwNS_11char_traitsIwEENS_9allocatorIwEEE18__get_long_pointerB6v15007Ev CODE
 0001:00009ae0 00000025H .text$_ZNKSt3__112basic_stringIwNS_11char_traitsIwEENS_9allocatorIwEEE19__get_short_pointerB6v15007Ev CODE
 0001:00009b10 0000000bH .text$_ZNSt3__114pointer_traitsIPKwE10pointer_toB6v15007ERS1_ CODE
 0001:00009b20 00000023H .text$_ZNSt3__14__fs10filesystem28recursive_directory_iteratorC1EOS2_ CODE
 0001:00009b50 0000003aH .text$_ZNSt3__14__fs10filesystem28recursive_directory_iteratorC2EOS2_ CODE
 0001:00009b90 00000023H .text$_ZNSt3__110shared_ptrINS_4__fs10filesystem28recursive_directory_iterator12__shared_impEEC1B6v15007EOS5_ CODE
 0001:00009bc0 00000044H .text$_ZNSt3__110shared_ptrINS_4__fs10filesystem28recursive_directory_iterator12__shared_impEEC2B6v15007EOS5_ CODE
 0001:00009c10 0000003aH .text$_ZNSt3__14__fs10filesystem28recursive_directory_iteratorC2ERKS2_ CODE
 0001:00009c50 00000023H .text$_ZNSt3__110shared_ptrINS_4__fs10filesystem28recursive_directory_iterator12__shared_impEEC1B6v15007ERKS5_ CODE
 0001:00009c80 0000004fH .text$_ZNSt3__110shared_ptrINS_4__fs10filesystem28recursive_directory_iterator12__shared_impEEC2B6v15007ERKS5_ CODE
 0001:00009cd0 00000019H .text$_ZNSt3__119__shared_weak_count12__add_sharedB6v15007Ev CODE
 0001:00009cf0 0000001dH .text$_ZNSt3__114__shared_count12__add_sharedB6v15007Ev CODE
 0001:00009d10 0000002dH .text$_ZNSt3__134__libcpp_atomic_refcount_incrementB6v15007IlEET_RS1_ CODE
 0001:00009d40 00000019H .text$_ZNSt3__14__fs10filesystem28recursive_directory_iteratorD2Ev CODE
 0001:00009d60 00000019H .text$_ZNSt3__110shared_ptrINS_4__fs10filesystem28recursive_directory_iterator12__shared_impEED1B6v15007Ev CODE
 0001:00009d80 00000032H .text$_ZNSt3__110shared_ptrINS_4__fs10filesystem28recursive_directory_iterator12__shared_impEED2B6v15007Ev CODE
 0001:00009dc0 00000035H .text$_ZNSt3__119__shared_weak_count16__release_sharedB6v15007Ev CODE
 0001:00009e00 0000004dH .text$_ZNSt3__114__shared_count16__release_sharedB6v15007Ev CODE
 0001:00009e50 0000002dH .text$_ZNSt3__134__libcpp_atomic_refcount_decrementB6v15007IlEET_RS1_ CODE
 0001:00009e80 00000019H .text$_ZNSt3__14__fs10filesystem28recursive_directory_iteratorC1B6v15007Ev CODE
 0001:00009ea0 00000026H .text$_ZNSt3__14__fs10filesystem28recursive_directory_iteratorC2B6v15007Ev CODE
 0001:00009ed0 00000019H .text$_ZNSt3__110shared_ptrINS_4__fs10filesystem28recursive_directory_iterator12__shared_impEEC1B6v15007Ev CODE
 0001:00009ef0 0000001aH .text$_ZNSt3__110shared_ptrINS_4__fs10filesystem28recursive_directory_iterator12__shared_impEEC2B6v15007Ev CODE
 0001:00009f10 00000027H .text$_ZNSt3__14__fs10filesystemeqB6v15007ERKNS1_28recursive_directory_iteratorES4_ CODE
 0001:00009f40 0000003fH .text$_ZNSt3__1eqB6v15007INS_4__fs10filesystem28recursive_directory_iterator12__shared_impES4_EEbRKNS_10shared_ptrIT_EERKNS5_IT0_EE CODE
 0001:00009f80 0000000eH .text$_ZNKSt3__110shared_ptrINS_4__fs10filesystem28recursive_directory_iterator12__shared_impEE3getB6v15007Ev CODE
 0001:00009f90 00000023H .text$_ZNSt3__14__fs10filesystem4pathC2B6v15007ERKS2_ CODE
 0001:00009fc0 00000018H .text$_ZNSt3__14__fs10filesystem12is_directoryB6v15007ENS1_11file_statusE CODE
 0001:00009fe0 00000019H .text$_ZNSt3__14__fs10filesystem11file_statusD1B6v15007Ev CODE
 0001:0000a000 0000000dH .text$_ZNKSt3__14__fs10filesystem11file_status4typeB6v15007Ev CODE
 0001:0000a010 00000007H .text$_ZNSt3__14__fs10filesystem11file_statusD2B6v15007Ev CODE
 0001:0000a020 00000018H .text$_ZNSt3__14__fs10filesystem15is_regular_fileB6v15007ENS1_11file_statusE CODE
 0001:0000a040 00000055H .text$_ZNKSt3__112basic_stringIwNS_11char_traitsIwEENS_9allocatorIwEEEcvNS_17basic_string_viewIwS2_EEB6v15007Ev CODE
 0001:0000a0a0 0000002dH .text$_ZNSt3__117basic_string_viewIwNS_11char_traitsIwEEEC1B6v15007EPKwy CODE
 0001:0000a0d0 00000051H .text$_ZNSt3__117basic_string_viewIwNS_11char_traitsIwEEEC2B6v15007EPKwy CODE
 0001:0000a130 0000004aH .text$_ZNSt3__112basic_stringIcNS_11char_traitsIcEENS_9allocatorIcEEEC2B6v15007Ev CODE
 0001:0000a180 0000002dH .text$_ZNSt3__117__compressed_pairINS_12basic_stringIcNS_11char_traitsIcEENS_9allocatorIcEEE5__repES5_EC1B6v15007INS_18__default_init_tagESA_EEOT_OT0_ CODE
 0001:0000a1b0 0000003aH .text$_ZNSt3__117__compressed_pairINS_12basic_stringIcNS_11char_traitsIcEENS_9allocatorIcEEE5__repES5_EC2B6v15007INS_18__default_init_tagESA_EEOT_OT0_ CODE
 0001:0000a1f0 0000001dH .text$_ZNSt3__122__compressed_pair_elemINS_9allocatorIcEELi1ELb1EEC2B6v15007ENS_18__default_init_tagE CODE
 0001:0000a210 00000021H .text$_ZNKSt3__112basic_stringIcNS_11char_traitsIcEENS_9allocatorIcEEE4dataB6v15007Ev CODE
 0001:0000a240 0000000bH .text$_ZNSt3__112__to_addressB6v15007IKcEEPT_S3_ CODE
 0001:0000a250 00000052H .text$_ZNKSt3__112basic_stringIcNS_11char_traitsIcEENS_9allocatorIcEEE13__get_pointerB6v15007Ev CODE
 0001:0000a2b0 0000001cH .text$_ZNKSt3__112basic_stringIcNS_11char_traitsIcEENS_9allocatorIcEEE18__get_long_pointerB6v15007Ev CODE
 0001:0000a2d0 00000025H .text$_ZNKSt3__112basic_stringIcNS_11char_traitsIcEENS_9allocatorIcEEE19__get_short_pointerB6v15007Ev CODE
 0001:0000a300 0000000bH .text$_ZNSt3__114pointer_traitsIPKcE10pointer_toB6v15007ERS1_ CODE
 0001:0000a310 00000047H .text$_ZN6System11AnsiStringTILt0EEC2ERKNS_13UnicodeStringE CODE
 0001:0000a360 000000e9H .text$_ZN6System11AnsiStringTILt0EED2Ev CODE
 0001:0000a450 00000030H .text$_ZN6System11AnsiStringTILt0EEC1Ev CODE
 0001:0000a480 00000023H .text$_ZN6System11AnsiStringTILt0EEC1ERKS1_ CODE
 0001:0000a4b0 00000030H .text$_ZN6System11AnsiStringTILt0EEC2Ev CODE
 0001:0000a4e0 00000012H .text$_ZN6System14AnsiStringBaseC2Ev CODE
 0001:0000a500 00000023H .text$_ZN6System11AnsiStringTILt0EEC2ERKS1_ CODE
 0001:0000a530 00000085H .text$_ZNSt3__112basic_stringIcNS_11char_traitsIcEENS_9allocatorIcEEEC2B6v15007EOS5_ CODE
 0001:0000a5c0 00000012H .text$_ZNSt3__115__debug_db_swapB6v15007INS_12basic_stringIcNS_11char_traitsIcEENS_9allocatorIcEEEEEEvPT_S8_ CODE
 0001:0000a5e0 00000049H .text$_ZNSt3__112basic_stringIcNS_11char_traitsIcEENS_9allocatorIcEEE6appendB6v15007ERKS5_ CODE
 0001:0000a630 0000002dH .text$_ZNSt3__111__wrap_iterIPcEC1B6v15007EPKvS1_ CODE
 0001:0000a660 00000023H .text$_ZNSt3__111__wrap_iterIPcEC2B6v15007EPKvS1_ CODE
 0001:0000a690 00000019H .text$_ZNKSt3__14__fs10filesystem4path5c_strB6v15007Ev CODE
 0001:0000a6b0 00000167H .text$_ZNSt3__114basic_ifstreamIcNS_11char_traitsIcEEEC1EPKwj CODE
 0001:0000a820 00000019H .text$_ZNKSt3__112basic_stringIwNS_11char_traitsIwEENS_9allocatorIwEEE5c_strB6v15007Ev CODE
 0001:0000a840 00000030H .text$_ZNSt3__19basic_iosIcNS_11char_traitsIcEEEC2B6v15007Ev CODE
 0001:0000a870 00000051H .text$_ZNSt3__113basic_istreamIcNS_11char_traitsIcEEEC2B6v15007EPNS_15basic_streambufIcS2_EE CODE
 0001:0000a8d0 00000019H .text$_ZNSt3__113basic_filebufIcNS_11char_traitsIcEEEC1Ev CODE
 0001:0000a8f0 000002ecH .text$_ZNSt3__113basic_filebufIcNS_11char_traitsIcEEE4openEPKwj CODE
 0001:0000abe0 00000021H .text$_ZNSt3__19basic_iosIcNS_11char_traitsIcEEE8setstateB6v15007Ej CODE
 0001:0000ac10 00000019H .text$_ZNSt3__18ios_baseC2B6v15007Ev CODE
 0001:0000ac30 00000049H .text$_ZNSt3__19basic_iosIcNS_11char_traitsIcEEE4initB6v15007EPNS_15basic_streambufIcS2_EE CODE
 0001:0000ac80 000001afH .text$_ZNSt3__113basic_filebufIcNS_11char_traitsIcEEEC2Ev CODE
 0001:0000ae30 0000003aH .text$_ZNSt3__19has_facetB6v15007INS_7codecvtIcc9_MbstatetEEEEbRKNS_6localeE CODE
 0001:0000ae70 0000002eH .text$_ZNKSt3__115basic_streambufIcNS_11char_traitsIcEEE6getlocB6v15007Ev CODE
 0001:0000aea0 00000024H .text$_ZNSt3__18ios_base8setstateB6v15007Ej CODE
 0001:0000aed0 00000049H .text$_ZNSt3__113basic_ostreamIcNS_11char_traitsIcEEEC2B6v15007EPNS_15basic_streambufIcS2_EE CODE
 0001:0000af20 0000003fH .text$_ZNSt3__113basic_filebufIcNS_11char_traitsIcEEE4openERKNS_12basic_stringIcS2_NS_9allocatorIcEEEEj CODE
 0001:0000af60 00000104H .text$_ZNSt3__113basic_filebufIcNS_11char_traitsIcEEE4openEPKcj CODE
 0001:0000b070 00000204H .text$_ZNSt3__113basic_filebufIcNS_11char_traitsIcEEE15__make_mdstringEj CODE
 0001:0000b280 000000ebH .text$_ZNSt3__16vectorIcNS_9allocatorIcEEEC2Ey CODE
 0001:0000b370 0000002dH .text$_ZNSt3__117__compressed_pairIPcNS_9allocatorIcEEEC1B6v15007IDnNS_18__default_init_tagEEEOT_OT0_ CODE
 0001:0000b3a0 00000034H .text$_ZNSt3__118__make_transactionB6v15007INS_6vectorIcNS_9allocatorIcEEE16__destroy_vectorEEENS_13__transactionIT_EES7_ CODE
 0001:0000b3e0 00000023H .text$_ZNSt3__16vectorIcNS_9allocatorIcEEE16__destroy_vectorC1ERS3_ CODE
 0001:0000b410 00000007H .text$_ZNSt3__119__debug_db_insert_cB6v15007INS_6vectorIcNS_9allocatorIcEEEEEEvPT_ CODE
 0001:0000b420 000000a2H .text$_ZNSt3__16vectorIcNS_9allocatorIcEEE11__vallocateB6v15007Ey CODE
 0001:0000b4d0 000000cbH .text$_ZNSt3__16vectorIcNS_9allocatorIcEEE18__construct_at_endEy CODE
 0001:0000b5a0 0000000fH .text$_ZNSt3__113__transactionINS_6vectorIcNS_9allocatorIcEEE16__destroy_vectorEE10__completeB6v15007Ev CODE
 0001:0000b5b0 00000019H .text$_ZNSt3__113__transactionINS_6vectorIcNS_9allocatorIcEEE16__destroy_vectorEED1B6v15007Ev CODE
 0001:0000b5d0 0000003bH .text$_ZNSt3__117__compressed_pairIPcNS_9allocatorIcEEEC2B6v15007IDnNS_18__default_init_tagEEEOT_OT0_ CODE
 0001:0000b610 0000001eH .text$_ZNSt3__122__compressed_pair_elemIPcLi0ELb0EEC2B6v15007IDnvEEOT_ CODE
 0001:0000b630 00000023H .text$_ZNSt3__113__transactionINS_6vectorIcNS_9allocatorIcEEE16__destroy_vectorEEC1B6v15007ES5_ CODE
 0001:0000b660 00000022H .text$_ZNSt3__113__transactionINS_6vectorIcNS_9allocatorIcEEE16__destroy_vectorEEC2B6v15007ES5_ CODE
 0001:0000b690 0000001eH .text$_ZNSt3__16vectorIcNS_9allocatorIcEEE16__destroy_vectorC2ERS3_ CODE
 0001:0000b6b0 00000059H .text$_ZNKSt3__16vectorIcNS_9allocatorIcEEE8max_sizeEv CODE
 0001:0000b710 00000016H .text$_ZNKSt3__16vectorIcNS_9allocatorIcEEE20__throw_length_errorB6v15007Ev CODE
 0001:0000b730 0000004dH .text$_ZNSt3__119__allocate_at_leastB6v15007INS_9allocatorIcEEEENS_19__allocation_resultINS_16allocator_traitsIT_E7pointerEEERS5_y CODE
 0001:0000b780 0000001dH .text$_ZNSt3__16vectorIcNS_9allocatorIcEEE7__allocB6v15007Ev CODE
 0001:0000b7a0 0000001dH .text$_ZNSt3__16vectorIcNS_9allocatorIcEEE9__end_capB6v15007Ev CODE
 0001:0000b7c0 000000a7H .text$_ZNKSt3__16vectorIcNS_9allocatorIcEEE14__annotate_newB6v15007Ey CODE
 0001:0000b870 00000019H .text$_ZNSt3__116allocator_traitsINS_9allocatorIcEEE8max_sizeB6v15007IS2_vEEyRKS2_ CODE
 0001:0000b890 0000001dH .text$_ZNKSt3__16vectorIcNS_9allocatorIcEEE7__allocB6v15007Ev CODE
 0001:0000b8b0 0000000fH .text$_ZNSt3__114numeric_limitsIxE3maxB6v15007Ev CODE
 0001:0000b8c0 0000000eH .text$_ZNKSt3__19allocatorIcE8max_sizeB6v15007Ev CODE
 0001:0000b8d0 00000019H .text$_ZNKSt3__117__compressed_pairIPcNS_9allocatorIcEEE6secondB6v15007Ev CODE
 0001:0000b8f0 0000000bH .text$_ZNKSt3__122__compressed_pair_elemINS_9allocatorIcEELi1ELb1EE5__getB6v15007Ev CODE
 0001:0000b900 0000000bH .text$_ZNSt3__123__libcpp_numeric_limitsIxLb1EE3maxB6v15007Ev CODE
 0001:0000b910 00000070H .text$_ZNSt3__120__throw_length_errorB6v15007EPKc CODE
 0001:0000b980 00000023H .text$_ZNSt12length_errorC1B6v15007EPKc CODE
 0001:0000b9b0 0000003aH .text$_ZNSt12length_errorC2B6v15007EPKc CODE
 0001:0000b9f0 00000051H .text$_ZNSt3__19allocatorIcE8allocateB6v15007Ey CODE
 0001:0000ba50 00000034H .text$_ZSt28__throw_bad_array_new_lengthB6v15007v CODE
 0001:0000ba90 00000061H .text$_ZNSt3__117__libcpp_allocateB6v15007Eyy CODE
 0001:0000bb00 00000014H .text$_ZNSt3__124__is_overaligned_for_newB6v15007Ey CODE
 0001:0000bb20 00000023H .text$_ZNSt3__121__libcpp_operator_newB6v15007IJySt11align_val_tEEEPvDpT_ CODE
 0001:0000bb50 00000019H .text$_ZNSt3__121__libcpp_operator_newB6v15007IJyEEEPvDpT_ CODE
 0001:0000bb70 00000019H .text$_ZNSt3__117__compressed_pairIPcNS_9allocatorIcEEE6secondB6v15007Ev CODE
 0001:0000bb90 0000000bH .text$_ZNSt3__122__compressed_pair_elemINS_9allocatorIcEELi1ELb1EE5__getB6v15007Ev CODE
 0001:0000bba0 00000019H .text$_ZNSt3__117__compressed_pairIPcNS_9allocatorIcEEE5firstB6v15007Ev CODE
 0001:0000bbc0 0000000bH .text$_ZNSt3__122__compressed_pair_elemIPcLi0ELb0EE5__getB6v15007Ev CODE
 0001:0000bbd0 00000021H .text$_ZNKSt3__16vectorIcNS_9allocatorIcEEE31__annotate_contiguous_containerB6v15007EPKvS5_S5_S5_ CODE
 0001:0000bc00 0000001cH .text$_ZNKSt3__16vectorIcNS_9allocatorIcEEE4dataB6v15007Ev CODE
 0001:0000bc20 0000002bH .text$_ZNKSt3__16vectorIcNS_9allocatorIcEEE8capacityB6v15007Ev CODE
 0001:0000bc50 0000001dH .text$_ZNKSt3__16vectorIcNS_9allocatorIcEEE9__end_capB6v15007Ev CODE
 0001:0000bc70 00000019H .text$_ZNKSt3__117__compressed_pairIPcNS_9allocatorIcEEE5firstB6v15007Ev CODE
 0001:0000bc90 0000000bH .text$_ZNKSt3__122__compressed_pair_elemIPcLi0ELb0EE5__getB6v15007Ev CODE
 0001:0000bca0 0000002dH .text$_ZNSt3__16vectorIcNS_9allocatorIcEEE21_ConstructTransactionC1ERS3_y CODE
 0001:0000bcd0 00000023H .text$_ZNSt3__116allocator_traitsINS_9allocatorIcEEE9constructB6v15007IcJEvEEvRS2_PT_DpOT0_ CODE
 0001:0000bd00 00000019H .text$_ZNSt3__16vectorIcNS_9allocatorIcEEE21_ConstructTransactionD1Ev CODE
 0001:0000bd20 00000042H .text$_ZNSt3__16vectorIcNS_9allocatorIcEEE21_ConstructTransactionC2ERS3_y CODE
 0001:0000bd70 00000019H .text$_ZNSt3__19allocatorIcE9constructB6v15007IcJEEEvPT_DpOT0_ CODE
 0001:0000bd90 00000016H .text$_ZNSt3__16vectorIcNS_9allocatorIcEEE21_ConstructTransactionD2Ev CODE
 0001:0000bdb0 0000003fH .text$_ZNSt3__113__transactionINS_6vectorIcNS_9allocatorIcEEE16__destroy_vectorEED2B6v15007Ev CODE
 0001:0000bdf0 0000008cH .text$_ZNSt3__16vectorIcNS_9allocatorIcEEE16__destroy_vectorclB6v15007Ev CODE
 0001:0000be80 000000b7H .text$_ZNKSt3__16vectorIcNS_9allocatorIcEEE17__annotate_deleteB6v15007Ev CODE
 0001:0000bf40 00000007H .text$_ZNSt3__118__debug_db_erase_cB6v15007INS_6vectorIcNS_9allocatorIcEEEEEEvPT_ CODE
 0001:0000bf50 0000001cH .text$_ZNSt3__16vectorIcNS_9allocatorIcEEE7__clearB6v15007Ev CODE
 0001:0000bf70 0000002dH .text$_ZNSt3__116allocator_traitsINS_9allocatorIcEEE10deallocateB6v15007ERS2_Pcy CODE
 0001:0000bfa0 00000015H .text$_ZNKSt3__16vectorIcNS_9allocatorIcEEE4sizeB6v15007Ev CODE
 0001:0000bfc0 00000085H .text$_ZNSt3__16vectorIcNS_9allocatorIcEEE22__base_destruct_at_endB6v15007EPc CODE
 0001:0000c050 00000023H .text$_ZNSt3__116allocator_traitsINS_9allocatorIcEEE7destroyB6v15007IcvEEvRS2_PT_ CODE
 0001:0000c080 00000012H .text$_ZNSt3__19allocatorIcE7destroyB6v15007EPc CODE
 0001:0000c0a0 0000003bH .text$_ZNSt3__19allocatorIcE10deallocateB6v15007EPcy CODE
 0001:0000c0e0 00000062H .text$_ZNSt3__119__libcpp_deallocateB6v15007EPvyy CODE
 0001:0000c150 00000028H .text$_ZNSt3__127__do_deallocate_handle_sizeB6v15007IJSt11align_val_tEEEvPvyDpT_ CODE
 0001:0000c180 0000001eH .text$_ZNSt3__127__do_deallocate_handle_sizeB6v15007IJEEEvPvyDpT_ CODE
 0001:0000c1a0 00000023H .text$_ZNSt3__124__libcpp_operator_deleteB6v15007IJPvSt11align_val_tEEEvDpT_ CODE
 0001:0000c1d0 00000019H .text$_ZNSt3__124__libcpp_operator_deleteB6v15007IJPvEEEvDpT_ CODE
 0001:0000c1f0 0000003aH .text$_ZNSt3__16vectorIcNS_9allocatorIcEEED2B6v15007Ev CODE
 0001:0000c230 0000001dH .text$_ZNKSt3__19basic_iosIcNS_11char_traitsIcEEE4failB6v15007Ev CODE
 0001:0000c250 0000001cH .text$_ZNKSt3__18ios_base4failB6v15007Ev CODE
 0001:0000c270 00000179H .text$_ZNSt3__113basic_fstreamIcNS_11char_traitsIcEEEC1EPKwj CODE
 0001:0000c3f0 000000b4H .text$_ZNSt3__114basic_iostreamIcNS_11char_traitsIcEEEC2B6v15007EPNS_15basic_streambufIcS2_EE CODE
 0001:0000c4b0 00000030H .text$_ZNSt3__113basic_ostreamIcNS_11char_traitsIcEEEC2B6v15007Ev CODE
 0001:0000c4e0 0000001cH .text$_ZNKSt3__18ios_base3eofB6v15007Ev CODE
 0001:0000c500 0000025fH .text$_ZNSt3__17getlineIcNS_11char_traitsIcEENS_9allocatorIcEEEERNS_13basic_istreamIT_T0_EES9_RNS_12basic_stringIS6_S7_T1_EES6_ CODE
 0001:0000c760 00000082H .text$_ZNKSt3__19basic_iosIcNS_11char_traitsIcEEE5widenB6v15007Ec CODE
 0001:0000c7f0 00000035H .text$_ZNSt3__113basic_istreamIcNS_11char_traitsIcEEE6sentryC1ERS3_b CODE
 0001:0000c830 00000012H .text$_ZNKSt3__113basic_istreamIcNS_11char_traitsIcEEE6sentrycvbB6v15007Ev CODE
 0001:0000c850 0000009cH .text$_ZNSt3__112basic_stringIcNS_11char_traitsIcEENS_9allocatorIcEEE5clearB6v15007Ev CODE
 0001:0000c8f0 00000019H .text$_ZNKSt3__19basic_iosIcNS_11char_traitsIcEEE5rdbufB6v15007Ev CODE
 0001:0000c910 0000005dH .text$_ZNSt3__115basic_streambufIcNS_11char_traitsIcEEE6sbumpcB6v15007Ev CODE
 0001:0000c970 000000a0H .text$_ZNKSt3__112basic_stringIcNS_11char_traitsIcEENS_9allocatorIcEEE8max_sizeB6v15007Ev CODE
 0001:0000ca10 0000004aH .text$_ZNSt3__18ios_base18__setstate_nothrowB6v15007Ej CODE
 0001:0000ca60 00000019H .text$_ZNKSt3__19basic_iosIcNS_11char_traitsIcEEE10exceptionsB6v15007Ev CODE
 0001:0000ca80 0000020bH .text$_ZNSt3__113basic_istreamIcNS_11char_traitsIcEEE6sentryC2ERS3_b CODE
 0001:0000cc90 0000001dH .text$_ZNKSt3__19basic_iosIcNS_11char_traitsIcEEE4goodB6v15007Ev CODE
 0001:0000ccb0 00000012H .text$_ZNKSt3__19basic_iosIcNS_11char_traitsIcEEE3tieB6v15007Ev CODE
 0001:0000ccd0 0000000eH .text$_ZNKSt3__18ios_base5flagsB6v15007Ev CODE
 0001:0000cce0 00000020H .text$_ZNSt3__19use_facetB6v15007INS_5ctypeIcEEEERKT_RKNS_6localeE CODE
 0001:0000cd00 00000023H .text$_ZNSt3__119istreambuf_iteratorIcNS_11char_traitsIcEEEC1B6v15007ERNS_13basic_istreamIcS2_EE CODE
 0001:0000cd30 00000019H .text$_ZNSt3__119istreambuf_iteratorIcNS_11char_traitsIcEEEC1B6v15007Ev CODE
 0001:0000cd50 00000029H .text$_ZNSt3__1neB6v15007IcNS_11char_traitsIcEEEEbRKNS_19istreambuf_iteratorIT_T0_EES8_ CODE
 0001:0000cd80 00000071H .text$_ZNKSt3__15ctypeIcE2isB6v15007Etc CODE
 0001:0000ce00 0000001cH .text$_ZNKSt3__119istreambuf_iteratorIcNS_11char_traitsIcEEEdeB6v15007Ev CODE
 0001:0000ce20 00000025H .text$_ZNSt3__119istreambuf_iteratorIcNS_11char_traitsIcEEEppB6v15007Ev CODE
 0001:0000ce50 00000027H .text$_ZNSt3__1eqB6v15007IcNS_11char_traitsIcEEEEbRKNS_19istreambuf_iteratorIT_T0_EES8_ CODE
 0001:0000ce80 00000017H .text$_ZNKSt3__18ios_base4goodB6v15007Ev CODE
 0001:0000cea0 00000051H .text$_ZNSt3__119istreambuf_iteratorIcNS_11char_traitsIcEEEC2B6v15007ERNS_13basic_istreamIcS2_EE CODE
 0001:0000cf00 00000012H .text$_ZNSt3__119istreambuf_iteratorIcNS_11char_traitsIcEEEC2B6v15007Ev CODE
 0001:0000cf20 00000046H .text$_ZNKSt3__119istreambuf_iteratorIcNS_11char_traitsIcEEE5equalB6v15007ERKS3_ CODE
 0001:0000cf70 0000006dH .text$_ZNKSt3__119istreambuf_iteratorIcNS_11char_traitsIcEEE14__test_for_eofB6v15007Ev CODE
 0001:0000cfe0 00000052H .text$_ZNSt3__115basic_streambufIcNS_11char_traitsIcEEE5sgetcB6v15007Ev CODE
 0001:0000d040 00000007H .text$_ZNSt3__125__debug_db_invalidate_allB6v15007INS_12basic_stringIcNS_11char_traitsIcEENS_9allocatorIcEEEEEEvPT_ CODE
 0001:0000d050 0000001fH .text$_ZNSt3__111char_traitsIcE6assignERcRKc CODE
 0001:0000d070 00000030H .text$_ZNSt3__112basic_stringIcNS_11char_traitsIcEENS_9allocatorIcEEE15__set_long_sizeB6v15007Ey CODE
 0001:0000d0a0 00000056H .text$_ZNSt3__112basic_stringIcNS_11char_traitsIcEENS_9allocatorIcEEE16__set_short_sizeB6v15007Ey CODE
 0001:0000d100 0000000fH .text$_ZNKSt3__18ios_base5rdbufB6v15007Ev CODE
 0001:0000d110 00000019H .text$_ZNKSt3__112basic_stringIcNS_11char_traitsIcEENS_9allocatorIcEEE7__allocB6v15007Ev CODE
 0001:0000d130 0000000fH .text$_ZNSt3__114numeric_limitsIyE3maxB6v15007Ev CODE
 0001:0000d140 00000019H .text$_ZNKSt3__117__compressed_pairINS_12basic_stringIcNS_11char_traitsIcEENS_9allocatorIcEEE5__repES5_E6secondB6v15007Ev CODE
 0001:0000d160 00000008H .text$_ZNSt3__123__libcpp_numeric_limitsIyLb1EE3maxB6v15007Ev CODE
 0001:0000d170 0000000eH .text$_ZNKSt3__18ios_base10exceptionsB6v15007Ev CODE
 0001:0000d180 00000022H .text$_ZNKSt3__15ctypeIcE5widenB6v15007Ec CODE
 0001:0000d1b0 00000256H .text$_ZNSt3__124__put_character_sequenceIcNS_11char_traitsIcEEEERNS_13basic_ostreamIT_T0_EES7_PKS4_y CODE
 0001:0000d410 00000023H .text$_ZNSt3__113basic_ostreamIcNS_11char_traitsIcEEE6sentryC1ERS3_ CODE
 0001:0000d440 00000012H .text$_ZNKSt3__113basic_ostreamIcNS_11char_traitsIcEEE6sentrycvbB6v15007Ev CODE
 0001:0000d460 000002acH .text$_ZNSt3__116__pad_and_outputIcNS_11char_traitsIcEEEENS_19ostreambuf_iteratorIT_T0_EES6_PKS4_S8_S8_RNS_8ios_baseES4_ CODE
 0001:0000d710 00000023H .text$_ZNSt3__119ostreambuf_iteratorIcNS_11char_traitsIcEEEC1B6v15007ERNS_13basic_ostreamIcS2_EE CODE
 0001:0000d740 00000066H .text$_ZNKSt3__19basic_iosIcNS_11char_traitsIcEEE4fillB6v15007Ev CODE
 0001:0000d7b0 00000017H .text$_ZNKSt3__119ostreambuf_iteratorIcNS_11char_traitsIcEEE6failedB6v15007Ev CODE
 0001:0000d7d0 00000019H .text$_ZNSt3__113basic_ostreamIcNS_11char_traitsIcEEE6sentryD1Ev CODE
 0001:0000d7f0 00000083H .text$_ZNSt3__113basic_ostreamIcNS_11char_traitsIcEEE6sentryC2ERS3_ CODE
 0001:0000d880 0000000fH .text$_ZNKSt3__18ios_base5widthB6v15007Ev CODE
 0001:0000d890 0000002eH .text$_ZNSt3__115basic_streambufIcNS_11char_traitsIcEEE5sputnB6v15007EPKcx CODE
 0001:0000d8c0 0000002dH .text$_ZNSt3__112basic_stringIcNS_11char_traitsIcEENS_9allocatorIcEEEC1B6v15007Eyc CODE
 0001:0000d8f0 0000002dH .text$_ZNSt3__18ios_base5widthB6v15007Ex CODE
 0001:0000d920 00000050H .text$_ZNSt3__112basic_stringIcNS_11char_traitsIcEENS_9allocatorIcEEEC2B6v15007Eyc CODE
 0001:0000d970 00000051H .text$_ZNSt3__119ostreambuf_iteratorIcNS_11char_traitsIcEEEC2B6v15007ERNS_13basic_ostreamIcS2_EE CODE
 0001:0000d9d0 00000149H .text$_ZNSt3__113basic_ostreamIcNS_11char_traitsIcEEE6sentryD2Ev CODE
 0001:0000db20 0000001aH .text$_ZNSt3__115basic_streambufIcNS_11char_traitsIcEEE7pubsyncB6v15007Ev CODE
 0001:0000db40 00000066H .text$_ZNSt3__14__fs10filesystem4pathC2B6v15007INS_12basic_stringIcNS_11char_traitsIcEENS_9allocatorIcEEEEvEERKT_NS2_6formatE CODE
 0001:0000dbb0 00000019H .text$_ZNSt3__112basic_stringIwNS_11char_traitsIwEENS_9allocatorIwEEEC1B6v15007Ev CODE
 0001:0000dbd0 00000049H .text$_ZNSt3__14__fs10filesystem8_PathCVTIcE15__append_sourceB6v15007INS_12basic_stringIcNS_11char_traitsIcEENS_9allocatorIcEEEEEEvRNS5_IwNS6_IwEENS8_IwEEEERKT_ CODE
 0001:0000dc20 0000004aH .text$_ZNSt3__112basic_stringIwNS_11char_traitsIwEENS_9allocatorIwEEEC2B6v15007Ev CODE
 0001:0000dc70 00000073H .text$_ZNSt3__14__fs10filesystem8_PathCVTIcE14__append_rangeB6v15007IPKcEENS_9enable_ifIXsr27__is_cpp17_forward_iteratorIT_EE5valueEvE4typeERNS_12basic_stringIwNS_11char_traitsIwEENS_9allocatorIwEEEES8_S8_ CODE
 0001:0000dcf0 00000019H .text$_ZNSt3__14__fs10filesystem20__is_pathable_stringINS_12basic_stringIcNS_11char_traitsIcEENS_9allocatorIcEEEEvE13__range_beginB6v15007ERKS8_ CODE
 0001:0000dd10 00000032H .text$_ZNSt3__14__fs10filesystem20__is_pathable_stringINS_12basic_stringIcNS_11char_traitsIcEENS_9allocatorIcEEEEvE11__range_endB6v15007ERKS8_ CODE
 0001:0000dd50 0000002dH .text$_ZNSt3__112basic_stringIcNS_11char_traitsIcEENS_9allocatorIcEEEC1B6v15007IPKcvEET_S9_ CODE
 0001:0000dd80 00000080H .text$_ZNSt3__14__fs10filesystem8_PathCVTIcE15__append_stringB6v15007ERNS_12basic_stringIwNS_11char_traitsIwEENS_9allocatorIwEEEERKNS4_IcNS5_IcEENS7_IcEEEE CODE
 0001:0000de00 00000050H .text$_ZNSt3__112basic_stringIcNS_11char_traitsIcEENS_9allocatorIcEEEC2B6v15007IPKcvEET_S9_ CODE
 0001:0000de50 0000016eH .text$_ZNSt3__112basic_stringIcNS_11char_traitsIcEENS_9allocatorIcEEE6__initIPKcEENS_9enable_ifIXsr27__is_cpp17_forward_iteratorIT_EE5valueEvE4typeESA_SA_ CODE
 0001:0000dfc0 00000028H .text$_ZNSt3__18distanceB6v15007IPKcEENS_15iterator_traitsIT_E15difference_typeES4_S4_ CODE
 0001:0000dff0 00000016H .text$_ZNKSt3__112basic_stringIcNS_11char_traitsIcEENS_9allocatorIcEEE20__throw_length_errorB6v15007Ev CODE
 0001:0000e010 00000014H .text$_ZNSt3__112basic_stringIcNS_11char_traitsIcEENS_9allocatorIcEEE13__fits_in_ssoB6v15007Ey CODE
 0001:0000e030 00000019H .text$_ZNSt3__112basic_stringIcNS_11char_traitsIcEENS_9allocatorIcEEE7__allocB6v15007Ev CODE
 0001:0000e050 00000068H .text$_ZNSt3__112basic_stringIcNS_11char_traitsIcEENS_9allocatorIcEEE11__recommendB6v15007Ey CODE
 0001:0000e0c0 00000012H .text$_ZNSt3__112basic_stringIcNS_11char_traitsIcEENS_9allocatorIcEEE16__begin_lifetimeB6v15007EPcy CODE
 0001:0000e0e0 00000030H .text$_ZNSt3__112basic_stringIcNS_11char_traitsIcEENS_9allocatorIcEEE18__set_long_pointerB6v15007EPc CODE
 0001:0000e110 0000006bH .text$_ZNSt3__112basic_stringIcNS_11char_traitsIcEENS_9allocatorIcEEE14__set_long_capB6v15007Ey CODE
 0001:0000e180 00000023H .text$_ZNSt3__110__distanceB6v15007IPKcEENS_15iterator_traitsIT_E15difference_typeES4_S4_NS_26random_access_iterator_tagE CODE
 0001:0000e1b0 00000019H .text$_ZNSt3__117__compressed_pairINS_12basic_stringIcNS_11char_traitsIcEENS_9allocatorIcEEE5__repES5_E6secondB6v15007Ev CODE
 0001:0000e1d0 00000013H .text$_ZNSt3__112basic_stringIcNS_11char_traitsIcEENS_9allocatorIcEEE10__align_itB6v15007ILy16EEEyy CODE
 0001:0000e1f0 00000026H .text$_ZNSt3__112basic_stringIwNS_11char_traitsIwEENS_9allocatorIwEEE6resizeB6v15007Ey CODE
 0001:0000e220 00000021H .text$_ZNSt3__112basic_stringIwNS_11char_traitsIwEENS_9allocatorIwEEE4dataB6v15007Ev CODE
 0001:0000e250 0000000bH .text$_ZNSt3__112__to_addressB6v15007IwEEPT_S2_ CODE
 0001:0000e260 00000052H .text$_ZNSt3__112basic_stringIwNS_11char_traitsIwEENS_9allocatorIwEEE13__get_pointerB6v15007Ev CODE
 0001:0000e2c0 0000001cH .text$_ZNSt3__112basic_stringIwNS_11char_traitsIwEENS_9allocatorIwEEE18__get_long_pointerB6v15007Ev CODE
 0001:0000e2e0 00000025H .text$_ZNSt3__112basic_stringIwNS_11char_traitsIwEENS_9allocatorIwEEE19__get_short_pointerB6v15007Ev CODE
 0001:0000e310 0000000bH .text$_ZNSt3__114pointer_traitsIPwE10pointer_toB6v15007ERw CODE
 0001:0000e320 000000dcH .text$_ZNSt3__112basic_stringIcNS_11char_traitsIcEENS_9allocatorIcEEE13__move_assignB6v15007ERS5_NS_17integral_constantIbLb1EEE CODE
 0001:0000e400 00000023H .text$_ZNKSt3__112basic_stringIcNS_11char_traitsIcEENS_9allocatorIcEEE14__get_long_capB6v15007Ev CODE
 0001:0000e430 00000028H .text$_ZNSt3__112basic_stringIcNS_11char_traitsIcEENS_9allocatorIcEEE19__move_assign_allocB6v15007ERS5_ CODE
 0001:0000e460 00000037H .text$_ZNSt3__112basic_stringIcNS_11char_traitsIcEENS_9allocatorIcEEE19__move_assign_allocB6v15007ERS5_NS_17integral_constantIbLb1EEE CODE
 0001:0000e4a0 00000019H .text$_ZNSt3__111char_traitsIcE6lengthEPKc CODE
 0001:0000e4c0 00000011H .text$_ZNSt3__116allocator_traitsINS_9allocatorIcEEE37select_on_container_copy_constructionB6v15007IS2_vvEES2_RKS2_ CODE
 0001:0000e4e0 0000001cH .text$_ZNKSt3__112basic_stringIcNS_11char_traitsIcEENS_9allocatorIcEEE13get_allocatorB6v15007Ev CODE
 0001:0000e500 00000035H .text$_ZNSt3__112basic_stringIcNS_11char_traitsIcEENS_9allocatorIcEEEC1B6v15007ENS_24__uninitialized_size_tagEyRKS4_ CODE
 0001:0000e540 00000072H .text$_ZNSt3__111char_traitsIcE4copyEPcPKcy CODE
 0001:0000e5c0 0000003fH .text$_ZNSt3__111char_traitsIcE6assignEPcyc CODE
 0001:0000e600 0000010fH .text$_ZNSt3__112basic_stringIcNS_11char_traitsIcEENS_9allocatorIcEEEC2B6v15007ENS_24__uninitialized_size_tagEyRKS4_ CODE
 0001:0000e710 00000023H .text$_ZNSt3__116allocator_traitsINS_9allocatorIcEEE8allocateB6v15007ERS2_y CODE
 0001:0000e740 0000003cH .text$_ZNSt3__16copy_nB6v15007IPKcyPcEENS_9enable_ifIXsr33__is_cpp17_random_access_iteratorIT_EE5valueET1_E4typeES5_T0_S6_ CODE
 0001:0000e780 00000036H .text$_ZNSt3__14copyB6v15007IPKcPcEET0_T_S5_S4_ CODE
 0001:0000e7c0 000000ccH .text$_ZNSt3__16__copyB6v15007IPKcS2_PcLi0EEENS_4pairIT_T1_EES5_T0_S6_ CODE
 0001:0000e890 0000005cH .text$_ZNSt3__114__unwrap_rangeB6v15007IPKcS2_EENS_4pairIT0_S4_EET_S6_ CODE
 0001:0000e8f0 00000097H .text$_ZNSt3__111__copy_implB6v15007IKccvEENS_4pairIPT_PT0_EES4_S4_S6_ CODE
 0001:0000e990 00000019H .text$_ZNSt3__113__unwrap_iterB6v15007IPcNS_18__unwrap_iter_implIS1_Lb1EEELi0EEEDTclsrT0_8__unwrapclsr3stdE7declvalIT_EEEES5_ CODE
 0001:0000e9b0 00000034H .text$_ZNSt3__19make_pairB6v15007IPKcPcEENS_4pairINS_18__unwrap_ref_decayIT_E4typeENS5_IT0_E4typeEEEOS6_OS9_ CODE
 0001:0000e9f0 00000023H .text$_ZNSt3__114__rewrap_rangeB6v15007IPKcS2_EET_S3_T0_ CODE
 0001:0000ea20 0000003aH .text$_ZNSt3__113__rewrap_iterB6v15007IPcS1_NS_18__unwrap_iter_implIS1_Lb1EEEEET_S4_T0_ CODE
 0001:0000ea60 00000034H .text$_ZNSt3__19make_pairB6v15007IPKcS2_EENS_4pairINS_18__unwrap_ref_decayIT_E4typeENS4_IT0_E4typeEEEOS5_OS8_ CODE
 0001:0000eaa0 00000019H .text$_ZNSt3__113__unwrap_iterB6v15007IPKcNS_18__unwrap_iter_implIS2_Lb1EEELi0EEEDTclsrT0_8__unwrapclsr3stdE7declvalIT_EEEES6_ CODE
 0001:0000eac0 0000002dH .text$_ZNSt3__14pairIPKcS2_EC1B6v15007IS2_S2_LPv0EEEOT_OT0_ CODE
 0001:0000eaf0 00000032H .text$_ZNSt3__14pairIPKcS2_EC2B6v15007IS2_S2_LPv0EEEOT_OT0_ CODE
 0001:0000eb30 00000019H .text$_ZNSt3__118__unwrap_iter_implIPKcLb1EE8__unwrapB6v15007ES2_ CODE
 0001:0000eb50 00000019H .text$_ZNSt3__118__unwrap_iter_implIPcLb1EE8__unwrapB6v15007ES1_ CODE
 0001:0000eb70 0000002dH .text$_ZNSt3__14pairIPKcPcEC1B6v15007IS2_S3_LPv0EEEOT_OT0_ CODE
 0001:0000eba0 00000032H .text$_ZNSt3__14pairIPKcPcEC2B6v15007IS2_S3_LPv0EEEOT_OT0_ CODE
 0001:0000ebe0 0000003aH .text$_ZNSt3__113__rewrap_iterB6v15007IPKcS2_NS_18__unwrap_iter_implIS2_Lb1EEEEET_S5_T0_ CODE
 0001:0000ec20 00000044H .text$_ZNSt3__118__unwrap_iter_implIPKcLb1EE8__rewrapB6v15007ES2_S2_ CODE
 0001:0000ec70 00000044H .text$_ZNSt3__118__unwrap_iter_implIPcLb1EE8__rewrapB6v15007ES1_S1_ CODE
 0001:0000ecc0 0000003fH .text$_ZNSt3__16fill_nB6v15007IPcycEET_S2_T0_RKT1_ CODE
 0001:0000ed00 00000056H .text$_ZNSt3__18__fill_nB6v15007IPcycEET_S2_T0_RKT1_ CODE
 0001:0000ed60 0000000bH .text$_ZNSt3__121__convert_to_integralB6v15007Ey CODE
 0001:0000ed70 00000066H .text$_ZNSt3__14__fs10filesystem4pathC2B6v15007IA6_cvEERKT_NS2_6formatE CODE
 0001:0000ede0 00000049H .text$_ZNSt3__14__fs10filesystem8_PathCVTIcE15__append_sourceB6v15007IA6_cEEvRNS_12basic_stringIwNS_11char_traitsIwEENS_9allocatorIwEEEERKT_ CODE
 0001:0000ee30 0000000bH .text$_ZNSt3__14__fs10filesystem24__is_pathable_char_arrayIA6_cPccLb1EE13__range_beginB6v15007EPKc CODE
 0001:0000ee40 00000046H .text$_ZNSt3__14__fs10filesystem24__is_pathable_char_arrayIA6_cPccLb1EE11__range_endB6v15007EPKc CODE
 0001:0000ee90 00000066H .text$_ZNSt3__14__fs10filesystem4pathC2B6v15007IA5_cvEERKT_NS2_6formatE CODE
 0001:0000ef00 00000049H .text$_ZNSt3__14__fs10filesystem8_PathCVTIcE15__append_sourceB6v15007IA5_cEEvRNS_12basic_stringIwNS_11char_traitsIwEENS_9allocatorIwEEEERKT_ CODE
 0001:0000ef50 0000000bH .text$_ZNSt3__14__fs10filesystem24__is_pathable_char_arrayIA5_cPccLb1EE13__range_beginB6v15007EPKc CODE
 0001:0000ef60 00000046H .text$_ZNSt3__14__fs10filesystem24__is_pathable_char_arrayIA5_cPccLb1EE11__range_endB6v15007EPKc CODE
 0001:0000efb0 00000126H .text$_ZNSt3__111__str_rfindB6v15007IcyNS_11char_traitsIcEELy18446744073709551615EEET0_PKT_S3_S6_S3_S3_ CODE
 0001:0000f0e0 000000adH .text$_ZNSt3__118__find_end_classicB6v15007IPKcS2_DoFbccEEET_S4_S4_T0_S5_RT1_ CODE
 0001:0000f190 0000028eH .text$_ZNSt3__115__find_end_implB6v15007INS_17_ClassicAlgPolicyEPKcS3_S3_S3_DoFbccENS_10__identityES5_EENS_4pairIT0_S7_EES7_T1_T2_T3_RT4_RT5_RT6_NS_20forward_iterator_tagESI_ CODE
 0001:0000f420 00000016H .text$_ZNSt3__18_IterOpsINS_17_ClassicAlgPolicyEE4nextB6v15007IPKcEET_S6_S6_ CODE
 0001:0000f440 0000002dH .text$_ZNSt3__14pairIPKcS2_EC1B6v15007IRS2_S5_LPv0EEEOT_OT0_ CODE
 0001:0000f470 00000032H .text$_ZNSt3__18__invokeB6v15007IRDoFbccEJRKcS4_EEEDTclclsr3stdE7declvalIT_EEspclsr3stdE7declvalIT0_EEEEOS5_DpOS6_ CODE
 0001:0000f4b0 00000023H .text$_ZNSt3__18__invokeB6v15007IRNS_10__identityEJRKcEEEDTclclsr3stdE7declvalIT_EEspclsr3stdE7declvalIT0_EEEEOS5_DpOS6_ CODE
 0001:0000f4e0 00000032H .text$_ZNSt3__14pairIPKcS2_EC2B6v15007IRS2_S5_LPv0EEEOT_OT0_ CODE
 0001:0000f520 00000016H .text$_ZNKSt3__110__identityclIRKcEEOT_S5_ CODE
 0001:0000f540 00000050H .text$_ZNSt3__112basic_stringIcNS_11char_traitsIcEENS_9allocatorIcEEEC2B6v15007IPcvEET_S8_ CODE
 0001:0000f590 0000016eH .text$_ZNSt3__112basic_stringIcNS_11char_traitsIcEENS_9allocatorIcEEE6__initIPcEENS_9enable_ifIXsr27__is_cpp17_forward_iteratorIT_EE5valueEvE4typeES9_S9_ CODE
 0001:0000f700 00000028H .text$_ZNSt3__18distanceB6v15007IPcEENS_15iterator_traitsIT_E15difference_typeES3_S3_ CODE
 0001:0000f730 00000023H .text$_ZNSt3__110__distanceB6v15007IPcEENS_15iterator_traitsIT_E15difference_typeES3_S3_NS_26random_access_iterator_tagE CODE
 0001:0000f760 000002adH .text                   CODE
 0001:0000fa10 00000023H .text$_ZN6System7Classes15TComponentClassC1EPNS_10TMetaClassE CODE
 0001:0000fa40 00000023H .text$_ZN6System7Classes15TComponentClassC2EPNS_10TMetaClassE CODE
 0001:0000fa70 0000001eH .text$_ZN6System15DelphiMetaClassINS_7Classes15TComponentClassEEC2EPNS_10TMetaClassE CODE
 0001:0000fa90 00003c46H .text                   CODE
 0001:000136e0 000000d2H .text$_ZN6System8Sysutils11ERangeErrorC3ENS_13UnicodeStringE CODE
 0001:000137c0 0000004cH .text$_ZN6System8Sysutils11ERangeErrorD0Ev CODE
 0001:00013810 0000005bH .text$_ZN6System8_CharLenIwEEiPKT_ CODE
 0001:00013870 0000005bH .text$_ZN6System8_CharLenIDsEEiPKT_ CODE
 0001:000138d0 00000023H .text$_ZN6System14AnsiStringBaseC2ILt0EEEONS_11AnsiStringTIXT_EEE CODE
 0001:00013900 0000002aH .text$_ZN6System13UnicodeStringC2ILt0EEERKNS_11AnsiStringTIXT_EEE CODE
 0001:00013930 0000004dH .text$_ZNK6System14AnsiStringBase8CodePageEv CODE
 0001:00013980 0000003aH .text$_ZNK6System14AnsiStringBaseixEi CODE
 0001:000139c0 000000d2H .text$_ZN6System8Sysutils9EIntErrorC3ENS_13UnicodeStringE CODE
 0001:00013aa0 000000d2H .text$_ZN6System8Sysutils9EExternalC3ENS_13UnicodeStringE CODE
 0001:00013b80 0000004cH .text$_ZN6System8Sysutils9EIntErrorD0Ev CODE
 0001:00013bd0 0000004cH .text$_ZN6System8Sysutils9EExternalD0Ev CODE
 0001:00013c20 00000f18H .text                   CODE
 0001:00014b40 0000000bH .text$_ZN6System15DelphiInterfaceINS_10IInterfaceEEadEv CODE
 0001:00014b50 0000004dH .text$_ZN6System15DelphiInterfaceINS_10IInterfaceEED2Ev CODE
 0001:00014ba0 00000029H .text$_ZNSt3__110lock_guardINS_5mutexEEC2B6v15007ERS1_ CODE
 0001:00014bd0 00000035H .text$_ZNSt3__113unordered_mapIPN6System7Typinfo9TTypeInfoEPSt9type_infoNS_4hashIS4_EENS_8equal_toIS4_EENS_9allocatorINS_4pairIKS4_S6_EEEEEC2B6v15007Ev CODE
 0001:00014c10 00000019H .text$_ZNSt3__113unordered_mapIPN6System7Typinfo9TTypeInfoEPSt9type_infoNS_4hashIS4_EENS_8equal_toIS4_EENS_9allocatorINS_4pairIKS4_S6_EEEEED2B6v15007Ev CODE
 0001:00014c30 00000084H .text$_ZNSt3__113unordered_mapIPN6System7Typinfo9TTypeInfoEPSt9type_infoNS_4hashIS4_EENS_8equal_toIS4_EENS_9allocatorINS_4pairIKS4_S6_EEEEEixERSD_ CODE
 0001:00014cc0 0000004aH .text$_ZN6System11AnsiStringTILt65001EEC2ERKNS_13UnicodeStringE CODE
 0001:00014d10 00000098H .text$_ZNK6System11AnsiStringTILt65001EEplERKS1_ CODE
 0001:00014db0 0000004aH .text$_ZN6System11AnsiStringTILt65001EEC2EPKc CODE
 0001:00014e00 00000030H .text$_ZN6System11AnsiStringTILt65001EEC2Ev CODE
 0001:00014e30 0000002cH .text$_ZN6System11AnsiStringTILt65001EEaSERKS1_ CODE
 0001:00014e60 00000019H .text$_ZN6System11AnsiStringTILt65001EED2Ev CODE
 0001:00014e80 00000030H .text$_ZN10__cxxabiv117__class_type_infoC2Ev CODE
 0001:00014eb0 00000043H .text$_ZNK6System11AnsiStringTILt65001EE5c_strEv CODE
 0001:00014f00 0000001cH .text$_ZNSt3__110lock_guardINS_5mutexEED2B6v15007Ev CODE
 0001:00014f20 00000030H .text$_ZN10__cxxabiv116__shim_type_infoC2Ev CODE
 0001:00014f50 00000083H .text$_ZNSt3__112__hash_tableINS_17__hash_value_typeIPN6System7Typinfo9TTypeInfoEPSt9type_infoEENS_22__unordered_map_hasherIS5_S8_NS_4hashIS5_EENS_8equal_toIS5_EELb1EEENS_21__unordered_map_equalIS5_S8_SD_SB_Lb1EEENS_9allocatorIS8_EEEC2Ev CODE
 0001:00014fe0 00000007H .text$_ZNSt3__119__debug_db_insert_cB6v15007INS_13unordered_mapIPN6System7Typinfo9TTypeInfoEPSt9type_infoNS_4hashIS5_EENS_8equal_toIS5_EENS_9allocatorINS_4pairIKS5_S7_EEEEEEEEvPT_ CODE
 0001:00014ff0 00000030H .text$_ZNSt3__110unique_ptrIA_PNS_16__hash_node_baseIPNS_11__hash_nodeINS_17__hash_value_typeIPN6System7Typinfo9TTypeInfoEPSt9type_infoEEPvEEEENS_25__bucket_list_deallocatorINS_9allocatorISF_EEEEEC2B6v15007ILb1EvEEv CODE
 0001:00015020 00000030H .text$_ZNSt3__117__compressed_pairINS_16__hash_node_baseIPNS_11__hash_nodeINS_17__hash_value_typeIPN6System7Typinfo9TTypeInfoEPSt9type_infoEEPvEEEENS_9allocatorISC_EEEC2B6v15007ILb1EvEEv CODE
 0001:00015050 0000003bH .text$_ZNSt3__117__compressed_pairIyNS_22__unordered_map_hasherIPN6System7Typinfo9TTypeInfoENS_17__hash_value_typeIS5_PSt9type_infoEENS_4hashIS5_EENS_8equal_toIS5_EELb1EEEEC2B6v15007IiNS_18__default_init_tagEEEOT_OT0_ CODE
 0001:00015090 0000003bH .text$_ZNSt3__117__compressed_pairIfNS_21__unordered_map_equalIPN6System7Typinfo9TTypeInfoENS_17__hash_value_typeIS5_PSt9type_infoEENS_8equal_toIS5_EENS_4hashIS5_EELb1EEEEC2B6v15007IfNS_18__default_init_tagEEEOT_OT0_ CODE
 0001:000150d0 0000003eH .text$_ZNSt3__117__compressed_pairIPPNS_16__hash_node_baseIPNS_11__hash_nodeINS_17__hash_value_typeIPN6System7Typinfo9TTypeInfoEPSt9type_infoEEPvEEEENS_25__bucket_list_deallocatorINS_9allocatorISF_EEEEEC2B6v15007INS_16__value_init_tagESN_EEOT_OT0_ CODE
 0001:00015110 0000001cH .text$_ZNSt3__122__compressed_pair_elemIPPNS_16__hash_node_baseIPNS_11__hash_nodeINS_17__hash_value_typeIPN6System7Typinfo9TTypeInfoEPSt9type_infoEEPvEEEELi0ELb0EEC2B6v15007ENS_16__value_init_tagE CODE
 0001:00015130 0000001dH .text$_ZNSt3__122__compressed_pair_elemINS_25__bucket_list_deallocatorINS_9allocatorIPNS_16__hash_node_baseIPNS_11__hash_nodeINS_17__hash_value_typeIPN6System7Typinfo9TTypeInfoEPSt9type_infoEEPvEEEEEEEELi1ELb0EEC2B6v15007ENS_16__value_init_tagE CODE
 0001:00015150 00000038H .text$_ZNSt3__125__bucket_list_deallocatorINS_9allocatorIPNS_16__hash_node_baseIPNS_11__hash_nodeINS_17__hash_value_typeIPN6System7Typinfo9TTypeInfoEPSt9type_infoEEPvEEEEEEEC2B6v15007Ev CODE
 0001:00015190 0000003bH .text$_ZNSt3__117__compressed_pairIyNS_9allocatorIPNS_16__hash_node_baseIPNS_11__hash_nodeINS_17__hash_value_typeIPN6System7Typinfo9TTypeInfoEPSt9type_infoEEPvEEEEEEEC2B6v15007IiNS_18__default_init_tagEEEOT_OT0_ CODE
 0001:000151d0 00000021H .text$_ZNSt3__122__compressed_pair_elemIyLi0ELb0EEC2B6v15007IivEEOT_ CODE
 0001:00015200 0000001dH .text$_ZNSt3__122__compressed_pair_elemINS_9allocatorIPNS_16__hash_node_baseIPNS_11__hash_nodeINS_17__hash_value_typeIPN6System7Typinfo9TTypeInfoEPSt9type_infoEEPvEEEEEELi1ELb1EEC2B6v15007ENS_18__default_init_tagE CODE
 0001:00015220 00000019H .text$_ZNSt3__19allocatorIPNS_16__hash_node_baseIPNS_11__hash_nodeINS_17__hash_value_typeIPN6System7Typinfo9TTypeInfoEPSt9type_infoEEPvEEEEEC2B6v15007Ev CODE
 0001:00015240 00000007H .text$_ZNSt3__116__non_trivial_ifILb1ENS_9allocatorIPNS_16__hash_node_baseIPNS_11__hash_nodeINS_17__hash_value_typeIPN6System7Typinfo9TTypeInfoEPSt9type_infoEEPvEEEEEEEC2B6v15007Ev CODE
 0001:00015250 0000001dH .text$_ZNSt3__122__compressed_pair_elemINS_16__hash_node_baseIPNS_11__hash_nodeINS_17__hash_value_typeIPN6System7Typinfo9TTypeInfoEPSt9type_infoEEPvEEEELi0ELb0EEC2B6v15007ENS_16__value_init_tagE CODE
 0001:00015270 0000001dH .text$_ZNSt3__122__compressed_pair_elemINS_9allocatorINS_11__hash_nodeINS_17__hash_value_typeIPN6System7Typinfo9TTypeInfoEPSt9type_infoEEPvEEEELi1ELb1EEC2B6v15007ENS_16__value_init_tagE CODE
 0001:00015290 00000012H .text$_ZNSt3__116__hash_node_baseIPNS_11__hash_nodeINS_17__hash_value_typeIPN6System7Typinfo9TTypeInfoEPSt9type_infoEEPvEEEC2B6v15007Ev CODE
 0001:000152b0 00000019H .text$_ZNSt3__19allocatorINS_11__hash_nodeINS_17__hash_value_typeIPN6System7Typinfo9TTypeInfoEPSt9type_infoEEPvEEEC2B6v15007Ev CODE
 0001:000152d0 00000007H .text$_ZNSt3__116__non_trivial_ifILb1ENS_9allocatorINS_11__hash_nodeINS_17__hash_value_typeIPN6System7Typinfo9TTypeInfoEPSt9type_infoEEPvEEEEEC2B6v15007Ev CODE
 0001:000152e0 0000001dH .text$_ZNSt3__122__compressed_pair_elemINS_22__unordered_map_hasherIPN6System7Typinfo9TTypeInfoENS_17__hash_value_typeIS5_PSt9type_infoEENS_4hashIS5_EENS_8equal_toIS5_EELb1EEELi1ELb1EEC2B6v15007ENS_18__default_init_tagE CODE
 0001:00015300 00000007H .text$_ZNSt3__122__unordered_map_hasherIPN6System7Typinfo9TTypeInfoENS_17__hash_value_typeIS4_PSt9type_infoEENS_4hashIS4_EENS_8equal_toIS4_EELb1EEC2B6v15007Ev CODE
 0001:00015310 00000023H .text$_ZNSt3__122__compressed_pair_elemIfLi0ELb0EEC2B6v15007IfvEEOT_ CODE
 0001:00015340 0000001dH .text$_ZNSt3__122__compressed_pair_elemINS_21__unordered_map_equalIPN6System7Typinfo9TTypeInfoENS_17__hash_value_typeIS5_PSt9type_infoEENS_8equal_toIS5_EENS_4hashIS5_EELb1EEELi1ELb1EEC2B6v15007ENS_18__default_init_tagE CODE
 0001:00015360 00000007H .text$_ZNSt3__121__unordered_map_equalIPN6System7Typinfo9TTypeInfoENS_17__hash_value_typeIS4_PSt9type_infoEENS_8equal_toIS4_EENS_4hashIS4_EELb1EEC2B6v15007Ev CODE
 0001:00015370 00000051H .text$_ZNSt3__112__hash_tableINS_17__hash_value_typeIPN6System7Typinfo9TTypeInfoEPSt9type_infoEENS_22__unordered_map_hasherIS5_S8_NS_4hashIS5_EENS_8equal_toIS5_EELb1EEENS_21__unordered_map_equalIS5_S8_SD_SB_Lb1EEENS_9allocatorIS8_EEED2Ev CODE
 0001:000153d0 000000adH .text$_ZNSt3__112__hash_tableINS_17__hash_value_typeIPN6System7Typinfo9TTypeInfoEPSt9type_infoEENS_22__unordered_map_hasherIS5_S8_NS_4hashIS5_EENS_8equal_toIS5_EELb1EEENS_21__unordered_map_equalIS5_S8_SD_SB_Lb1EEENS_9allocatorIS8_EEE17__deallocate_nodeEPNS_16__hash_node_baseIPNS_11__hash_nodeIS8_PvEEEE CODE
 0001:00015480 00000019H .text$_ZNSt3__117__compressed_pairINS_16__hash_node_baseIPNS_11__hash_nodeINS_17__hash_value_typeIPN6System7Typinfo9TTypeInfoEPSt9type_infoEEPvEEEENS_9allocatorISC_EEE5firstB6v15007Ev CODE
 0001:000154a0 00000007H .text$_ZNSt3__118__debug_db_erase_cB6v15007INS_12__hash_tableINS_17__hash_value_typeIPN6System7Typinfo9TTypeInfoEPSt9type_infoEENS_22__unordered_map_hasherIS6_S9_NS_4hashIS6_EENS_8equal_toIS6_EELb1EEENS_21__unordered_map_equalIS6_S9_SE_SC_Lb1EEENS_9allocatorIS9_EEEEEEvPT_ CODE
 0001:000154b0 0000001dH .text$_ZNSt3__110unique_ptrIA_PNS_16__hash_node_baseIPNS_11__hash_nodeINS_17__hash_value_typeIPN6System7Typinfo9TTypeInfoEPSt9type_infoEEPvEEEENS_25__bucket_list_deallocatorINS_9allocatorISF_EEEEED2B6v15007Ev CODE
 0001:000154d0 0000001dH .text$_ZNSt3__112__hash_tableINS_17__hash_value_typeIPN6System7Typinfo9TTypeInfoEPSt9type_infoEENS_22__unordered_map_hasherIS5_S8_NS_4hashIS5_EENS_8equal_toIS5_EELb1EEENS_21__unordered_map_equalIS5_S8_SD_SB_Lb1EEENS_9allocatorIS8_EEE12__node_allocB6v15007Ev CODE
 0001:000154f0 00000019H .text$_ZNSt3__116__hash_node_baseIPNS_11__hash_nodeINS_17__hash_value_typeIPN6System7Typinfo9TTypeInfoEPSt9type_infoEEPvEEE8__upcastB6v15007Ev CODE
 0001:00015510 00000012H .text$_ZNSt3__116allocator_traitsINS_9allocatorINS_11__hash_nodeINS_17__hash_value_typeIPN6System7Typinfo9TTypeInfoEPSt9type_infoEEPvEEEEE7destroyB6v15007INS_4pairIKS7_S9_EEvvEEvRSD_PT_ CODE
 0001:00015530 00000019H .text$_ZNSt3__122__hash_key_value_typesINS_17__hash_value_typeIPN6System7Typinfo9TTypeInfoEPSt9type_infoEEE9__get_ptrB6v15007ERS8_ CODE
 0001:00015550 0000002dH .text$_ZNSt3__116allocator_traitsINS_9allocatorINS_11__hash_nodeINS_17__hash_value_typeIPN6System7Typinfo9TTypeInfoEPSt9type_infoEEPvEEEEE10deallocateB6v15007ERSD_PSC_y CODE
 0001:00015580 00000019H .text$_ZNSt3__117__compressed_pairINS_16__hash_node_baseIPNS_11__hash_nodeINS_17__hash_value_typeIPN6System7Typinfo9TTypeInfoEPSt9type_infoEEPvEEEENS_9allocatorISC_EEE6secondB6v15007Ev CODE
 0001:000155a0 0000000bH .text$_ZNSt3__122__compressed_pair_elemINS_9allocatorINS_11__hash_nodeINS_17__hash_value_typeIPN6System7Typinfo9TTypeInfoEPSt9type_infoEEPvEEEELi1ELb1EE5__getB6v15007Ev CODE
 0001:000155b0 0000000bH .text$_ZNSt3__114pointer_traitsIPNS_16__hash_node_baseIPNS_11__hash_nodeINS_17__hash_value_typeIPN6System7Typinfo9TTypeInfoEPSt9type_infoEEPvEEEEE10pointer_toB6v15007ERSE_ CODE
 0001:000155c0 00000019H .text$_ZNSt3__117__hash_value_typeIPN6System7Typinfo9TTypeInfoEPSt9type_infoE11__get_valueB6v15007Ev CODE
 0001:000155e0 00000019H .text$_ZNSt3__17launderB6v15007INS_4pairIKPN6System7Typinfo9TTypeInfoEPSt9type_infoEEEEPT_SB_ CODE
 0001:00015600 0000000bH .text$_ZNSt3__19__launderB6v15007INS_4pairIKPN6System7Typinfo9TTypeInfoEPSt9type_infoEEEEPT_SB_ CODE
 0001:00015610 0000003fH .text$_ZNSt3__19allocatorINS_11__hash_nodeINS_17__hash_value_typeIPN6System7Typinfo9TTypeInfoEPSt9type_infoEEPvEEE10deallocateB6v15007EPSB_y CODE
 0001:00015650 0000000bH .text$_ZNSt3__122__compressed_pair_elemINS_16__hash_node_baseIPNS_11__hash_nodeINS_17__hash_value_typeIPN6System7Typinfo9TTypeInfoEPSt9type_infoEEPvEEEELi0ELb0EE5__getB6v15007Ev CODE
 0001:00015660 0000005fH .text$_ZNSt3__110unique_ptrIA_PNS_16__hash_node_baseIPNS_11__hash_nodeINS_17__hash_value_typeIPN6System7Typinfo9TTypeInfoEPSt9type_infoEEPvEEEENS_25__bucket_list_deallocatorINS_9allocatorISF_EEEEE5resetB6v15007EDn CODE
 0001:000156c0 00000019H .text$_ZNSt3__117__compressed_pairIPPNS_16__hash_node_baseIPNS_11__hash_nodeINS_17__hash_value_typeIPN6System7Typinfo9TTypeInfoEPSt9type_infoEEPvEEEENS_25__bucket_list_deallocatorINS_9allocatorISF_EEEEE5firstB6v15007Ev CODE
 0001:000156e0 0000001dH .text$_ZNSt3__117__compressed_pairIPPNS_16__hash_node_baseIPNS_11__hash_nodeINS_17__hash_value_typeIPN6System7Typinfo9TTypeInfoEPSt9type_infoEEPvEEEENS_25__bucket_list_deallocatorINS_9allocatorISF_EEEEE6secondB6v15007Ev CODE
 0001:00015700 0000004eH .text$_ZNSt3__125__bucket_list_deallocatorINS_9allocatorIPNS_16__hash_node_baseIPNS_11__hash_nodeINS_17__hash_value_typeIPN6System7Typinfo9TTypeInfoEPSt9type_infoEEPvEEEEEEEclB6v15007EPSG_ CODE
 0001:00015750 0000000bH .text$_ZNSt3__122__compressed_pair_elemIPPNS_16__hash_node_baseIPNS_11__hash_nodeINS_17__hash_value_typeIPN6System7Typinfo9TTypeInfoEPSt9type_infoEEPvEEEELi0ELb0EE5__getB6v15007Ev CODE
 0001:00015760 0000000bH .text$_ZNSt3__122__compressed_pair_elemINS_25__bucket_list_deallocatorINS_9allocatorIPNS_16__hash_node_baseIPNS_11__hash_nodeINS_17__hash_value_typeIPN6System7Typinfo9TTypeInfoEPSt9type_infoEEPvEEEEEEEELi1ELb0EE5__getB6v15007Ev CODE
 0001:00015770 0000002dH .text$_ZNSt3__116allocator_traitsINS_9allocatorIPNS_16__hash_node_baseIPNS_11__hash_nodeINS_17__hash_value_typeIPN6System7Typinfo9TTypeInfoEPSt9type_infoEEPvEEEEEEE10deallocateB6v15007ERSH_PSG_y CODE
 0001:000157a0 00000019H .text$_ZNSt3__125__bucket_list_deallocatorINS_9allocatorIPNS_16__hash_node_baseIPNS_11__hash_nodeINS_17__hash_value_typeIPN6System7Typinfo9TTypeInfoEPSt9type_infoEEPvEEEEEEE7__allocB6v15007Ev CODE
 0001:000157c0 00000019H .text$_ZNSt3__125__bucket_list_deallocatorINS_9allocatorIPNS_16__hash_node_baseIPNS_11__hash_nodeINS_17__hash_value_typeIPN6System7Typinfo9TTypeInfoEPSt9type_infoEEPvEEEEEEE4sizeB6v15007Ev CODE
 0001:000157e0 0000003fH .text$_ZNSt3__19allocatorIPNS_16__hash_node_baseIPNS_11__hash_nodeINS_17__hash_value_typeIPN6System7Typinfo9TTypeInfoEPSt9type_infoEEPvEEEEE10deallocateB6v15007EPSF_y CODE
 0001:00015820 00000019H .text$_ZNSt3__117__compressed_pairIyNS_9allocatorIPNS_16__hash_node_baseIPNS_11__hash_nodeINS_17__hash_value_typeIPN6System7Typinfo9TTypeInfoEPSt9type_infoEEPvEEEEEEE6secondB6v15007Ev CODE
 0001:00015840 0000000bH .text$_ZNSt3__122__compressed_pair_elemINS_9allocatorIPNS_16__hash_node_baseIPNS_11__hash_nodeINS_17__hash_value_typeIPN6System7Typinfo9TTypeInfoEPSt9type_infoEEPvEEEEEELi1ELb1EE5__getB6v15007Ev CODE
 0001:00015850 00000019H .text$_ZNSt3__117__compressed_pairIyNS_9allocatorIPNS_16__hash_node_baseIPNS_11__hash_nodeINS_17__hash_value_typeIPN6System7Typinfo9TTypeInfoEPSt9type_infoEEPvEEEEEEE5firstB6v15007Ev CODE
 0001:00015870 0000000bH .text$_ZNSt3__122__compressed_pair_elemIyLi0ELb0EE5__getB6v15007Ev CODE
 0001:00015880 0000076cH .text$_ZNSt3__112__hash_tableINS_17__hash_value_typeIPN6System7Typinfo9TTypeInfoEPSt9type_infoEENS_22__unordered_map_hasherIS5_S8_NS_4hashIS5_EENS_8equal_toIS5_EELb1EEENS_21__unordered_map_equalIS5_S8_SD_SB_Lb1EEENS_9allocatorIS8_EEE25__emplace_unique_key_argsIS5_JRKNS_21piecewise_construct_tENS_5tupleIJRKS5_EEENSO_IJEEEEEENS_4pairINS_15__hash_iteratorIPNS_11__hash_nodeIS8_PvEEEEbEERKT_DpOT0_ CODE
 0001:00015ff0 00000022H .text$_ZNSt3__116forward_as_tupleB6v15007IJRKPN6System7Typinfo9TTypeInfoEEEENS_5tupleIJDpOT_EEESA_ CODE
 0001:00016020 00000006H .text$_ZNSt3__116forward_as_tupleB6v15007IJEEENS_5tupleIJDpOT_EEES4_ CODE
 0001:00016030 00000028H .text$_ZNKSt3__115__hash_iteratorIPNS_11__hash_nodeINS_17__hash_value_typeIPN6System7Typinfo9TTypeInfoEPSt9type_infoEEPvEEEptB6v15007Ev CODE
 0001:00016060 0000001dH .text$_ZNSt3__112__hash_tableINS_17__hash_value_typeIPN6System7Typinfo9TTypeInfoEPSt9type_infoEENS_22__unordered_map_hasherIS5_S8_NS_4hashIS5_EENS_8equal_toIS5_EELb1EEENS_21__unordered_map_equalIS5_S8_SD_SB_Lb1EEENS_9allocatorIS8_EEE13hash_functionB6v15007Ev CODE
 0001:00016080 00000026H .text$_ZNKSt3__122__unordered_map_hasherIPN6System7Typinfo9TTypeInfoENS_17__hash_value_typeIS4_PSt9type_infoEENS_4hashIS4_EENS_8equal_toIS4_EELb1EEclB6v15007ERKS4_ CODE
 0001:000160b0 00000021H .text$_ZNKSt3__112__hash_tableINS_17__hash_value_typeIPN6System7Typinfo9TTypeInfoEPSt9type_infoEENS_22__unordered_map_hasherIS5_S8_NS_4hashIS5_EENS_8equal_toIS5_EELb1EEENS_21__unordered_map_equalIS5_S8_SD_SB_Lb1EEENS_9allocatorIS8_EEE12bucket_countB6v15007Ev CODE
 0001:000160e0 00000087H .text$_ZNSt3__116__constrain_hashB6v15007Eyy CODE
 0001:00016170 0000002cH .text$_ZNKSt3__110unique_ptrIA_PNS_16__hash_node_baseIPNS_11__hash_nodeINS_17__hash_value_typeIPN6System7Typinfo9TTypeInfoEPSt9type_infoEEPvEEEENS_25__bucket_list_deallocatorINS_9allocatorISF_EEEEEixB6v15007Ey CODE
 0001:000161a0 0000000fH .text$_ZNKSt3__116__hash_node_baseIPNS_11__hash_nodeINS_17__hash_value_typeIPN6System7Typinfo9TTypeInfoEPSt9type_infoEEPvEEE6__hashB6v15007Ev CODE
 0001:000161b0 0000001dH .text$_ZNSt3__112__hash_tableINS_17__hash_value_typeIPN6System7Typinfo9TTypeInfoEPSt9type_infoEENS_22__unordered_map_hasherIS5_S8_NS_4hashIS5_EENS_8equal_toIS5_EELb1EEENS_21__unordered_map_equalIS5_S8_SD_SB_Lb1EEENS_9allocatorIS8_EEE6key_eqB6v15007Ev CODE
 0001:000161d0 00000043H .text$_ZNKSt3__121__unordered_map_equalIPN6System7Typinfo9TTypeInfoENS_17__hash_value_typeIS4_PSt9type_infoEENS_8equal_toIS4_EENS_4hashIS4_EELb1EEclB6v15007ERKS8_RKS4_ CODE
 0001:00016220 000001a9H .text$_ZNSt3__112__hash_tableINS_17__hash_value_typeIPN6System7Typinfo9TTypeInfoEPSt9type_infoEENS_22__unordered_map_hasherIS5_S8_NS_4hashIS5_EENS_8equal_toIS5_EELb1EEENS_21__unordered_map_equalIS5_S8_SD_SB_Lb1EEENS_9allocatorIS8_EEE21__construct_node_hashIRKNS_21piecewise_construct_tEJNS_5tupleIJRKS5_EEENSO_IJEEEEEENS_10unique_ptrINS_11__hash_nodeIS8_PvEENS_22__hash_node_destructorINSH_ISW_EEEEEEyOT_DpOT0_ CODE
 0001:000163d0 0000001dH .text$_ZNSt3__112__hash_tableINS_17__hash_value_typeIPN6System7Typinfo9TTypeInfoEPSt9type_infoEENS_22__unordered_map_hasherIS5_S8_NS_4hashIS5_EENS_8equal_toIS5_EELb1EEENS_21__unordered_map_equalIS5_S8_SD_SB_Lb1EEENS_9allocatorIS8_EEE4sizeB6v15007Ev CODE
 0001:000163f0 0000001dH .text$_ZNSt3__112__hash_tableINS_17__hash_value_typeIPN6System7Typinfo9TTypeInfoEPSt9type_infoEENS_22__unordered_map_hasherIS5_S8_NS_4hashIS5_EENS_8equal_toIS5_EELb1EEENS_21__unordered_map_equalIS5_S8_SD_SB_Lb1EEENS_9allocatorIS8_EEE15max_load_factorB6v15007Ev CODE
 0001:00016410 00000023H .text$_ZNSt3__112__hash_tableINS_17__hash_value_typeIPN6System7Typinfo9TTypeInfoEPSt9type_infoEENS_22__unordered_map_hasherIS5_S8_NS_4hashIS5_EENS_8equal_toIS5_EELb1EEENS_21__unordered_map_equalIS5_S8_SD_SB_Lb1EEENS_9allocatorIS8_EEE15__rehash_uniqueB6v15007Ey CODE
 0001:00016440 00000028H .text$_ZNSt3__13maxB6v15007IyEERKT_S3_S3_ CODE
 0001:00016470 00000047H .text$_ZNSt3__116__is_hash_power2B6v15007Ey CODE
 0001:000164c0 0000001bH .text$_Z4ceilB6v15007f  CODE
 0001:000164e0 00000019H .text$_ZNSt3__116__hash_node_baseIPNS_11__hash_nodeINS_17__hash_value_typeIPN6System7Typinfo9TTypeInfoEPSt9type_infoEEPvEEE5__ptrB6v15007Ev CODE
 0001:00016500 0000001bH .text$_ZNKSt3__110unique_ptrINS_11__hash_nodeINS_17__hash_value_typeIPN6System7Typinfo9TTypeInfoEPSt9type_infoEEPvEENS_22__hash_node_destructorINS_9allocatorISB_EEEEEptB6v15007Ev CODE
 0001:00016520 0000001bH .text$_ZNKSt3__110unique_ptrINS_11__hash_nodeINS_17__hash_value_typeIPN6System7Typinfo9TTypeInfoEPSt9type_infoEEPvEENS_22__hash_node_destructorINS_9allocatorISB_EEEEE3getB6v15007Ev CODE
 0001:00016540 0000003bH .text$_ZNSt3__110unique_ptrINS_11__hash_nodeINS_17__hash_value_typeIPN6System7Typinfo9TTypeInfoEPSt9type_infoEEPvEENS_22__hash_node_destructorINS_9allocatorISB_EEEEE7releaseB6v15007Ev CODE
 0001:00016580 0000001dH .text$_ZNSt3__110unique_ptrINS_11__hash_nodeINS_17__hash_value_typeIPN6System7Typinfo9TTypeInfoEPSt9type_infoEEPvEENS_22__hash_node_destructorINS_9allocatorISB_EEEEED2B6v15007Ev CODE
 0001:000165a0 00000024H .text$_ZNSt3__115__hash_iteratorIPNS_11__hash_nodeINS_17__hash_value_typeIPN6System7Typinfo9TTypeInfoEPSt9type_infoEEPvEEEC2B6v15007EPNS_16__hash_node_baseISC_EEPKv CODE
 0001:000165d0 00000033H .text$_ZNSt3__14pairINS_15__hash_iteratorIPNS_11__hash_nodeINS_17__hash_value_typeIPN6System7Typinfo9TTypeInfoEPSt9type_infoEEPvEEEEbEC2B6v15007ISE_RbLSB_0EEEOT_OT0_ CODE
 0001:00016610 00000019H .text$_ZNSt3__117__compressed_pairIyNS_22__unordered_map_hasherIPN6System7Typinfo9TTypeInfoENS_17__hash_value_typeIS5_PSt9type_infoEENS_4hashIS5_EENS_8equal_toIS5_EELb1EEEE6secondB6v15007Ev CODE
 0001:00016630 0000000bH .text$_ZNSt3__122__compressed_pair_elemINS_22__unordered_map_hasherIPN6System7Typinfo9TTypeInfoENS_17__hash_value_typeIS5_PSt9type_infoEENS_4hashIS5_EENS_8equal_toIS5_EELb1EEELi1ELb1EE5__getB6v15007Ev CODE
 0001:00016640 0000004aH .text$_ZNKSt3__14hashIPN6System7Typinfo9TTypeInfoEEclB6v15007ES4_ CODE
 0001:00016690 00000501H .text$_ZNSt3__121__murmur2_or_cityhashIyLy64EEclEPKvy CODE
 0001:00016ba0 0000019dH .text$_ZNSt3__121__murmur2_or_cityhashIyLy64EE18__hash_len_0_to_16EPKcy CODE
 0001:00016d40 0000010cH .text$_ZNSt3__121__murmur2_or_cityhashIyLy64EE19__hash_len_17_to_32EPKcy CODE
 0001:00016e50 00000339H .text$_ZNSt3__121__murmur2_or_cityhashIyLy64EE19__hash_len_33_to_64EPKcy CODE
 0001:00017190 0000001eH .text$_ZNSt3__110__loadwordB6v15007IyEET_PKv CODE
 0001:000171b0 00000095H .text$_ZNSt3__121__murmur2_or_cityhashIyLy64EE13__hash_len_16Eyy CODE
 0001:00017250 000000b0H .text$_ZNSt3__121__murmur2_or_cityhashIyLy64EE29__weak_hash_len_32_with_seedsEPKcyy CODE
 0001:00017300 00000058H .text$_ZNSt3__121__murmur2_or_cityhashIyLy64EE8__rotateEyi CODE
 0001:00017360 0000002dH .text$_ZNSt3__14pairIyyEaSB6v15007EOS1_ CODE
 0001:00017390 0000003bH .text$_ZNSt3__14swapB6v15007IyEENS_9enable_ifIXaasr21is_move_constructibleIT_EE5valuesr18is_move_assignableIS2_EE5valueEvE4typeERS2_S5_ CODE
 0001:000173d0 00000016H .text$_ZNSt3__121__murmur2_or_cityhashIyLy64EE11__shift_mixEy CODE
 0001:000173f0 00000037H .text$_ZNSt3__121__murmur2_or_cityhashIyLy64EE22__rotate_by_at_least_1Eyi CODE
 0001:00017430 0000001dH .text$_ZNSt3__110__loadwordB6v15007IjEET_PKv CODE
 0001:00017450 0000011aH .text$_ZNSt3__121__murmur2_or_cityhashIyLy64EE29__weak_hash_len_32_with_seedsEyyyyyy CODE
 0001:00017570 00000032H .text$_ZNSt3__14pairIyyEC2B6v15007IyyLPv0EEEOT_OT0_ CODE
 0001:000175b0 00000019H .text$_ZNKSt3__110unique_ptrIA_PNS_16__hash_node_baseIPNS_11__hash_nodeINS_17__hash_value_typeIPN6System7Typinfo9TTypeInfoEPSt9type_infoEEPvEEEENS_25__bucket_list_deallocatorINS_9allocatorISF_EEEEE11get_deleterB6v15007Ev CODE
 0001:000175d0 0000001bH .text$_ZNKSt3__125__bucket_list_deallocatorINS_9allocatorIPNS_16__hash_node_baseIPNS_11__hash_nodeINS_17__hash_value_typeIPN6System7Typinfo9TTypeInfoEPSt9type_infoEEPvEEEEEEE4sizeB6v15007Ev CODE
 0001:000175f0 0000001dH .text$_ZNKSt3__117__compressed_pairIPPNS_16__hash_node_baseIPNS_11__hash_nodeINS_17__hash_value_typeIPN6System7Typinfo9TTypeInfoEPSt9type_infoEEPvEEEENS_25__bucket_list_deallocatorINS_9allocatorISF_EEEEE6secondB6v15007Ev CODE
[...]
 0002:00012f08       $unwind$_ZN6System8Internal7Initcpp23SelectForInitializationEPPNS1_20TUnitDescriptorBlockES4_ 0000000140032f08     rtl:System.Internal.InitCPP.o
 0002:00012f0c       $unwind$_ZN6System8Internal7Initcpp15InitializeUnitsEPNS1_20TUnitDescriptorBlockES3_ 0000000140032f0c     rtl:System.Internal.InitCPP.o
 0002:00012f18       $unwind$_ZN6System8Internal7Initcpp13FinalizeUnitsEPNS1_20TUnitDescriptorBlockES3_ 0000000140032f18     rtl:System.Internal.InitCPP.o
 0002:00012f20       $unwind$_ZN6System8Internal7Initcpp15InitializeUnitsEPPNS1_20TUnitDescriptorBlockES4_ 0000000140032f20     rtl:System.Internal.InitCPP.o
 0002:00012f2c       $unwind$_ZN6System8Internal7Initcpp13FinalizeUnitsEPPNS1_20TUnitDescriptorBlockES4_ 0000000140032f2c     rtl:System.Internal.InitCPP.o
 0002:00012f34       $unwind$_ZN6System8Internal7Initcpp15InitializeUnitsEPNS1_15TUnitDescriptorES3_ 0000000140032f34     rtl:System.Internal.InitCPP.o
 0002:00012f3c       $unwind$_ZN6System8Internal7Initcpp13FinalizeUnitsEPNS1_15TUnitDescriptorES3_ 0000000140032f3c     rtl:System.Internal.InitCPP.o
 0002:00012f44       $unwind$_ZN6System8Internal7Initcpp15CalculateDegreeEPNS1_20TUnitDescriptorBlockES3_ 0000000140032f44     rtl:System.Internal.InitCPP.o
 0002:00012f48       $unwind$_ZN6System8Internal7Initcpp15CalculateDegreeEPPNS1_20TUnitDescriptorBlockES4_ 0000000140032f48     rtl:System.Internal.InitCPP.o
 0002:00012f4c       $unwind$_ZN6System8Internal7Initcpp16FinalizeUnitListEPPPNS1_15TUnitDescriptorES5_ 0000000140032f4c     rtl:System.Internal.InitCPP.o
 0002:00012f88       $unwind$_ZN6System8Internal7Initcpp18InitializeRootUnitEPNS1_15TUnitDescriptorE 0000000140032f88     rtl:System.Internal.InitCPP.o
 0002:0001303c       $unwind$_ZN6System8Internal7Initcpp16FinalizeRootUnitEPNS1_15TUnitDescriptorE 000000014003303c     rtl:System.Internal.InitCPP.o
 0002:00013078       $unwind$_ZN6System8Internal7Initcpp12FinalizationEv 0000000140033078     rtl:System.Internal.InitCPP.o
 0002:0001307c       $unwind$_ZN6System8Internal7Initcpp14initializationEv 000000014003307c     rtl:System.Internal.InitCPP.o
 0004:00000000       version_string             0000000140035000     crtbegin.o
 0004:000000e8       _ZN7Sysinit6ModuleE        00000001400350e8     sysinit.o
 0004:00000120       _ZN7Sysinit7TlsProcE       0000000140035120     sysinit.o
 0004:00000140       _ZN7Sysinit21_dtors_delayhlp_65535E 0000000140035140     sysinit.o
 0004:00000160       initial_tznames            0000000140035160     libucrt:lib64_libucrt_extra_a-ucrtbase_compat.o
 0004:00000178       initial_timezone           0000000140035178     libucrt:lib64_libucrt_extra_a-ucrtbase_compat.o
 0004:00000188       initial_daylight           0000000140035188     libucrt:lib64_libucrt_extra_a-ucrtbase_compat.o
 0004:000001c8       initial_tzname0            00000001400351c8     libucrt:lib64_libucrt_extra_a-ucrtbase_compat.o
 0004:000001cc       initial_tzname1            00000001400351cc     libucrt:lib64_libucrt_extra_a-ucrtbase_compat.o
 0004:000001e0       __do_global_dtors.p        00000001400351e0     libmingw32:lib64_libmingw32_a-gccmain.o
 0004:00000200       _ZZN6System19CheckSafecallResultElE13__init_comobj 0000000140035200     rtle:syssupp.o
 0004:0000023c       managedapp                 000000014003523c     crt2u.o
 0004:00000240       startinfo                  0000000140035240     crt2u.o
 0004:00000244       argc                       0000000140035244     crt2u.o
 0004:00000248       argv                       0000000140035248     crt2u.o
 0004:00000250       envp                       0000000140035250     crt2u.o
 0004:00000258       argret                     0000000140035258     crt2u.o
 0004:0000025c       has_cctor                  000000014003525c     crt2u.o
 0004:00000260       mainret                    0000000140035260     crt2u.o
 0004:000002a8       _ZN7Sysinit2_1E            00000001400352a8     sysinit.o
 0004:000002b0       _ZN7Sysinit9tlsBufferE     00000001400352b0     sysinit.o
 0004:000002b8       _ZN7Sysinit9UseTlsAPIE     00000001400352b8     sysinit.o
 0004:000002c0       .bss.delayhlp              00000001400352c0     sysinit.o
 0004:000002c0       ..__puiHead                00000001400352c0     sysinit.o
 0004:00000330       local__initenv             0000000140035330     libucrt:lib64_libucrt_extra_a-__initenv.o
 0004:00000338       local__winitenv            0000000140035338     libucrt:lib64_libucrt_extra_a-__initenv.o
 0004:00000340       initialized                0000000140035340     libmingw32:lib64_libmingw32_a-gccmain.o
 0004:00000378       _pei386_runtime_relocator.was_init 0000000140035378     libmingw32:lib64_libmingw32_a-pseudo-reloc.o
 0004:00000380       the_secs                   0000000140035380     libmingw32:lib64_libmingw32_a-pseudo-reloc.o
 0004:00000388       maxSections                0000000140035388     libmingw32:lib64_libmingw32_a-pseudo-reloc.o
 0004:00000390       stUserMathErr              0000000140035390     libmingw32:lib64_libmingw32_a-usermatherr.o
 0004:000003b0       _ZZ18__delphi_type_infoE15type_info_mutex 00000001400353b0     rtle:syssupp.o
 0004:000003b8       _ZZ18__delphi_type_infoE13type_info_map 00000001400353b8     rtle:syssupp.o
 0004:000003e0       _ZGVZ18__delphi_type_infoE13type_info_map 00000001400353e0     rtle:syssupp.o
 0004:000003f0       __mingwthr_cs_init         00000001400353f0     libmingw32:lib64_libmingw32_a-tlsthrd.o
 0004:000003f8       __mingwthr_cs              00000001400353f8     libmingw32:lib64_libmingw32_a-tlsthrd.o
 0004:00000420       key_dtor_list              0000000140035420     libmingw32:lib64_libmingw32_a-tlsthrd.o
 0004:0000042c       _ZN6System8Internal7Strhlpr2_1E 000000014003542c     rtl:System.Internal.StrHlpr.o
 0004:00000430       _ZN6System8Internal7Initcpp2_1E 0000000140035430     rtl:System.Internal.InitCPP.o
 0005:0000006c       $pdata$_ZN7Sysinit19InterlockedExchangeERii 000000014003606c     sysinit.o
 0005:00000078       $pdata$_ZN7Sysinit26InterlockedExchangePointerERPvS0_ 0000000140036078     sysinit.o
 0005:00000084       $pdata$_ZN7Sysinit17SetDliNotifyHook2EPFPv15dliNotificationP13DelayLoadInfoE 0000000140036084     sysinit.o
 0005:00000090       $pdata$_ZN7Sysinit14DliNotifyHook2Ev 0000000140036090     sysinit.o
 0005:0000009c       $pdata$_ZN7Sysinit18SetDliFailureHook2EPFPv15dliNotificationP13DelayLoadInfoE 000000014003609c     sysinit.o
 0005:000000a8       $pdata$_ZN7Sysinit15DliFailureHook2Ev 00000001400360a8     sysinit.o
 0005:000000b4       $pdata$_ZN7Sysinit17_DelayLoadHelper2ERPvS0_ 00000001400360b4     sysinit.o
 0005:000000c0       $pdata$_ZN7Sysinit21UnloadDelayLoadedDLL2EPc 00000001400360c0     sysinit.o
 0005:000000cc       $pdata$_ZN7Sysinit20LoadAllImportsForDllEPc 00000001400360cc     sysinit.o
 0005:000000d8       $pdata$_ZN7Sysinit14AllocTlsBufferEi 00000001400360d8     sysinit.o
 0005:000000e4       $pdata$_ZN7Sysinit10GetTlsSizeEv 00000001400360e4     sysinit.o
 0005:000000f0       $pdata$_ZN7Sysinit13InitThreadTLSEv 00000001400360f0     sysinit.o
 0005:000000fc       $pdata$_ZN7Sysinit14InitProcessTLSEv 00000001400360fc     sysinit.o
 0005:00000108       $pdata$_ZN7Sysinit13ExitThreadTLSEv 0000000140036108     sysinit.o
 0005:00000114       $pdata$_ZN7Sysinit14ExitProcessTLSEv 0000000140036114     sysinit.o
 0005:00000120       $pdata$_ZN7Sysinit6isWineEv 0000000140036120     sysinit.o
 0005:0000012c       $pdata$_ZN7Sysinit7_GetTlsEv 000000014003612c     sysinit.o
 0005:00000138       $pdata$_ZN7Sysinit16InitializeModuleEv 0000000140036138     sysinit.o
 0005:00000144       $pdata$_ZN7Sysinit18UninitializeModuleEv 0000000140036144     sysinit.o
 0005:00000150       $pdata$_ZN7Sysinit7VclInitEbbyb 0000000140036150     sysinit.o
 0005:0000015c       $pdata$_ZN7Sysinit7VclExitEv 000000014003615c     sysinit.o
 0005:00000168       $pdata$_ZN7Sysinit14__dbkDummyProcEv 0000000140036168     sysinit.o
 0005:00000174       $pdata$_ZN7Sysinit14__dbkFCallArgsEPvS0_S0_S0_S0_S0_S0_S0_S0_S0_S0_S0_S0_S0_S0_S0_S0_S0_S0_S0_S0_S0_S0_S0_S0_S0_S0_S0_S0_S0_ 0000000140036174     sysinit.o
 0005:00000180       $pdata$_ZN7Sysinit19__dbk_fcall_wrapperEv 0000000140036180     sysinit.o
 0005:00000198       $pdata$_ZN7Sysinit8_InitPkgEyiPv 0000000140036198     sysinit.o
 0005:000001a4       $pdata$_ZN7Sysinit12_PackageLoadEPN6System16PackageInfoTableE 00000001400361a4     sysinit.o
 0005:000001b0       $pdata$_ZN7Sysinit14_PackageUnloadEPN6System16PackageInfoTableE 00000001400361b0     sysinit.o
 0005:000001bc       $pdata$_ZN7Sysinit8_InitLibEPN6System12TInitContextEPNS0_16PackageInfoTableEyjPv 00000001400361bc     sysinit.o
 0005:000001c8       $pdata$_ZN7Sysinit8_InitExeEPv 00000001400361c8     sysinit.o
 0005:000001d4       $pdata$delayhlp            00000001400361d4     sysinit.o
 0005:00000204       $pdata$_ZN7Sysinit12FinalizationEv 0000000140036204     sysinit.o
 0005:00000210       $pdata$_ZN7Sysinit14initializationEv 0000000140036210     sysinit.o
 0005:000030b4       $pdata$_ZN6System8Internal7Strhlpr15UnicodeFromAnsiERNS_13UnicodeStringERNS_11AnsiStringTILt65535EEE 00000001400390b4     rtl:System.Internal.StrHlpr.o
 0005:000030c0       $pdata$_ZN6System8Internal7Strhlpr16UnicodeFromPCharERNS_13UnicodeStringEPcb 00000001400390c0     rtl:System.Internal.StrHlpr.o
 0005:000030d8       $pdata$_ZN6System8Internal7Strhlpr15UnicodeFromUTF8ERNS_13UnicodeStringEPKc 00000001400390d8     rtl:System.Internal.StrHlpr.o
 0005:000030e4       $pdata$_ZN6System8Internal7Strhlpr20UnicodeFromPWideCharERNS_13UnicodeStringEPw 00000001400390e4     rtl:System.Internal.StrHlpr.o
 0005:000030f0       $pdata$_ZN6System8Internal7Strhlpr13UnicodeAppendERNS_13UnicodeStringES3_ 00000001400390f0     rtl:System.Internal.StrHlpr.o
 0005:000030fc       $pdata$_ZN6System8Internal7Strhlpr10UnicodeCatERNS_13UnicodeStringES3_ 00000001400390fc     rtl:System.Internal.StrHlpr.o
 0005:00003108       $pdata$_ZN6System8Internal7Strhlpr13UnicodeDeleteERNS_13UnicodeStringEii 0000000140039108     rtl:System.Internal.StrHlpr.o
 0005:00003114       $pdata$_ZN6System8Internal7Strhlpr16UnicodeSetLengthERNS_13UnicodeStringEi 0000000140039114     rtl:System.Internal.StrHlpr.o
 0005:00003120       $pdata$_ZN6System8Internal7Strhlpr10UnicodePosERNS_13UnicodeStringES3_ 0000000140039120     rtl:System.Internal.StrHlpr.o
 0005:0000312c       $pdata$_ZN6System8Internal7Strhlpr11UnicodeCopyERNS_13UnicodeStringEii 000000014003912c     rtl:System.Internal.StrHlpr.o
 0005:00003138       $pdata$_ZN6System8Internal7Strhlpr13UnicodeInsertERNS_13UnicodeStringES3_i 0000000140039138     rtl:System.Internal.StrHlpr.o
 0005:00003144       $pdata$_ZN6System8Internal7Strhlpr13UnicodeAssignERNS_13UnicodeStringES3_ 0000000140039144     rtl:System.Internal.StrHlpr.o
 0005:00003150       $pdata$_ZN6System8Internal7Strhlpr11UnicodeFreeERNS_13UnicodeStringE 0000000140039150     rtl:System.Internal.StrHlpr.o
 0005:0000315c       $pdata$_ZN6System8Internal7Strhlpr12UnicodeEqualERNS_13UnicodeStringES3_ 000000014003915c     rtl:System.Internal.StrHlpr.o
 0005:00003168       $pdata$_ZN6System8Internal7Strhlpr11UnicodeLessERNS_13UnicodeStringES3_ 0000000140039168     rtl:System.Internal.StrHlpr.o
 0005:00003174       $pdata$_ZN6System8Internal7Strhlpr14UnicodeGreaterERNS_13UnicodeStringES3_ 0000000140039174     rtl:System.Internal.StrHlpr.o
 0005:00003180       $pdata$_ZN6System8Internal7Strhlpr10AnsiAppendERNS_11AnsiStringTILt65535EEES4_ 0000000140039180     rtl:System.Internal.StrHlpr.o
 0005:0000318c       $pdata$_ZN6System8Internal7Strhlpr7AnsiCatERNS_11AnsiStringTILt65535EEES4_ 000000014003918c     rtl:System.Internal.StrHlpr.o
 0005:00003198       $pdata$_ZN6System8Internal7Strhlpr10AnsiDeleteERNS_11AnsiStringTILt65535EEEii 0000000140039198     rtl:System.Internal.StrHlpr.o
 0005:000031a4       $pdata$_ZN6System8Internal7Strhlpr13AnsiSetLengthERNS_11AnsiStringTILt65535EEEi 00000001400391a4     rtl:System.Internal.StrHlpr.o
 0005:000031b0       $pdata$_ZN6System8Internal7Strhlpr7AnsiPosERNS_11AnsiStringTILt65535EEES4_ 00000001400391b0     rtl:System.Internal.StrHlpr.o
 0005:000031bc       $pdata$_ZN6System8Internal7Strhlpr8AnsiCopyERNS_11AnsiStringTILt65535EEEii 00000001400391bc     rtl:System.Internal.StrHlpr.o
 0005:000031c8       $pdata$_ZN6System8Internal7Strhlpr10AnsiInsertERNS_11AnsiStringTILt65535EEES4_i 00000001400391c8     rtl:System.Internal.StrHlpr.o
 0005:000031d4       $pdata$_ZN6System8Internal7Strhlpr9AnsiEqualERNS_11AnsiStringTILt65535EEES4_ 00000001400391d4     rtl:System.Internal.StrHlpr.o
 0005:000031e0       $pdata$_ZN6System8Internal7Strhlpr11AnsiGreaterERNS_11AnsiStringTILt65535EEES4_ 00000001400391e0     rtl:System.Internal.StrHlpr.o
 0005:000031ec       $pdata$_ZN6System8Internal7Strhlpr8AnsiLessERNS_11AnsiStringTILt65535EEES4_ 00000001400391ec     rtl:System.Internal.StrHlpr.o
 0005:000031f8       $pdata$_ZN6System8Internal7Strhlpr10AnsiAssignERNS_11AnsiStringTILt65535EEES4_ 00000001400391f8     rtl:System.Internal.StrHlpr.o
 0005:00003204       $pdata$_ZN6System8Internal7Strhlpr8AnsiFreeERNS_11AnsiStringTILt65535EEE 0000000140039204     rtl:System.Internal.StrHlpr.o
 0005:00003210       $pdata$_ZN6System8Internal7Strhlpr10WideAssignERNS_10WideStringES3_ 0000000140039210     rtl:System.Internal.StrHlpr.o
 0005:0000321c       $pdata$_ZN6System8Internal7Strhlpr8WideFreeERNS_10WideStringE 000000014003921c     rtl:System.Internal.StrHlpr.o
 0005:00003228       $pdata$_ZN6System8Internal7Strhlpr12WideFromAnsiERNS_10WideStringERNS_11AnsiStringTILt65535EEE 0000000140039228     rtl:System.Internal.StrHlpr.o
 0005:00003234       $pdata$_ZN6System8Internal7Strhlpr15WideFromUnicodeERNS_10WideStringERNS_13UnicodeStringE 0000000140039234     rtl:System.Internal.StrHlpr.o
 0005:00003240       $pdata$_ZN6System8Internal7Strhlpr13WideFromPCharERNS_10WideStringEPcb 0000000140039240     rtl:System.Internal.StrHlpr.o
 0005:00003258       $pdata$_ZN6System8Internal7Strhlpr9WideEqualERNS_10WideStringES3_ 0000000140039258     rtl:System.Internal.StrHlpr.o
 0005:00003264       $pdata$_ZN6System8Internal7Strhlpr8WideLessERNS_10WideStringES3_ 0000000140039264     rtl:System.Internal.StrHlpr.o
 0005:00003270       $pdata$_ZN6System8Internal7Strhlpr11WideGreaterERNS_10WideStringES3_ 0000000140039270     rtl:System.Internal.StrHlpr.o
 0005:0000327c       $pdata$_ZN6System8Internal7Strhlpr7WideCatERNS_10WideStringES3_ 000000014003927c     rtl:System.Internal.StrHlpr.o
 0005:00003288       $pdata$_ZN6System8Internal7Strhlpr10WideLengthERNS_10WideStringE 0000000140039288     rtl:System.Internal.StrHlpr.o
 0005:00003294       $pdata$_ZN6System8Internal7Strhlpr7WidePosERNS_10WideStringES3_ 0000000140039294     rtl:System.Internal.StrHlpr.o
 0005:000032a0       $pdata$_ZN6System8Internal7Strhlpr13WideSetLengthERNS_10WideStringEi 00000001400392a0     rtl:System.Internal.StrHlpr.o
 0005:000032ac       $pdata$_ZN6System8Internal7Strhlpr10WideDeleteERNS_10WideStringEii 00000001400392ac     rtl:System.Internal.StrHlpr.o
 0005:000032b8       $pdata$_ZN6System8Internal7Strhlpr10WideInsertERNS_10WideStringES3_i 00000001400392b8     rtl:System.Internal.StrHlpr.o
 0005:000032c4       $pdata$_ZN6System8Internal7Strhlpr8WideCopyERNS_10WideStringEii 00000001400392c4     rtl:System.Internal.StrHlpr.o
 0005:000032d0       $pdata$_ZN6System8Internal7Strhlpr10WideAppendERNS_10WideStringES3_ 00000001400392d0     rtl:System.Internal.StrHlpr.o
 0005:000032dc       $pdata$_ZN6System8Internal7Strhlpr12WideFromUTF8ERNS_10WideStringEPKc 00000001400392dc     rtl:System.Internal.StrHlpr.o
 0005:000032f4       $pdata$_ZN6System8Internal7Strhlpr15UnicodeFromWideERNS_13UnicodeStringERNS_10WideStringE 00000001400392f4     rtl:System.Internal.StrHlpr.o
 0005:00003300       $pdata$_ZN6System8Internal7Strhlpr12FinalizationEv 0000000140039300     rtl:System.Internal.StrHlpr.o
 0005:0000330c       $pdata$_ZN6System8Internal7Strhlpr14initializationEv 000000014003930c     rtl:System.Internal.StrHlpr.o
 0005:0000336c       $pdata$_ZN6System8Internal7Initcpp23SelectForInitializationEPNS1_20TUnitDescriptorBlockES3_ 000000014003936c     rtl:System.Internal.InitCPP.o
 0005:00003378       $pdata$_ZN6System8Internal7Initcpp23SelectForInitializationEPPNS1_20TUnitDescriptorBlockES4_ 0000000140039378     rtl:System.Internal.InitCPP.o
 0005:00003384       $pdata$_ZN6System8Internal7Initcpp15InitializeUnitsEPNS1_20TUnitDescriptorBlockES3_ 0000000140039384     rtl:System.Internal.InitCPP.o
 0005:00003390       $pdata$_ZN6System8Internal7Initcpp13FinalizeUnitsEPNS1_20TUnitDescriptorBlockES3_ 0000000140039390     rtl:System.Internal.InitCPP.o
 0005:0000339c       $pdata$_ZN6System8Internal7Initcpp15InitializeUnitsEPPNS1_20TUnitDescriptorBlockES4_ 000000014003939c     rtl:System.Internal.InitCPP.o
 0005:000033a8       $pdata$_ZN6System8Internal7Initcpp13FinalizeUnitsEPPNS1_20TUnitDescriptorBlockES4_ 00000001400393a8     rtl:System.Internal.InitCPP.o
 0005:000033b4       $pdata$_ZN6System8Internal7Initcpp15InitializeUnitsEPNS1_15TUnitDescriptorES3_ 00000001400393b4     rtl:System.Internal.InitCPP.o
 0005:000033c0       $pdata$_ZN6System8Internal7Initcpp13FinalizeUnitsEPNS1_15TUnitDescriptorES3_ 00000001400393c0     rtl:System.Internal.InitCPP.o
 0005:000033cc       $pdata$_ZN6System8Internal7Initcpp15CalculateDegreeEPNS1_20TUnitDescriptorBlockES3_ 00000001400393cc     rtl:System.Internal.InitCPP.o
 0005:000033d8       $pdata$_ZN6System8Internal7Initcpp15CalculateDegreeEPPNS1_20TUnitDescriptorBlockES4_ 00000001400393d8     rtl:System.Internal.InitCPP.o
 0005:000033e4       $pdata$_ZN6System8Internal7Initcpp16FinalizeUnitListEPPPNS1_15TUnitDescriptorES5_ 00000001400393e4     rtl:System.Internal.InitCPP.o
 0005:000033fc       $pdata$_ZN6System8Internal7Initcpp18InitializeRootUnitEPNS1_15TUnitDescriptorE 00000001400393fc     rtl:System.Internal.InitCPP.o
 0005:00003438       $pdata$_ZN6System8Internal7Initcpp16FinalizeRootUnitEPNS1_15TUnitDescriptorE 0000000140039438     rtl:System.Internal.InitCPP.o
 0005:00003450       $pdata$_ZN6System8Internal7Initcpp12FinalizationEv 0000000140039450     rtl:System.Internal.InitCPP.o
 0005:0000345c       $pdata$_ZN6System8Internal7Initcpp14initializationEv 000000014003945c     rtl:System.Internal.InitCPP.o
 000b:000003b0       $R000000                   000000014003f3b0     internal .obj file created from .res files
 000b:000005a8       $R000001                   000000014003f5a8     internal .obj file created from .res files
 000b:00000888       $R000002                   000000014003f888     internal .obj file created from .res files
 000b:00000a88       $R000003                   000000014003fa88     internal .obj file created from .res files
 000b:000020b0       $R000004                   00000001400410b0     internal .obj file created from .res files
 000b:00002f58       $R000005                   0000000140041f58     internal .obj file created from .res files
 000b:00003800       $R000006                   0000000140042800     internal .obj file created from .res files
 000b:00003d68       $R000007                   0000000140042d68     internal .obj file created from .res files
 000b:0000a228       $R000008                   0000000140049228     internal .obj file created from .res files
 000b:0001aa50       $R000009                   0000000140059a50     internal .obj file created from .res files
 000b:0001ec78       $R00000A                   000000014005dc78     internal .obj file created from .res files
 000b:0001f600       $R00000B                   000000014005e600     internal .obj file created from .res files
 000b:0001fa68       $R00000C                   000000014005ea68     internal .obj file created from .res files
 000b:0001faf0       $R00000D                   000000014005eaf0     internal .obj file created from .res files
 000b:00020200       $R00000E                   000000014005f200     internal .obj file created from .res files
